###############################################################################
#
# IAR ELF Linker V7.40.3.8902/W32 for ARM                 25/Sep/2017  23:46:57
# Copyright 2007-2015 IAR Systems AB.
#
#    Output file  =  
#        C:\GIT\RobotArm2k17\STM32F4\RobotArm\EWARM\RobotArm\Exe\RobotArm.out
#    Map file     =  
#        C:\GIT\RobotArm2k17\STM32F4\RobotArm\EWARM\RobotArm/List\RobotArm.map
#    Command line =  
#        C:\GIT\RobotArm2k17\STM32F4\RobotArm\EWARM\RobotArm\Obj\cmsis_os.o
#        C:\GIT\RobotArm2k17\STM32F4\RobotArm\EWARM\RobotArm\Obj\croutine.o
#        C:\GIT\RobotArm2k17\STM32F4\RobotArm\EWARM\RobotArm\Obj\event_groups.o
#        C:\GIT\RobotArm2k17\STM32F4\RobotArm\EWARM\RobotArm\Obj\freertos.o
#        C:\GIT\RobotArm2k17\STM32F4\RobotArm\EWARM\RobotArm\Obj\heap_4.o
#        C:\GIT\RobotArm2k17\STM32F4\RobotArm\EWARM\RobotArm\Obj\ili9341.o
#        C:\GIT\RobotArm2k17\STM32F4\RobotArm\EWARM\RobotArm\Obj\l3gd20.o
#        C:\GIT\RobotArm2k17\STM32F4\RobotArm\EWARM\RobotArm\Obj\list.o
#        C:\GIT\RobotArm2k17\STM32F4\RobotArm\EWARM\RobotArm\Obj\main.o
#        C:\GIT\RobotArm2k17\STM32F4\RobotArm\EWARM\RobotArm\Obj\port.o
#        C:\GIT\RobotArm2k17\STM32F4\RobotArm\EWARM\RobotArm\Obj\portasm.o
#        C:\GIT\RobotArm2k17\STM32F4\RobotArm\EWARM\RobotArm\Obj\queue.o
#        C:\GIT\RobotArm2k17\STM32F4\RobotArm\EWARM\RobotArm\Obj\startup_stm32f429xx.o
#        C:\GIT\RobotArm2k17\STM32F4\RobotArm\EWARM\RobotArm\Obj\stm32f429i_discovery.o
#        C:\GIT\RobotArm2k17\STM32F4\RobotArm\EWARM\RobotArm\Obj\stm32f429i_discovery_gyroscope.o
#        C:\GIT\RobotArm2k17\STM32F4\RobotArm\EWARM\RobotArm\Obj\stm32f429i_discovery_io.o
#        C:\GIT\RobotArm2k17\STM32F4\RobotArm\EWARM\RobotArm\Obj\stm32f429i_discovery_lcd.o
#        C:\GIT\RobotArm2k17\STM32F4\RobotArm\EWARM\RobotArm\Obj\stm32f429i_discovery_sdram.o
#        C:\GIT\RobotArm2k17\STM32F4\RobotArm\EWARM\RobotArm\Obj\stm32f429i_discovery_ts.o
#        C:\GIT\RobotArm2k17\STM32F4\RobotArm\EWARM\RobotArm\Obj\stm32f4xx_hal.o
#        C:\GIT\RobotArm2k17\STM32F4\RobotArm\EWARM\RobotArm\Obj\stm32f4xx_hal_cortex.o
#        C:\GIT\RobotArm2k17\STM32F4\RobotArm\EWARM\RobotArm\Obj\stm32f4xx_hal_dma.o
#        C:\GIT\RobotArm2k17\STM32F4\RobotArm\EWARM\RobotArm\Obj\stm32f4xx_hal_dma2d.o
#        C:\GIT\RobotArm2k17\STM32F4\RobotArm\EWARM\RobotArm\Obj\stm32f4xx_hal_dma_ex.o
#        C:\GIT\RobotArm2k17\STM32F4\RobotArm\EWARM\RobotArm\Obj\stm32f4xx_hal_dsi.o
#        C:\GIT\RobotArm2k17\STM32F4\RobotArm\EWARM\RobotArm\Obj\stm32f4xx_hal_flash.o
#        C:\GIT\RobotArm2k17\STM32F4\RobotArm\EWARM\RobotArm\Obj\stm32f4xx_hal_flash_ex.o
#        C:\GIT\RobotArm2k17\STM32F4\RobotArm\EWARM\RobotArm\Obj\stm32f4xx_hal_flash_ramfunc.o
#        C:\GIT\RobotArm2k17\STM32F4\RobotArm\EWARM\RobotArm\Obj\stm32f4xx_hal_gpio.o
#        C:\GIT\RobotArm2k17\STM32F4\RobotArm\EWARM\RobotArm\Obj\stm32f4xx_hal_i2c.o
#        C:\GIT\RobotArm2k17\STM32F4\RobotArm\EWARM\RobotArm\Obj\stm32f4xx_hal_i2c_ex.o
#        C:\GIT\RobotArm2k17\STM32F4\RobotArm\EWARM\RobotArm\Obj\stm32f4xx_hal_ltdc.o
#        C:\GIT\RobotArm2k17\STM32F4\RobotArm\EWARM\RobotArm\Obj\stm32f4xx_hal_ltdc_ex.o
#        C:\GIT\RobotArm2k17\STM32F4\RobotArm\EWARM\RobotArm\Obj\stm32f4xx_hal_msp.o
#        C:\GIT\RobotArm2k17\STM32F4\RobotArm\EWARM\RobotArm\Obj\stm32f4xx_hal_pcd.o
#        C:\GIT\RobotArm2k17\STM32F4\RobotArm\EWARM\RobotArm\Obj\stm32f4xx_hal_pcd_ex.o
#        C:\GIT\RobotArm2k17\STM32F4\RobotArm\EWARM\RobotArm\Obj\stm32f4xx_hal_pwr.o
#        C:\GIT\RobotArm2k17\STM32F4\RobotArm\EWARM\RobotArm\Obj\stm32f4xx_hal_pwr_ex.o
#        C:\GIT\RobotArm2k17\STM32F4\RobotArm\EWARM\RobotArm\Obj\stm32f4xx_hal_rcc.o
#        C:\GIT\RobotArm2k17\STM32F4\RobotArm\EWARM\RobotArm\Obj\stm32f4xx_hal_rcc_ex.o
#        C:\GIT\RobotArm2k17\STM32F4\RobotArm\EWARM\RobotArm\Obj\stm32f4xx_hal_rng.o
#        C:\GIT\RobotArm2k17\STM32F4\RobotArm\EWARM\RobotArm\Obj\stm32f4xx_hal_sdram.o
#        C:\GIT\RobotArm2k17\STM32F4\RobotArm\EWARM\RobotArm\Obj\stm32f4xx_hal_spi.o
#        C:\GIT\RobotArm2k17\STM32F4\RobotArm\EWARM\RobotArm\Obj\stm32f4xx_hal_tim.o
#        C:\GIT\RobotArm2k17\STM32F4\RobotArm\EWARM\RobotArm\Obj\stm32f4xx_hal_tim_ex.o
#        C:\GIT\RobotArm2k17\STM32F4\RobotArm\EWARM\RobotArm\Obj\stm32f4xx_hal_timebase_TIM.o
#        C:\GIT\RobotArm2k17\STM32F4\RobotArm\EWARM\RobotArm\Obj\stm32f4xx_hal_uart.o
#        C:\GIT\RobotArm2k17\STM32F4\RobotArm\EWARM\RobotArm\Obj\stm32f4xx_it.o
#        C:\GIT\RobotArm2k17\STM32F4\RobotArm\EWARM\RobotArm\Obj\stm32f4xx_ll_fmc.o
#        C:\GIT\RobotArm2k17\STM32F4\RobotArm\EWARM\RobotArm\Obj\stm32f4xx_ll_usb.o
#        C:\GIT\RobotArm2k17\STM32F4\RobotArm\EWARM\RobotArm\Obj\stmpe811.o
#        C:\GIT\RobotArm2k17\STM32F4\RobotArm\EWARM\RobotArm\Obj\system_stm32f4xx.o
#        C:\GIT\RobotArm2k17\STM32F4\RobotArm\EWARM\RobotArm\Obj\tasks.o
#        C:\GIT\RobotArm2k17\STM32F4\RobotArm\EWARM\RobotArm\Obj\timers.o
#        C:\GIT\RobotArm2k17\STM32F4\RobotArm\EWARM\RobotArm\Obj\ts_calibration.o
#        C:\GIT\RobotArm2k17\STM32F4\RobotArm\EWARM\RobotArm\Obj\usb_device.o
#        C:\GIT\RobotArm2k17\STM32F4\RobotArm\EWARM\RobotArm\Obj\usbd_cdc.o
#        C:\GIT\RobotArm2k17\STM32F4\RobotArm\EWARM\RobotArm\Obj\usbd_cdc_if.o
#        C:\GIT\RobotArm2k17\STM32F4\RobotArm\EWARM\RobotArm\Obj\usbd_conf.o
#        C:\GIT\RobotArm2k17\STM32F4\RobotArm\EWARM\RobotArm\Obj\usbd_core.o
#        C:\GIT\RobotArm2k17\STM32F4\RobotArm\EWARM\RobotArm\Obj\usbd_ctlreq.o
#        C:\GIT\RobotArm2k17\STM32F4\RobotArm\EWARM\RobotArm\Obj\usbd_desc.o
#        C:\GIT\RobotArm2k17\STM32F4\RobotArm\EWARM\RobotArm\Obj\usbd_ioreq.o
#        --redirect _Printf=_PrintfFull --redirect _Scanf=_ScanfFull -o
#        C:\GIT\RobotArm2k17\STM32F4\RobotArm\EWARM\RobotArm\Exe\RobotArm.out
#        --map
#        C:\GIT\RobotArm2k17\STM32F4\RobotArm\EWARM\RobotArm/List\RobotArm.map
#        --config
#        C:\GIT\RobotArm2k17\STM32F4\RobotArm\EWARM/stm32f429xx_flash.icf
#        --semihosting --entry __iar_program_start --vfe
#
###############################################################################

*******************************************************************************
*** RUNTIME MODEL ATTRIBUTES
***

CppFlavor       = *
__Heap_Handler  = DLMalloc
__SystemLibrary = DLib


*******************************************************************************
*** PLACEMENT SUMMARY
***

"A1":  place at 0x08000000 { ro section .intvec };
"P1":  place in [from 0x08000000 to 0x081fffff] { ro };
"P2":  place in [from 0x20000000 to 0x2002ffff] { rw, block CSTACK, block HEAP };

  Section            Kind        Address    Size  Object
  -------            ----        -------    ----  ------
"A1":                                      0x1ac
  .intvec            ro code  0x08000000   0x1ac  startup_stm32f429xx.o [1]
                            - 0x080001ac   0x1ac

"P1":                                     0xbaf2
  .rodata            const    0x080001ac  0x2698  stm32f429i_discovery_lcd.o [1]
  .text              ro code  0x08002844  0x1510  dlmalloc.o [3]
  .text              ro code  0x08003d54     0x6  abort.o [3]
  .text              ro code  0x08003d5c    0x2c  xgetmemchunk.o [3]
  .text              ro code  0x08003d88    0x14  exit.o [6]
  .text              ro code  0x08003d9c   0xcfc  main.o [1]
  .text              ro code  0x08004a98    0x68  stm32f4xx_hal.o [1]
  .text              ro code  0x08004b00   0x1ea  stm32f4xx_hal_uart.o [1]
  .text              ro code  0x08004cec   0x5bc  stm32f4xx_hal_spi.o [1]
  .text              ro code  0x080052a8   0x7fe  stm32f4xx_hal_i2c.o [1]
  .text              ro code  0x08005aa8   0x2aa  stm32f4xx_hal_dma2d.o [1]
  .text              ro code  0x08005d54    0x96  stm32f4xx_hal_sdram.o [1]
  .text              ro code  0x08005dea    0x3c  stm32f4xx_hal_rng.o [1]
  .text              ro code  0x08005e28   0x49d  stm32f429i_discovery.o [1]
  .text              ro code  0x080062c8   0x714  stm32f429i_discovery_lcd.o [1]
  .text              ro code  0x080069dc    0xe8  stm32f429i_discovery_ts.o [1]
  .text              ro code  0x08006ac4    0x56  ABImemcpy_unaligned.o [5]
  .text              ro code  0x08006b1c    0x66  cmsis_os.o [1]
  .text              ro code  0x08006b84    0x8a  stm32f4xx_hal_tim_ex.o [1]
  .text              ro code  0x08006c10   0x4f4  stm32f4xx_hal_tim.o [1]
  .text              ro code  0x08007104   0x49c  stm32f4xx_hal_rcc.o [1]
  .text              ro code  0x080075a0   0x204  stm32f4xx_hal_rcc_ex.o [1]
  .text              ro code  0x080077a4    0xd8  stm32f4xx_hal_cortex.o [1]
  .text              ro code  0x0800787c   0x270  stm32f4xx_hal_ltdc.o [1]
  .text              ro code  0x08007aec   0x488  stm32f4xx_hal_msp.o [1]
  .text              ro code  0x08007f74   0x34a  stm32f4xx_hal_gpio.o [1]
  .text              ro code  0x080082c0    0x38  usb_device.o [1]
  .text              ro code  0x080082f8    0x7c  stm32f4xx_hal_timebase_TIM.o [1]
  .text              ro code  0x08008374   0x14c  stm32f4xx_ll_fmc.o [1]
  .text              ro code  0x080084c0   0x290  stm32f429i_discovery_sdram.o [1]
  .text              ro code  0x08008750   0x540  tasks.o [1]
  .text              ro code  0x08008c90   0x1a0  port.o [1]
  .text              ro code  0x08008e30   0x25a  usbd_core.o [1]
  .text              ro code  0x0800908c   0x204  usbd_cdc.o [1]
  .text              ro code  0x08009290   0x178  stm32f4xx_hal_dma.o [1]
  .text              ro code  0x08009408   0x1ac  heap_4.o [1]
  .text              ro code  0x080095b4    0x8e  list.o [1]
  CODE               ro code  0x08009644    0xa8  portasm.o [1]
  .text              ro code  0x080096ec   0x2cc  usbd_conf.o [1]
  .text              ro code  0x080099b8   0x3b2  usbd_ctlreq.o [1]
  .text              ro code  0x08009d6a    0x64  usbd_ioreq.o [1]
  .text              ro code  0x08009dd0   0x7d0  stm32f4xx_hal_pcd.o [1]
  .text              ro code  0x0800a5a0    0x48  stm32f4xx_hal_pcd_ex.o [1]
  .text              ro code  0x0800a5e8   0x914  stm32f4xx_ll_usb.o [1]
  .text              ro code  0x0800aefc   0x2a6  ili9341.o [1]
  .text              ro code  0x0800b1a4   0x25c  stmpe811.o [1]
  .text              ro code  0x0800b400   0x1c2  lz77_init.o [5]
  .text              ro code  0x0800b5c4    0xb4  usbd_cdc_if.o [1]
  .text              ro code  0x0800b678     0x6  ABImemclr.o [5]
  .text              ro code  0x0800b680    0x6c  strncpy_unaligned.o [5]
  .text              ro code  0x0800b6ec    0x5e  ABImemset.o [5]
  .text              ro code  0x0800b74c    0xb0  usbd_desc.o [1]
  .text              ro code  0x0800b7fc    0x60  system_stm32f4xx.o [1]
  .rodata            const    0x0800b85c    0x48  main.o [1]
  .text              ro code  0x0800b8a4    0x40  zero_init3.o [5]
  .text              ro code  0x0800b8e4    0x28  data_init.o [5]
  .text              ro code  0x0800b90c    0x22  fpinit_M.o [4]
  .iar.init_table    const    0x0800b930    0x2c  - Linker created -
  .text              ro code  0x0800b95c    0x1e  stm32f4xx_it.o [1]
  .text              ro code  0x0800b97c    0x1a  cmain.o [5]
  .text              ro code  0x0800b996     0x4  low_level_init.o [3]
  .text              ro code  0x0800b99a     0x4  exit.o [3]
  .text              ro code  0x0800b9a0     0xa  cexit.o [5]
  .text              ro code  0x0800b9ac    0x10  startup_stm32f429xx.o [1]
  .text              ro code  0x0800b9bc     0xc  cstartup_M.o [5]
  .rodata            const    0x0800b9c8     0x8  system_stm32f4xx.o [1]
  .text              ro code  0x0800b9d0     0x4  startup_stm32f429xx.o [1]
  .text              ro code  0x0800b9d4     0x4  startup_stm32f429xx.o [1]
  .text              ro code  0x0800b9d8     0x4  startup_stm32f429xx.o [1]
  .text              ro code  0x0800b9dc     0x4  startup_stm32f429xx.o [1]
  .text              ro code  0x0800b9e0     0x4  startup_stm32f429xx.o [1]
  .text              ro code  0x0800b9e4     0x4  startup_stm32f429xx.o [1]
  .text              ro code  0x0800b9e8     0x4  startup_stm32f429xx.o [1]
  .text              ro code  0x0800b9ec     0x4  startup_stm32f429xx.o [1]
  .text              ro code  0x0800b9f0     0x4  startup_stm32f429xx.o [1]
  .text              ro code  0x0800b9f4     0x4  startup_stm32f429xx.o [1]
  .text              ro code  0x0800b9f8     0x4  startup_stm32f429xx.o [1]
  .text              ro code  0x0800b9fc     0x4  startup_stm32f429xx.o [1]
  .text              ro code  0x0800ba00     0x4  startup_stm32f429xx.o [1]
  .text              ro code  0x0800ba04     0x4  startup_stm32f429xx.o [1]
  .text              ro code  0x0800ba08     0x4  startup_stm32f429xx.o [1]
  .text              ro code  0x0800ba0c     0x4  startup_stm32f429xx.o [1]
  .text              ro code  0x0800ba10     0x4  startup_stm32f429xx.o [1]
  .text              ro code  0x0800ba14     0x4  startup_stm32f429xx.o [1]
  .text              ro code  0x0800ba18     0x4  startup_stm32f429xx.o [1]
  .text              ro code  0x0800ba1c     0x4  startup_stm32f429xx.o [1]
  .text              ro code  0x0800ba20     0x4  startup_stm32f429xx.o [1]
  .text              ro code  0x0800ba24     0x4  startup_stm32f429xx.o [1]
  .text              ro code  0x0800ba28     0x4  startup_stm32f429xx.o [1]
  .text              ro code  0x0800ba2c     0x4  startup_stm32f429xx.o [1]
  .text              ro code  0x0800ba30     0x4  startup_stm32f429xx.o [1]
  .text              ro code  0x0800ba34     0x4  startup_stm32f429xx.o [1]
  .text              ro code  0x0800ba38     0x4  startup_stm32f429xx.o [1]
  .text              ro code  0x0800ba3c     0x4  startup_stm32f429xx.o [1]
  .text              ro code  0x0800ba40     0x4  startup_stm32f429xx.o [1]
  .text              ro code  0x0800ba44     0x4  startup_stm32f429xx.o [1]
  .text              ro code  0x0800ba48     0x4  startup_stm32f429xx.o [1]
  .text              ro code  0x0800ba4c     0x4  startup_stm32f429xx.o [1]
  .text              ro code  0x0800ba50     0x4  startup_stm32f429xx.o [1]
  .text              ro code  0x0800ba54     0x4  startup_stm32f429xx.o [1]
  .text              ro code  0x0800ba58     0x4  startup_stm32f429xx.o [1]
  .text              ro code  0x0800ba5c     0x4  startup_stm32f429xx.o [1]
  .text              ro code  0x0800ba60     0x4  startup_stm32f429xx.o [1]
  .text              ro code  0x0800ba64     0x4  startup_stm32f429xx.o [1]
  .text              ro code  0x0800ba68     0x4  startup_stm32f429xx.o [1]
  .text              ro code  0x0800ba6c     0x4  startup_stm32f429xx.o [1]
  .text              ro code  0x0800ba70     0x4  startup_stm32f429xx.o [1]
  .text              ro code  0x0800ba74     0x4  startup_stm32f429xx.o [1]
  .text              ro code  0x0800ba78     0x4  startup_stm32f429xx.o [1]
  .text              ro code  0x0800ba7c     0x4  startup_stm32f429xx.o [1]
  .text              ro code  0x0800ba80     0x4  startup_stm32f429xx.o [1]
  .text              ro code  0x0800ba84     0x4  startup_stm32f429xx.o [1]
  .text              ro code  0x0800ba88     0x4  startup_stm32f429xx.o [1]
  .text              ro code  0x0800ba8c     0x4  startup_stm32f429xx.o [1]
  .text              ro code  0x0800ba90     0x4  startup_stm32f429xx.o [1]
  .text              ro code  0x0800ba94     0x4  startup_stm32f429xx.o [1]
  .text              ro code  0x0800ba98     0x4  startup_stm32f429xx.o [1]
  .text              ro code  0x0800ba9c     0x4  startup_stm32f429xx.o [1]
  .text              ro code  0x0800baa0     0x4  startup_stm32f429xx.o [1]
  .text              ro code  0x0800baa4     0x4  startup_stm32f429xx.o [1]
  .text              ro code  0x0800baa8     0x4  startup_stm32f429xx.o [1]
  .text              ro code  0x0800baac     0x4  startup_stm32f429xx.o [1]
  .text              ro code  0x0800bab0     0x4  startup_stm32f429xx.o [1]
  .text              ro code  0x0800bab4     0x4  startup_stm32f429xx.o [1]
  .text              ro code  0x0800bab8     0x4  startup_stm32f429xx.o [1]
  .text              ro code  0x0800babc     0x4  startup_stm32f429xx.o [1]
  .text              ro code  0x0800bac0     0x4  startup_stm32f429xx.o [1]
  .text              ro code  0x0800bac4     0x4  startup_stm32f429xx.o [1]
  .text              ro code  0x0800bac8     0x4  startup_stm32f429xx.o [1]
  .text              ro code  0x0800bacc     0x4  startup_stm32f429xx.o [1]
  .text              ro code  0x0800bad0     0x4  startup_stm32f429xx.o [1]
  .text              ro code  0x0800bad4     0x4  startup_stm32f429xx.o [1]
  .text              ro code  0x0800bad8     0x4  startup_stm32f429xx.o [1]
  .text              ro code  0x0800badc     0x4  startup_stm32f429xx.o [1]
  .text              ro code  0x0800bae0     0x4  startup_stm32f429xx.o [1]
  .text              ro code  0x0800bae4     0x4  startup_stm32f429xx.o [1]
  .text              ro code  0x0800bae8     0x4  startup_stm32f429xx.o [1]
  .text              ro code  0x0800baec     0x4  startup_stm32f429xx.o [1]
  .text              ro code  0x0800baf0     0x4  startup_stm32f429xx.o [1]
  .text              ro code  0x0800baf4     0x4  startup_stm32f429xx.o [1]
  .text              ro code  0x0800baf8     0x4  startup_stm32f429xx.o [1]
  .text              ro code  0x0800bafc     0x4  startup_stm32f429xx.o [1]
  .text              ro code  0x0800bb00     0x4  startup_stm32f429xx.o [1]
  .text              ro code  0x0800bb04     0x4  startup_stm32f429xx.o [1]
  .text              ro code  0x0800bb08     0x4  startup_stm32f429xx.o [1]
  .text              ro code  0x0800bb0c     0x4  startup_stm32f429xx.o [1]
  .text              ro code  0x0800bb10     0x4  startup_stm32f429xx.o [1]
  .text              ro code  0x0800bb14     0x4  startup_stm32f429xx.o [1]
  .text              ro code  0x0800bb18     0x4  startup_stm32f429xx.o [1]
  .text              ro code  0x0800bb1c     0x4  startup_stm32f429xx.o [1]
  .text              ro code  0x0800bb20     0x4  startup_stm32f429xx.o [1]
  .text              ro code  0x0800bb24     0x4  startup_stm32f429xx.o [1]
  .text              ro code  0x0800bb28     0x4  startup_stm32f429xx.o [1]
  .text              ro code  0x0800bb2c     0x4  startup_stm32f429xx.o [1]
  .text              ro code  0x0800bb30     0x4  startup_stm32f429xx.o [1]
  .text              ro code  0x0800bb34     0x4  startup_stm32f429xx.o [1]
  .text              ro code  0x0800bb38     0x4  startup_stm32f429xx.o [1]
  .text              ro code  0x0800bb3c     0x4  startup_stm32f429xx.o [1]
  .text              ro code  0x0800bb40     0x4  startup_stm32f429xx.o [1]
  .rodata            const    0x0800bb44     0x0  zero_init3.o [5]
  .rodata            const    0x0800bb44     0x0  lz77_init.o [5]
  Initializer bytes  const    0x0800bb44   0x15a  <for P2 s0>
                            - 0x0800bc9e  0xbaf2

"P2":                                     0x5c40
  P2 s0                       0x20000000   0x420  <Init block>
    .data            inited   0x20000000    0xb0  stm32f429i_discovery_lcd.o [1]
    .data            inited   0x200000b0    0x80  main.o [1]
    .data            inited   0x20000130    0x64  stm32f429i_discovery_sdram.o [1]
    .data            inited   0x20000194    0x5c  stm32f429i_discovery.o [1]
    .data            inited   0x200001f0    0x58  stm32f429i_discovery.o [1]
    .data            inited   0x20000248    0x44  usbd_cdc.o [1]
    .data            inited   0x2000028c    0x44  usbd_cdc.o [1]
    .data            inited   0x200002d0    0x44  usbd_cdc.o [1]
    .data            inited   0x20000314    0x38  ili9341.o [1]
    .data            inited   0x2000034c    0x38  usbd_cdc.o [1]
    .data            inited   0x20000384    0x28  stmpe811.o [1]
    .data            inited   0x200003ac    0x1c  usbd_desc.o [1]
    .data            inited   0x200003c8    0x14  usbd_desc.o [1]
    .data            inited   0x200003dc    0x10  usbd_cdc_if.o [1]
    .data            inited   0x200003ec     0xc  port.o [1]
    .data            inited   0x200003f8     0xc  usbd_cdc.o [1]
    .data            inited   0x20000404     0x8  stm32f429i_discovery.o [1]
    .data            inited   0x2000040c     0x8  stm32f429i_discovery_lcd.o [1]
    .data            inited   0x20000414     0x4  stm32f429i_discovery.o [1]
    .data            inited   0x20000418     0x4  system_stm32f4xx.o [1]
    .data            inited   0x2000041c     0x4  usbd_desc.o [1]
  .bss               zero     0x20000420  0x3c18  heap_4.o [1]
  .bss               zero     0x20004038   0x3f0  usbd_conf.o [1]
  .bss               zero     0x20004428   0x224  usb_device.o [1]
  .bss               zero     0x2000464c   0x200  usbd_desc.o [1]
  .bss               zero     0x2000484c   0x1d8  dlmalloc.o [3]
  .bss               zero     0x20004a24   0x184  main.o [1]
  .bss               zero     0x20004ba8    0xa8  main.o [1]
  .bss               zero     0x20004c50    0xa0  tasks.o [1]
  .bss               zero     0x20004cf0    0x8c  tasks.o [1]
  .bss               zero     0x20004d7c    0x80  usbd_cdc_if.o [1]
  .bss               zero     0x20004dfc    0x60  stm32f429i_discovery_sdram.o [1]
  .bss               zero     0x20004e5c    0x5c  stm32f429i_discovery_lcd.o [1]
  .bss               zero     0x20004eb8    0x3c  main.o [1]
  .bss               zero     0x20004ef4    0x3c  main.o [1]
  .bss               zero     0x20004f30    0x3c  main.o [1]
  .bss               zero     0x20004f6c    0x3c  stm32f4xx_hal_timebase_TIM.o [1]
  .bss               zero     0x20004fa8    0x34  stm32f429i_discovery_lcd.o [1]
  .bss               zero     0x20004fdc    0x1c  main.o [1]
  .bss               zero     0x20004ff8    0x18  dlmalloc.o [3]
  .bss               zero     0x20005010    0x10  stm32f429i_discovery_ts.o [1]
  .bss               zero     0x20005020     0x8  usbd_cdc_if.o [1]
  .bss               zero     0x20005028     0x4  stm32f4xx_hal.o [1]
  .bss               zero     0x2000502c     0x4  stm32f4xx_hal_msp.o [1]
  .bss               zero     0x20005030     0x4  xgetmemchunk.o [3]
  .bss               zero     0x20005034     0x2  stmpe811.o [1]
  .bss               zero     0x20005036     0x1  stm32f429i_discovery.o [1]
  .bss               zero     0x20005037     0x1  usbd_cdc.o [1]
  .bss               zero     0x20005038     0x1  usbd_ctlreq.o [1]
  CSTACK                      0x20005040   0x400  <Block>
    CSTACK           uninit   0x20005040   0x400  <Block tail>
  HEAP                        0x20005440   0x800  <Block>
    HEAP             uninit   0x20005440   0x800  <Block tail>
                            - 0x20005c40  0x5c40


*******************************************************************************
*** INIT TABLE
***

          Address     Size
          -------     ----
Zero (__iar_zero_init3)
    1 destination range, total size 0x4c19:
          0x20000420  0x4c19

Copy/lz77 (__iar_lz77_init3)
    1 source range, total size 0x15a (32% of destination):
          0x0800bb44   0x15a
    1 destination range, total size 0x420:
          0x20000000   0x420



*******************************************************************************
*** MODULE SUMMARY
***

    Module                        ro code  ro data  rw data
    ------                        -------  -------  -------
C:\GIT\RobotArm2k17\STM32F4\RobotArm\EWARM\RobotArm\Obj: [1]
    cmsis_os.o                        102
    heap_4.o                          428            15 384
    ili9341.o                         678       18       56
    list.o                            142
    main.o                          3 324      114      892
    port.o                            416        4       12
    portasm.o                         168
    startup_stm32f429xx.o             816
    stm32f429i_discovery.o          1 181       63      193
    stm32f429i_discovery_lcd.o      1 812    9 940      328
    stm32f429i_discovery_sdram.o      656       33      196
    stm32f429i_discovery_ts.o         232                16
    stm32f4xx_hal.o                   104                 4
    stm32f4xx_hal_cortex.o            216
    stm32f4xx_hal_dma.o               376
    stm32f4xx_hal_dma2d.o             682
    stm32f4xx_hal_gpio.o              842
    stm32f4xx_hal_i2c.o             2 046
    stm32f4xx_hal_ltdc.o              624
    stm32f4xx_hal_msp.o             1 160                 4
    stm32f4xx_hal_pcd.o             2 000
    stm32f4xx_hal_pcd_ex.o             72
    stm32f4xx_hal_rcc.o             1 180
    stm32f4xx_hal_rcc_ex.o            516
    stm32f4xx_hal_rng.o                60
    stm32f4xx_hal_sdram.o             150
    stm32f4xx_hal_spi.o             1 468
    stm32f4xx_hal_tim.o             1 268
    stm32f4xx_hal_tim_ex.o            138
    stm32f4xx_hal_timebase_TIM.o      124                60
    stm32f4xx_hal_uart.o              490
    stm32f4xx_it.o                     30
    stm32f4xx_ll_fmc.o                332
    stm32f4xx_ll_usb.o              2 324
    stmpe811.o                        604       13       42
    system_stm32f4xx.o                 96        9        4
    tasks.o                         1 344               300
    usb_device.o                       56               548
    usbd_cdc.o                        516       89      273
    usbd_cdc_if.o                     180        5      152
    usbd_conf.o                       716             1 008
    usbd_core.o                       602
    usbd_ctlreq.o                     946                 1
    usbd_desc.o                       176       18      564
    usbd_ioreq.o                      100
    -------------------------------------------------------
    Total:                         31 493   10 306   20 037

command line: [2]
    -------------------------------------------------------
    Total:

dl7M_tlf.a: [3]
    abort.o                             6
    dlmalloc.o                      5 392               496
    exit.o                              4
    low_level_init.o                    4
    xgetmemchunk.o                     44                 4
    -------------------------------------------------------
    Total:                          5 450               500

m7M_tls.a: [4]
    fpinit_M.o                         34
    -------------------------------------------------------
    Total:                             34

rt7M_tl.a: [5]
    ABImemclr.o                         6
    ABImemcpy_unaligned.o              86
    ABImemset.o                        94
    cexit.o                            10
    cmain.o                            26
    cstartup_M.o                       12
    data_init.o                        40
    lz77_init.o                       450
    strncpy_unaligned.o               108
    zero_init3.o                       64
    -------------------------------------------------------
    Total:                            896

shb_l.a: [6]
    exit.o                             20
    -------------------------------------------------------
    Total:                             20

    Gaps                               41        2
    Linker created                              44    3 072
-----------------------------------------------------------
    Grand Total:                   37 934   10 352   23 609


*******************************************************************************
*** ENTRY LIST
***

Entry                      Address    Size  Type      Object
-----                      -------    ----  ----      ------
.iar.init_table$$Base   0x0800b930           --   Gb  - Linker created -
.iar.init_table$$Limit  0x0800b95c           --   Gb  - Linker created -
?main                   0x0800b97d          Code  Gb  cmain.o [5]
AHBPrescTable           0x0800b84c    0x10  Data  Gb  system_stm32f4xx.o [1]
APBPrescTable           0x0800b9c8     0x8  Data  Gb  system_stm32f4xx.o [1]
ActiveLayer             0x20004eb4     0x4  Data  Lc  stm32f429i_discovery_lcd.o [1]
BSP_LCD_Clear           0x0800641d    0x32  Code  Gb  stm32f429i_discovery_lcd.o [1]
BSP_LCD_DisplayChar     0x0800644f    0x30  Code  Gb  stm32f429i_discovery_lcd.o [1]
BSP_LCD_DisplayStringAt
                        0x0800647f    0x9c  Code  Gb  stm32f429i_discovery_lcd.o [1]
BSP_LCD_DrawCircle      0x080065c9    0xbe  Code  Gb  stm32f429i_discovery_lcd.o [1]
BSP_LCD_DrawHLine       0x0800651b    0x38  Code  Gb  stm32f429i_discovery_lcd.o [1]
BSP_LCD_DrawPixel       0x0800687d    0x1e  Code  Gb  stm32f429i_discovery_lcd.o [1]
BSP_LCD_DrawRect        0x08006597    0x32  Code  Gb  stm32f429i_discovery_lcd.o [1]
BSP_LCD_DrawVLine       0x08006553    0x3e  Code  Gb  stm32f429i_discovery_lcd.o [1]
BSP_LCD_FillCircle      0x080066bf    0x84  Code  Gb  stm32f429i_discovery_lcd.o [1]
BSP_LCD_GetXSize        0x08006351     0xa  Code  Gb  stm32f429i_discovery_lcd.o [1]
BSP_LCD_GetYSize        0x0800635b     0xa  Code  Gb  stm32f429i_discovery_lcd.o [1]
BSP_LCD_Init            0x080062c9    0x88  Code  Gb  stm32f429i_discovery_lcd.o [1]
BSP_LCD_LayerDefaultInit
                        0x08006365    0x80  Code  Gb  stm32f429i_discovery_lcd.o [1]
BSP_LCD_MspInit         0x0800675f   0x108  Code  Wk  stm32f429i_discovery_lcd.o [1]
BSP_LCD_SelectLayer     0x080063e5     0x8  Code  Gb  stm32f429i_discovery_lcd.o [1]
BSP_LCD_SetBackColor    0x080063fd    0x10  Code  Gb  stm32f429i_discovery_lcd.o [1]
BSP_LCD_SetFont         0x0800640d    0x10  Code  Gb  stm32f429i_discovery_lcd.o [1]
BSP_LCD_SetTextColor    0x080063ed    0x10  Code  Gb  stm32f429i_discovery_lcd.o [1]
BSP_LED_On              0x08005e29    0x16  Code  Gb  stm32f429i_discovery.o [1]
BSP_PB_GetState         0x08005eb9    0x14  Code  Gb  stm32f429i_discovery.o [1]
BSP_PB_Init             0x08005e3f    0x62  Code  Gb  stm32f429i_discovery.o [1]
BSP_SDRAM_Init          0x080084c1    0x72  Code  Gb  stm32f429i_discovery_sdram.o [1]
BSP_SDRAM_Initialization_sequence
                        0x08008533    0x78  Code  Gb  stm32f429i_discovery_sdram.o [1]
BSP_SDRAM_MspInit       0x080085c5   0x152  Code  Wk  stm32f429i_discovery_sdram.o [1]
BSP_TS_GetState         0x08006a0d    0xae  Code  Gb  stm32f429i_discovery_ts.o [1]
BSP_TS_Init             0x080069dd    0x30  Code  Gb  stm32f429i_discovery_ts.o [1]
BUTTON_IRQn             0x080062c4     0x1  Data  Gb  stm32f429i_discovery.o [1]
BUTTON_PIN              0x080062c0     0x2  Data  Gb  stm32f429i_discovery.o [1]
BUTTON_PORT             0x20000414     0x4  Data  Gb  stm32f429i_discovery.o [1]
CDC_Control_HS          0x0800b5e7    0x4a  Code  Lc  usbd_cdc_if.o [1]
CDC_DeInit_HS           0x0800b5e3     0x4  Code  Lc  usbd_cdc_if.o [1]
CDC_Init_HS             0x0800b5c5    0x1e  Code  Lc  usbd_cdc_if.o [1]
CDC_Receive_HS          0x0800b631    0x34  Code  Lc  usbd_cdc_if.o [1]
CSTACK$$Base            0x20005040           --   Gb  - Linker created -
CSTACK$$Limit           0x20005440           --   Gb  - Linker created -
Command                 0x20000184    0x10  Data  Lc  stm32f429i_discovery_sdram.o [1]
DMA2D_SetConfig         0x08005cc9    0x8a  Code  Lc  stm32f4xx_hal_dma2d.o [1]
DMA_CalcBaseAndBitshift
                        0x080093d9    0x24  Code  Lc  stm32f4xx_hal_dma.o [1]
Dma2dHandler            0x20004e5c    0x40  Data  Lc  stm32f429i_discovery_lcd.o [1]
DrawChar                0x080068b3    0xac  Code  Lc  stm32f429i_discovery_lcd.o [1]
DrawProp                0x20004e9c    0x18  Data  Lc  stm32f429i_discovery_lcd.o [1]
EXTI0_IRQHandler        0x0800b975     0x6  Code  Gb  stm32f4xx_it.o [1]
FMC_Initialized         0x2000502c     0x4  Data  Lc  stm32f4xx_hal_msp.o [1]
FMC_SDRAM_Init          0x08008375    0x74  Code  Gb  stm32f4xx_ll_fmc.o [1]
FMC_SDRAM_ProgramRefreshRate
                        0x080084b5     0xc  Code  Gb  stm32f4xx_ll_fmc.o [1]
FMC_SDRAM_SendCommand   0x08008469    0x4c  Code  Gb  stm32f4xx_ll_fmc.o [1]
FMC_SDRAM_Timing_Init   0x080083e9    0x7a  Code  Gb  stm32f4xx_ll_fmc.o [1]
FillBuffer              0x08006965    0x54  Code  Lc  stm32f429i_discovery_lcd.o [1]
Font16                  0x2000040c     0x8  Data  Gb  stm32f429i_discovery_lcd.o [1]
Font16_Table            0x08001c64   0xbe0  Data  Gb  stm32f429i_discovery_lcd.o [1]
Font24                  0x200000a8     0x8  Data  Gb  stm32f429i_discovery_lcd.o [1]
Font24_Table            0x080001ac  0x1ab8  Data  Gb  stm32f429i_discovery_lcd.o [1]
GPIO_PIN                0x080062bc     0x4  Data  Gb  stm32f429i_discovery.o [1]
GPIO_PORT               0x20000404     0x8  Data  Gb  stm32f429i_discovery.o [1]
HAL_DMA2D_ConfigLayer   0x08005c29    0x9a  Code  Gb  stm32f4xx_hal_dma2d.o [1]
HAL_DMA2D_Init          0x08005aa9    0x54  Code  Gb  stm32f4xx_hal_dma2d.o [1]
HAL_DMA2D_MspInit       0x08007b4d    0x2a  Code  Gb  stm32f4xx_hal_msp.o [1]
HAL_DMA2D_PollForTransfer
                        0x08005b3d    0xce  Code  Gb  stm32f4xx_hal_dma2d.o [1]
HAL_DMA2D_Start         0x08005afd    0x18  Code  Gb  stm32f4xx_hal_dma2d.o [1]
HAL_DMA_DeInit          0x08009377    0x52  Code  Gb  stm32f4xx_hal_dma.o [1]
HAL_DMA_Init            0x08009291    0xe6  Code  Gb  stm32f4xx_hal_dma.o [1]
HAL_Delay               0x08004ad9    0x1e  Code  Wk  stm32f4xx_hal.o [1]
HAL_FMC_MspInit         0x08007e8f    0x78  Code  Lc  stm32f4xx_hal_msp.o [1]
HAL_GPIO_DeInit         0x08008143   0x11a  Code  Gb  stm32f4xx_hal_gpio.o [1]
HAL_GPIO_EXTI_Callback  0x080082bd     0x2  Code  Wk  stm32f4xx_hal_gpio.o [1]
HAL_GPIO_EXTI_IRQHandler
                        0x08008271    0x14  Code  Gb  stm32f4xx_hal_gpio.o [1]
HAL_GPIO_Init           0x08007f75   0x1ce  Code  Gb  stm32f4xx_hal_gpio.o [1]
HAL_GPIO_ReadPin        0x0800825d     0xc  Code  Gb  stm32f4xx_hal_gpio.o [1]
HAL_GPIO_WritePin       0x08008269     0x8  Code  Gb  stm32f4xx_hal_gpio.o [1]
HAL_GetTick             0x08004ad3     0x6  Code  Wk  stm32f4xx_hal.o [1]
HAL_I2C_DeInit          0x08005369    0x26  Code  Gb  stm32f4xx_hal_i2c.o [1]
HAL_I2C_GetState        0x08005775     0x6  Code  Gb  stm32f4xx_hal_i2c.o [1]
HAL_I2C_Init            0x080052a9    0xc0  Code  Gb  stm32f4xx_hal_i2c.o [1]
HAL_I2C_Mem_Read        0x0800553f   0x10e  Code  Gb  stm32f4xx_hal_i2c.o [1]
HAL_I2C_Mem_Write       0x080053f5    0xc6  Code  Gb  stm32f4xx_hal_i2c.o [1]
HAL_I2C_MspDeInit       0x08007bd3    0x32  Code  Gb  stm32f4xx_hal_msp.o [1]
HAL_I2C_MspInit         0x08007b77    0x46  Code  Gb  stm32f4xx_hal_msp.o [1]
HAL_IncTick             0x08004ac9     0xa  Code  Wk  stm32f4xx_hal.o [1]
HAL_Init                0x08004a99    0x30  Code  Gb  stm32f4xx_hal.o [1]
HAL_InitTick            0x080082f9    0x6c  Code  Gb  stm32f4xx_hal_timebase_TIM.o [1]
HAL_LTDC_ConfigLayer    0x08007963    0x1c  Code  Gb  stm32f4xx_hal_ltdc.o [1]
HAL_LTDC_EnableDither   0x0800797f    0x20  Code  Gb  stm32f4xx_hal_ltdc.o [1]
HAL_LTDC_Init           0x0800787d    0xe6  Code  Gb  stm32f4xx_hal_ltdc.o [1]
HAL_LTDC_MspInit        0x08007c05    0x9e  Code  Gb  stm32f4xx_hal_msp.o [1]
HAL_MspInit             0x08007aed    0x60  Code  Gb  stm32f4xx_hal_msp.o [1]
HAL_NVIC_EnableIRQ      0x08007813     0xc  Code  Gb  stm32f4xx_hal_cortex.o [1]
HAL_NVIC_SetPriority    0x080077d9    0x3a  Code  Gb  stm32f4xx_hal_cortex.o [1]
HAL_NVIC_SetPriorityGrouping
                        0x080077bf    0x1a  Code  Gb  stm32f4xx_hal_cortex.o [1]
HAL_PCDEx_SetRxFiFo     0x0800a5e1     0x8  Code  Gb  stm32f4xx_hal_pcd_ex.o [1]
HAL_PCDEx_SetTxFiFo     0x0800a5a1    0x40  Code  Gb  stm32f4xx_hal_pcd_ex.o [1]
HAL_PCD_ConnectCallback
                        0x080097f1     0x8  Code  Gb  usbd_conf.o [1]
HAL_PCD_DataInStageCallback
                        0x08009777    0x10  Code  Gb  usbd_conf.o [1]
HAL_PCD_DataOutStageCallback
                        0x08009765    0x12  Code  Gb  usbd_conf.o [1]
HAL_PCD_DisconnectCallback
                        0x080097f9     0x8  Code  Gb  usbd_conf.o [1]
HAL_PCD_EP_Close        0x0800a3d5    0x2c  Code  Gb  stm32f4xx_hal_pcd.o [1]
HAL_PCD_EP_ClrStall     0x0800a4d9    0x1e  Code  Gb  stm32f4xx_hal_pcd.o [1]
HAL_PCD_EP_GetRxCount   0x0800a43b    0x12  Code  Gb  stm32f4xx_hal_pcd.o [1]
HAL_PCD_EP_Open         0x0800a389    0x4c  Code  Gb  stm32f4xx_hal_pcd.o [1]
HAL_PCD_EP_Receive      0x0800a41f    0x1c  Code  Gb  stm32f4xx_hal_pcd.o [1]
HAL_PCD_EP_SetStall     0x0800a49b    0x36  Code  Gb  stm32f4xx_hal_pcd.o [1]
HAL_PCD_EP_Transmit     0x0800a44d    0x1a  Code  Gb  stm32f4xx_hal_pcd.o [1]
HAL_PCD_IRQHandler      0x08009e93   0x45a  Code  Gb  stm32f4xx_hal_pcd.o [1]
HAL_PCD_ISOINIncompleteCallback
                        0x080097e9     0x8  Code  Gb  usbd_conf.o [1]
HAL_PCD_ISOOUTIncompleteCallback
                        0x080097e1     0x8  Code  Gb  usbd_conf.o [1]
HAL_PCD_Init            0x08009dd1    0xa0  Code  Gb  stm32f4xx_hal_pcd.o [1]
HAL_PCD_MspInit         0x080096ed    0x6c  Code  Gb  usbd_conf.o [1]
HAL_PCD_ResetCallback   0x0800978f    0x20  Code  Gb  usbd_conf.o [1]
HAL_PCD_ResumeCallback  0x080097d9     0x8  Code  Gb  usbd_conf.o [1]
HAL_PCD_SOFCallback     0x08009787     0x8  Code  Gb  usbd_conf.o [1]
HAL_PCD_SetAddress      0x0800a369    0x18  Code  Gb  stm32f4xx_hal_pcd.o [1]
HAL_PCD_SetupStageCallback
                        0x08009759     0xc  Code  Gb  usbd_conf.o [1]
HAL_PCD_Start           0x08009e7b    0x18  Code  Gb  stm32f4xx_hal_pcd.o [1]
HAL_PCD_SuspendCallback
                        0x080097af    0x2a  Code  Gb  usbd_conf.o [1]
HAL_RCCEx_PeriphCLKConfig
                        0x080075a1   0x1da  Code  Gb  stm32f4xx_hal_rcc_ex.o [1]
HAL_RCC_ClockConfig     0x0800738f   0x12c  Code  Gb  stm32f4xx_hal_rcc.o [1]
HAL_RCC_GetClockConfig  0x0800753b    0x34  Code  Gb  stm32f4xx_hal_rcc.o [1]
HAL_RCC_GetHCLKFreq     0x0800750f     0x6  Code  Gb  stm32f4xx_hal_rcc.o [1]
HAL_RCC_GetPCLK1Freq    0x08007515    0x10  Code  Gb  stm32f4xx_hal_rcc.o [1]
HAL_RCC_GetPCLK2Freq    0x08007525     0xe  Code  Gb  stm32f4xx_hal_rcc.o [1]
HAL_RCC_GetSysClockFreq
                        0x080074c9    0x46  Code  Wk  stm32f4xx_hal_rcc.o [1]
HAL_RCC_OscConfig       0x08007105   0x282  Code  Wk  stm32f4xx_hal_rcc.o [1]
HAL_RNG_Init            0x08005deb    0x3c  Code  Gb  stm32f4xx_hal_rng.o [1]
HAL_RNG_MspInit         0x08007cd7    0x26  Code  Gb  stm32f4xx_hal_msp.o [1]
HAL_SDRAM_Init          0x08005d55    0x3a  Code  Gb  stm32f4xx_hal_sdram.o [1]
HAL_SDRAM_MspInit       0x08007f1d     0x2  Code  Gb  stm32f4xx_hal_msp.o [1]
HAL_SDRAM_ProgramRefreshRate
                        0x08005db7    0x16  Code  Gb  stm32f4xx_hal_sdram.o [1]
HAL_SDRAM_SendCommand   0x08005d8f    0x28  Code  Gb  stm32f4xx_hal_sdram.o [1]
HAL_SPI_DeInit          0x08004d63    0x22  Code  Gb  stm32f4xx_hal_spi.o [1]
HAL_SPI_GetState        0x080051ed     0x6  Code  Gb  stm32f4xx_hal_spi.o [1]
HAL_SPI_Init            0x08004ced    0x76  Code  Gb  stm32f4xx_hal_spi.o [1]
HAL_SPI_MspDeInit       0x08007d2d    0x1e  Code  Gb  stm32f4xx_hal_msp.o [1]
HAL_SPI_MspInit         0x08007cfd    0x30  Code  Gb  stm32f4xx_hal_msp.o [1]
HAL_SPI_Receive         0x08004ea5   0x11e  Code  Gb  stm32f4xx_hal_spi.o [1]
HAL_SPI_Transmit        0x08004d85   0x120  Code  Gb  stm32f4xx_hal_spi.o [1]
HAL_SPI_TransmitReceive
                        0x08004fc3   0x18e  Code  Gb  stm32f4xx_hal_spi.o [1]
HAL_SYSTICK_CLKSourceConfig
                        0x0800784f    0x14  Code  Gb  stm32f4xx_hal_cortex.o [1]
HAL_SYSTICK_Config      0x08007827    0x28  Code  Gb  stm32f4xx_hal_cortex.o [1]
HAL_TIMEx_BreakCallback
                        0x08006bf5     0x2  Code  Wk  stm32f4xx_hal_tim_ex.o [1]
HAL_TIMEx_CommutationCallback
                        0x08006bf3     0x2  Code  Wk  stm32f4xx_hal_tim_ex.o [1]
HAL_TIMEx_MasterConfigSynchronization
                        0x08006ba9    0x4a  Code  Gb  stm32f4xx_hal_tim_ex.o [1]
HAL_TIMEx_PWMN_Start    0x08006b85     0xa  Code  Gb  stm32f4xx_hal_tim_ex.o [1]
HAL_TIM_Base_Init       0x08006c11    0x1a  Code  Gb  stm32f4xx_hal_tim.o [1]
HAL_TIM_Base_MspInit    0x08006c2b     0x2  Code  Wk  stm32f4xx_hal_tim.o [1]
HAL_TIM_Base_Start_IT   0x08006c2d    0x16  Code  Gb  stm32f4xx_hal_tim.o [1]
HAL_TIM_IC_CaptureCallback
                        0x08006edf     0x2  Code  Wk  stm32f4xx_hal_tim.o [1]
HAL_TIM_IRQHandler      0x08006cbd   0x14a  Code  Gb  stm32f4xx_hal_tim.o [1]
HAL_TIM_MspPostInit     0x08007da5    0x60  Code  Gb  stm32f4xx_hal_msp.o [1]
HAL_TIM_OC_DelayElapsedCallback
                        0x08006edd     0x2  Code  Wk  stm32f4xx_hal_tim.o [1]
HAL_TIM_PWM_ConfigChannel
                        0x08006e07    0xb8  Code  Gb  stm32f4xx_hal_tim.o [1]
HAL_TIM_PWM_Init        0x08006c6d    0x1a  Code  Gb  stm32f4xx_hal_tim.o [1]
HAL_TIM_PWM_MspInit     0x08007d4b    0x5a  Code  Gb  stm32f4xx_hal_msp.o [1]
HAL_TIM_PWM_PulseFinishedCallback
                        0x08006ee1     0x2  Code  Wk  stm32f4xx_hal_tim.o [1]
HAL_TIM_PWM_Start       0x08006c8f    0x14  Code  Gb  stm32f4xx_hal_tim.o [1]
HAL_TIM_PeriodElapsedCallback
                        0x08004945     0xe  Code  Gb  main.o [1]
HAL_TIM_TriggerCallback
                        0x08006ee3     0x2  Code  Wk  stm32f4xx_hal_tim.o [1]
HAL_UART_Init           0x08004b01    0x28  Code  Gb  stm32f4xx_hal_uart.o [1]
HAL_UART_MspInit        0x08007e27    0x32  Code  Gb  stm32f4xx_hal_msp.o [1]
HEAP$$Base              0x20005440           --   Gb  - Linker created -
HEAP$$Limit             0x20005c40           --   Gb  - Linker created -
HS_Desc                 0x200003ac    0x1c  Data  Gb  usbd_desc.o [1]
I2C_IsAcknowledgeFailed
                        0x08005a7f    0x28  Code  Lc  stm32f4xx_hal_i2c.o [1]
I2C_RequestMemoryRead   0x0800581d    0xa8  Code  Lc  stm32f4xx_hal_i2c.o [1]
I2C_RequestMemoryWrite  0x0800578b    0x7a  Code  Lc  stm32f4xx_hal_i2c.o [1]
I2C_WaitOnBTFFlagUntilTimeout
                        0x080059d7    0x32  Code  Lc  stm32f4xx_hal_i2c.o [1]
I2C_WaitOnFlagUntilTimeout
                        0x080058d7    0x52  Code  Lc  stm32f4xx_hal_i2c.o [1]
I2C_WaitOnMasterAddressFlagUntilTimeout
                        0x08005929    0x6c  Code  Lc  stm32f4xx_hal_i2c.o [1]
I2C_WaitOnRXNEFlagUntilTimeout
                        0x08005a25    0x3e  Code  Lc  stm32f4xx_hal_i2c.o [1]
I2C_WaitOnTXEFlagUntilTimeout
                        0x080059a5    0x32  Code  Lc  stm32f4xx_hal_i2c.o [1]
I2Cx_Error              0x08005f9d    0x10  Code  Lc  stm32f429i_discovery.o [1]
I2Cx_Init               0x08005ecd    0xd0  Code  Lc  stm32f429i_discovery.o [1]
I2cHandle               0x200001f0    0x54  Data  Gb  stm32f429i_discovery.o [1]
I2cxTimeout             0x20000244     0x4  Data  Gb  stm32f429i_discovery.o [1]
IOE_Delay               0x08006267     0x4  Code  Gb  stm32f429i_discovery.o [1]
IOE_ITConfig            0x080061a9    0x3a  Code  Gb  stm32f429i_discovery.o [1]
IOE_Init                0x080061a7     0x2  Code  Gb  stm32f429i_discovery.o [1]
IOE_Read                0x08006209    0x1a  Code  Gb  stm32f429i_discovery.o [1]
IOE_ReadMultiple        0x0800623f    0x14  Code  Gb  stm32f429i_discovery.o [1]
IOE_Write               0x080061f7    0x12  Code  Gb  stm32f429i_discovery.o [1]
InStream_Read           0x0800b401    0x22  Code  Lc  lz77_init.o [5]
Is_LCD_IO_Initialized   0x20005036     0x1  Data  Lc  stm32f429i_discovery.o [1]
LCD_Delay               0x080061a3     0x4  Code  Gb  stm32f429i_discovery.o [1]
LCD_IO_Init             0x0800606b    0x7a  Code  Gb  stm32f429i_discovery.o [1]
LCD_IO_ReadData         0x08006153    0x46  Code  Gb  stm32f429i_discovery.o [1]
LCD_IO_WriteData        0x0800611b     0x8  Code  Gb  stm32f429i_discovery.o [1]
LCD_IO_WriteReg         0x08006123     0x6  Code  Gb  stm32f429i_discovery.o [1]
LTDC_SetConfig          0x080079e3    0xfa  Code  Lc  stm32f4xx_hal_ltdc.o [1]
LcdDrv                  0x20004fd8     0x4  Data  Gb  stm32f429i_discovery_lcd.o [1]
LtdcHandler             0x20000000    0xa8  Data  Gb  stm32f429i_discovery_lcd.o [1]
MX_GPIO_Init            0x080042a1   0x140  Code  Lc  main.o [1]
MX_LTDC_Init            0x0800410d    0xbe  Code  Lc  main.o [1]
MX_TIM2_Init            0x080041d7    0x26  Code  Lc  main.o [1]
MX_TIM3_Init            0x080041fd    0x24  Code  Lc  main.o [1]
MX_TIM4_Init            0x08004275    0x2c  Code  Lc  main.o [1]
MX_USB_DEVICE_Init      0x080082c1    0x38  Code  Gb  usb_device.o [1]
NVIC_SetPriority        0x080077a5    0x1a  Code  Lc  stm32f4xx_hal_cortex.o [1]
OTG_HS_IRQHandler       0x0800b967     0x6  Code  Gb  stm32f4xx_it.o [1]
OutStream_Write         0x0800b423    0x40  Code  Lc  lz77_init.o [5]
PCD_WriteEmptyTxFifo    0x0800a517    0x8a  Code  Lc  stm32f4xx_hal_pcd.o [1]
PendSV_Handler          0x08009645          Code  Gb  portasm.o [1]
PeriphClkInitStruct     0x20004fa8    0x30  Data  Lc  stm32f429i_discovery_lcd.o [1]
Region$$Table$$Base     0x0800b930           --   Gb  - Linker created -
Region$$Table$$Limit    0x0800b95c           --   Gb  - Linker created -
SPI_CheckFlag_BSY       0x08005289    0x20  Code  Lc  stm32f4xx_hal_spi.o [1]
SPI_WaitFlagStateUntilTimeout
                        0x080051ff    0x8a  Code  Lc  stm32f4xx_hal_spi.o [1]
SPIx_Error              0x0800605d     0xe  Code  Lc  stm32f429i_discovery.o [1]
SPIx_Init               0x08005fad    0x98  Code  Lc  stm32f429i_discovery.o [1]
SPIx_Write              0x08006045    0x18  Code  Lc  stm32f429i_discovery.o [1]
SVC_Handler             0x0800969d          Code  Gb  portasm.o [1]
SdramHandle             0x20000134    0x34  Data  Lc  stm32f429i_discovery_sdram.o [1]
SpiHandle               0x20000194    0x58  Data  Lc  stm32f429i_discovery.o [1]
SpixTimeout             0x200001ec     0x4  Data  Gb  stm32f429i_discovery.o [1]
StartCommTask           0x08004481    0x52  Code  Gb  main.o [1]
StartControlTask        0x080044e1   0x27c  Code  Gb  main.o [1]
StartDefaultTask        0x0800443d    0x44  Code  Gb  main.o [1]
StartSensorTask         0x080044d3     0xa  Code  Gb  main.o [1]
StartServoRampTask      0x080047c9   0x13a  Code  Gb  main.o [1]
StartTsTask             0x08004903    0x38  Code  Gb  main.o [1]
SysTick_Handler         0x0800b95d     0x4  Code  Gb  stm32f4xx_it.o [1]
SystemClock_Config      0x08004043    0xca  Code  Gb  main.o [1]
SystemCoreClock         0x20000418     0x4  Data  Gb  system_stm32f4xx.o [1]
SystemInit              0x0800b7fd    0x3a  Code  Gb  system_stm32f4xx.o [1]
TIM6_DAC_IRQHandler     0x0800b961     0x6  Code  Gb  stm32f4xx_it.o [1]
TIM_Base_SetConfig      0x08006ee5    0x90  Code  Gb  stm32f4xx_hal_tim.o [1]
TIM_CCxChannelCmd       0x08006fc9    0x18  Code  Gb  stm32f4xx_hal_tim.o [1]
TIM_CCxNChannelCmd      0x08006bf7    0x18  Code  Lc  stm32f4xx_hal_tim_ex.o [1]
TIM_OC1_SetConfig       0x08006fe1    0x4a  Code  Lc  stm32f4xx_hal_tim.o [1]
TIM_OC2_SetConfig       0x08006f77    0x52  Code  Gb  stm32f4xx_hal_tim.o [1]
TIM_OC3_SetConfig       0x08007037    0x56  Code  Lc  stm32f4xx_hal_tim.o [1]
TIM_OC4_SetConfig       0x08007093    0x46  Code  Lc  stm32f4xx_hal_tim.o [1]
Timing                  0x20000168    0x1c  Data  Lc  stm32f429i_discovery_sdram.o [1]
TsDrv                   0x20005014     0x4  Data  Lc  stm32f429i_discovery_ts.o [1]
TsXBoundary             0x20005010     0x2  Data  Lc  stm32f429i_discovery_ts.o [1]
TsYBoundary             0x20005012     0x2  Data  Lc  stm32f429i_discovery_ts.o [1]
UART_SetConfig          0x08004b6f   0x13a  Code  Lc  stm32f4xx_hal_uart.o [1]
USBD_CDC                0x2000034c    0x38  Data  Gb  usbd_cdc.o [1]
USBD_CDC_CfgFSDesc      0x2000028c    0x44  Data  Gb  usbd_cdc.o [1]
USBD_CDC_CfgHSDesc      0x20000248    0x44  Data  Gb  usbd_cdc.o [1]
USBD_CDC_DataIn         0x080091a7    0x14  Code  Lc  usbd_cdc.o [1]
USBD_CDC_DataOut        0x080091bb    0x2a  Code  Lc  usbd_cdc.o [1]
USBD_CDC_DeInit         0x0800910b    0x36  Code  Lc  usbd_cdc.o [1]
USBD_CDC_DeviceQualifierDesc
                        0x200003f8     0xc  Data  Lc  usbd_cdc.o [1]
USBD_CDC_EP0_RxReady    0x080091e5    0x26  Code  Lc  usbd_cdc.o [1]
USBD_CDC_GetDeviceQualifierDescriptor
                        0x08009223     0x8  Code  Gb  usbd_cdc.o [1]
USBD_CDC_GetFSCfgDesc   0x0800920b     0x8  Code  Lc  usbd_cdc.o [1]
USBD_CDC_GetHSCfgDesc   0x08009213     0x8  Code  Lc  usbd_cdc.o [1]
USBD_CDC_GetOtherSpeedCfgDesc
                        0x0800921b     0x8  Code  Lc  usbd_cdc.o [1]
USBD_CDC_Init           0x0800908d    0x74  Code  Lc  usbd_cdc.o [1]
USBD_CDC_OtherSpeedCfgDesc
                        0x200002d0    0x44  Data  Gb  usbd_cdc.o [1]
USBD_CDC_ReceivePacket  0x0800926b    0x26  Code  Gb  usbd_cdc.o [1]
USBD_CDC_RegisterInterface
                        0x08009241     0xe  Code  Gb  usbd_cdc.o [1]
USBD_CDC_SetRxBuffer    0x0800925f     0xc  Code  Gb  usbd_cdc.o [1]
USBD_CDC_SetTxBuffer    0x0800924f    0x10  Code  Gb  usbd_cdc.o [1]
USBD_CDC_Setup          0x08009141    0x66  Code  Lc  usbd_cdc.o [1]
USBD_ClrClassConfig     0x08008e87     0xa  Code  Gb  usbd_core.o [1]
USBD_CtlContinueRx      0x08009d9f     0x2  Code  Gb  usbd_ioreq.o [1]
USBD_CtlContinueSendData
                        0x08009d7d     0x2  Code  Gb  usbd_ioreq.o [1]
USBD_CtlError           0x08009d11    0x16  Code  Gb  usbd_ctlreq.o [1]
USBD_CtlPrepareRx       0x08009d8d    0x12  Code  Gb  usbd_ioreq.o [1]
USBD_CtlReceiveStatus   0x08009db9     0xa  Code  Gb  usbd_ioreq.o [1]
USBD_CtlSendData        0x08009d6b    0x12  Code  Gb  usbd_ioreq.o [1]
USBD_CtlSendStatus      0x08009daf     0xa  Code  Gb  usbd_ioreq.o [1]
USBD_GetDescriptor      0x08009bf5    0xee  Code  Lc  usbd_ctlreq.o [1]
USBD_GetString          0x08009d27    0x44  Code  Gb  usbd_ctlreq.o [1]
USBD_HS_ConfigStrDescriptor
                        0x0800b785     0xa  Code  Gb  usbd_desc.o [1]
USBD_HS_DeviceDesc      0x200003c8    0x14  Data  Gb  usbd_desc.o [1]
USBD_HS_DeviceDescriptor
                        0x0800b74d     0x8  Code  Gb  usbd_desc.o [1]
USBD_HS_InterfaceStrDescriptor
                        0x0800b78f     0xa  Code  Gb  usbd_desc.o [1]
USBD_HS_LangIDStrDescriptor
                        0x0800b755     0x8  Code  Gb  usbd_desc.o [1]
USBD_HS_ManufacturerStrDescriptor
                        0x0800b767     0x8  Code  Gb  usbd_desc.o [1]
USBD_HS_ProductStrDescriptor
                        0x0800b75d     0xa  Code  Gb  usbd_desc.o [1]
USBD_HS_SerialStrDescriptor
                        0x0800b77b     0xa  Code  Gb  usbd_desc.o [1]
USBD_Init               0x08008e31    0x26  Code  Gb  usbd_core.o [1]
USBD_Interface_fops_HS  0x200003dc    0x10  Data  Gb  usbd_cdc_if.o [1]
USBD_LL_ClearStallEP    0x080098f3    0x1a  Code  Gb  usbd_conf.o [1]
USBD_LL_CloseEP         0x080098bf    0x1a  Code  Gb  usbd_conf.o [1]
USBD_LL_DataInStage     0x08008f4b    0xa2  Code  Gb  usbd_core.o [1]
USBD_LL_DataOutStage    0x08008ee7    0x64  Code  Gb  usbd_core.o [1]
USBD_LL_DevConnected    0x0800906f     0x4  Code  Gb  usbd_core.o [1]
USBD_LL_DevDisconnected
                        0x08009073    0x12  Code  Gb  usbd_core.o [1]
USBD_LL_GetRxDataSize   0x08009979     0x8  Code  Gb  usbd_conf.o [1]
USBD_LL_Init            0x08009801    0x6e  Code  Gb  usbd_conf.o [1]
USBD_LL_IsStallEP       0x0800990d    0x1e  Code  Gb  usbd_conf.o [1]
USBD_LL_IsoINIncomplete
                        0x08009067     0x4  Code  Gb  usbd_core.o [1]
USBD_LL_IsoOUTIncomplete
                        0x0800906b     0x4  Code  Gb  usbd_core.o [1]
USBD_LL_OpenEP          0x0800989f    0x20  Code  Gb  usbd_conf.o [1]
USBD_LL_PrepareReceive  0x0800995f    0x1a  Code  Gb  usbd_conf.o [1]
USBD_LL_Reset           0x08008fed    0x42  Code  Gb  usbd_core.o [1]
USBD_LL_Resume          0x08009041     0x6  Code  Gb  usbd_core.o [1]
USBD_LL_SOF             0x0800904d    0x1a  Code  Gb  usbd_core.o [1]
USBD_LL_SetSpeed        0x0800902f     0x6  Code  Gb  usbd_core.o [1]
USBD_LL_SetUSBAddress   0x0800992b    0x1a  Code  Gb  usbd_conf.o [1]
USBD_LL_SetupStage      0x08008e91    0x56  Code  Gb  usbd_core.o [1]
USBD_LL_StallEP         0x080098d9    0x1a  Code  Gb  usbd_conf.o [1]
USBD_LL_Start           0x08009885    0x1a  Code  Gb  usbd_conf.o [1]
USBD_LL_Suspend         0x08009035     0xc  Code  Gb  usbd_core.o [1]
USBD_LL_Transmit        0x08009945    0x1a  Code  Gb  usbd_conf.o [1]
USBD_LangIDDesc         0x2000041c     0x4  Data  Gb  usbd_desc.o [1]
USBD_ParseSetupRequest  0x08009ce9    0x28  Code  Gb  usbd_ctlreq.o [1]
USBD_RegisterClass      0x08008e57    0x10  Code  Gb  usbd_core.o [1]
USBD_SetClassConfig     0x08008e71    0x16  Code  Gb  usbd_core.o [1]
USBD_Start              0x08008e67     0xa  Code  Gb  usbd_core.o [1]
USBD_StdDevReq          0x080099b9   0x138  Code  Gb  usbd_ctlreq.o [1]
USBD_StdEPReq           0x08009b27    0xc2  Code  Gb  usbd_ctlreq.o [1]
USBD_StdItfReq          0x08009af5    0x32  Code  Gb  usbd_ctlreq.o [1]
USBD_StrDesc            0x2000464c   0x200  Data  Gb  usbd_desc.o [1]
USB_ActivateEndpoint    0x0800a80f    0x76  Code  Gb  stm32f4xx_ll_usb.o [1]
USB_ActivateSetup       0x0800ae49    0x2e  Code  Gb  stm32f4xx_ll_usb.o [1]
USB_CoreInit            0x0800a5e9    0x6e  Code  Gb  stm32f4xx_ll_usb.o [1]
USB_CoreReset           0x0800aea7    0x2a  Code  Lc  stm32f4xx_ll_usb.o [1]
USB_DeactivateEndpoint  0x0800a885    0x5e  Code  Gb  stm32f4xx_ll_usb.o [1]
USB_DevConnect          0x0800adbf     0xe  Code  Gb  stm32f4xx_ll_usb.o [1]
USB_DevDisconnect       0x0800adcd     0xc  Code  Gb  stm32f4xx_ll_usb.o [1]
USB_DevInit             0x0800a691   0x10c  Code  Gb  stm32f4xx_ll_usb.o [1]
USB_DisableGlobalInt    0x0800a65f     0x6  Code  Gb  stm32f4xx_ll_usb.o [1]
USB_EP0StartXfer        0x0800ab7f    0xe0  Code  Gb  stm32f4xx_ll_usb.o [1]
USB_EP0_OutStart        0x0800ae77    0x30  Code  Gb  stm32f4xx_ll_usb.o [1]
USB_EPClearStall        0x0800ad49    0x5a  Code  Gb  stm32f4xx_ll_usb.o [1]
USB_EPSetStall          0x0800acfb    0x4e  Code  Gb  stm32f4xx_ll_usb.o [1]
USB_EPStartXfer         0x0800a987   0x1ce  Code  Gb  stm32f4xx_ll_usb.o [1]
USB_EnableGlobalInt     0x0800a657     0x8  Code  Gb  stm32f4xx_ll_usb.o [1]
USB_FlushRxFifo         0x0800a7bb    0x1a  Code  Gb  stm32f4xx_ll_usb.o [1]
USB_FlushTxFifo         0x0800a79d    0x1e  Code  Gb  stm32f4xx_ll_usb.o [1]
USB_GetDevSpeed         0x0800a7db    0x34  Code  Gb  stm32f4xx_ll_usb.o [1]
USB_GetMode             0x0800ae41     0x8  Code  Gb  stm32f4xx_ll_usb.o [1]
USB_ReadDevAllInEpInterrupt
                        0x0800adfb     0xe  Code  Gb  stm32f4xx_ll_usb.o [1]
USB_ReadDevAllOutEpInterrupt
                        0x0800aded     0xe  Code  Gb  stm32f4xx_ll_usb.o [1]
USB_ReadDevInEPInterrupt
                        0x0800ae1d    0x24  Code  Gb  stm32f4xx_ll_usb.o [1]
USB_ReadDevOutEPInterrupt
                        0x0800ae09    0x14  Code  Gb  stm32f4xx_ll_usb.o [1]
USB_ReadInterrupts      0x0800ade5     0x8  Code  Gb  stm32f4xx_ll_usb.o [1]
USB_ReadPacket          0x0800acdd    0x1e  Code  Gb  stm32f4xx_ll_usb.o [1]
USB_SetCurrentMode      0x0800a66b    0x26  Code  Gb  stm32f4xx_ll_usb.o [1]
USB_SetDevAddress       0x0800ada3    0x12  Code  Gb  stm32f4xx_ll_usb.o [1]
USB_SetDevSpeed         0x0800a7d5     0x6  Code  Gb  stm32f4xx_ll_usb.o [1]
USB_WritePacket         0x0800acb7    0x26  Code  Gb  stm32f4xx_ll_usb.o [1]
UserRxBufferHS          0x20004d7c    0x40  Data  Gb  usbd_cdc_if.o [1]
UserTxBufferHS          0x20004dbc    0x40  Data  Gb  usbd_cdc_if.o [1]
_Error_Handler          0x080049fd     0x2  Code  Gb  main.o [1]
__aeabi_memclr          0x0800b679          Code  Gb  ABImemclr.o [5]
__cmain                 0x0800b97d          Code  Gb  cmain.o [5]
__data_GetMemChunk      0x08003d5d    0x2c  Code  Gb  xgetmemchunk.o [3]
__exit                  0x08003d89    0x14  Code  Gb  exit.o [6]
__iar_Memset_word       0x0800b6ed          Code  Gb  ABImemset.o [5]
__iar_data_init3        0x0800b8e5    0x28  Code  Gb  data_init.o [5]
__iar_dlfree            0x0800383d   0x510  Code  Gb  dlmalloc.o [3]
__iar_dlmalloc          0x0800357d   0x2b4  Code  Gb  dlmalloc.o [3]
__iar_init_vfp          0x0800b90d          Code  Gb  fpinit_M.o [4]
__iar_lz77_init3        0x0800b463   0x160  Code  Gb  lz77_init.o [5]
__iar_program_start     0x0800b9bd          Code  Gb  cstartup_M.o [5]
__iar_unaligned___aeabi_memcpy4
                        0x08006ac5          Code  Gb  ABImemcpy_unaligned.o [5]
__iar_unaligned___aeabi_memcpy8
                        0x08006ac5          Code  Gb  ABImemcpy_unaligned.o [5]
__iar_unaligned_strncpy
                        0x0800b681          Code  Gb  strncpy_unaligned.o [5]
__iar_zero_init3        0x0800b8a5    0x40  Code  Gb  zero_init3.o [5]
__low_level_init        0x0800b997     0x4  Code  Gb  low_level_init.o [3]
__vector_table          0x08000000          Data  Gb  startup_stm32f429xx.o [1]
_call_main              0x0800b989          Code  Gb  cmain.o [5]
_exit                   0x0800b9a1          Code  Gb  cexit.o [5]
_gm_                    0x2000484c   0x1d8  Data  Lc  dlmalloc.o [3]
_main                   0x0800b993          Code  Gb  cmain.o [5]
abort                   0x08003d55     0x6  Code  Gb  abort.o [3]
commTaskHandle          0x20004b94     0x4  Data  Gb  main.o [1]
controlTaskHandle       0x20004b9c     0x4  Data  Gb  main.o [1]
cycleRepeat             0x2000012c     0x4  Data  Lc  main.o [1]
defaultTaskHandle       0x20004b90     0x4  Data  Gb  main.o [1]
exit                    0x0800b99b     0x4  Code  Gb  exit.o [3]
hUsbDeviceHS            0x20004428   0x224  Data  Gb  usb_device.o [1]
hdma2d                  0x20004a24    0x40  Data  Gb  main.o [1]
hi2c3                   0x20004af0    0x54  Data  Gb  main.o [1]
hltdc                   0x20004ba8    0xa8  Data  Gb  main.o [1]
hpcd_USB_OTG_HS         0x20004038   0x3f0  Data  Gb  usbd_conf.o [1]
hrng                    0x20004b84     0xc  Data  Gb  main.o [1]
hsdram1                 0x20004abc    0x34  Data  Gb  main.o [1]
hspi5                   0x20004a64    0x58  Data  Gb  main.o [1]
htim2                   0x20004eb8    0x3c  Data  Gb  main.o [1]
htim3                   0x20004ef4    0x3c  Data  Gb  main.o [1]
htim4                   0x20004f30    0x3c  Data  Gb  main.o [1]
htim6                   0x20004f6c    0x3c  Data  Gb  stm32f4xx_hal_timebase_TIM.o [1]
huart5                  0x20004b44    0x40  Data  Gb  main.o [1]
ili9341_DisplayOff      0x0800b18f     0x6  Code  Gb  ili9341.o [1]
ili9341_DisplayOn       0x0800b189     0x6  Code  Gb  ili9341.o [1]
ili9341_GetLcdPixelHeight
                        0x0800b19d     0x6  Code  Gb  ili9341.o [1]
ili9341_GetLcdPixelWidth
                        0x0800b199     0x4  Code  Gb  ili9341.o [1]
ili9341_Init            0x0800aefd   0x274  Code  Gb  ili9341.o [1]
ili9341_ReadData        0x0800b195     0x4  Code  Gb  ili9341.o [1]
ili9341_ReadID          0x0800b177    0x12  Code  Gb  ili9341.o [1]
ili9341_drv             0x20000314    0x38  Data  Gb  ili9341.o [1]
init_mparams            0x0800285f    0x32  Code  Lc  dlmalloc.o [3]
init_top                0x08002891    0x34  Code  Lc  dlmalloc.o [3]
main                    0x08003d9d   0x296  Code  Gb  main.o [1]
makeFreeRtosPriority    0x08006b1d     0xc  Code  Lc  cmsis_os.o [1]
mode                    0x20000128     0x4  Data  Lc  main.o [1]
mparams                 0x20004ff8    0x18  Data  Lc  dlmalloc.o [3]
osDelay                 0x08006b61     0xe  Code  Gb  cmsis_os.o [1]
osKernelStart           0x08006b29     0xa  Code  Gb  cmsis_os.o [1]
osSystickHandler        0x08006b6f    0x14  Code  Gb  cmsis_os.o [1]
osThreadCreate          0x08006b33    0x2e  Code  Gb  cmsis_os.o [1]
prepend_alloc           0x080028c5   0x36c  Code  Lc  dlmalloc.o [3]
prvAddCurrentTaskToDelayedList
                        0x08008c15    0x68  Code  Lc  tasks.o [1]
prvAddNewTaskToReadyList
                        0x08008821    0xa6  Code  Lc  tasks.o [1]
prvDeleteTCB            0x08008b9d    0x14  Code  Lc  tasks.o [1]
prvIdleTask             0x08008b35    0x54  Code  Lc  tasks.o [1]
prvInitialiseNewTask    0x080087a9    0x78  Code  Lc  tasks.o [1]
prvInsertBlockIntoFreeList
                        0x08009567    0x46  Code  Lc  heap_4.o [1]
prvResetNextTaskUnblockTime
                        0x08008bb1    0x1c  Code  Lc  tasks.o [1]
prvTaskExitError        0x08008cb9    0x28  Code  Lc  port.o [1]
pvPortMalloc            0x08009409    0xfa  Code  Gb  heap_4.o [1]
pxCurrentTCB            0x20004c78     0x4  Data  Gb  tasks.o [1]
pxDelayedTaskList       0x20004c7c     0x4  Data  Lc  tasks.o [1]
pxEnd                   0x20000428     0x4  Data  Lc  heap_4.o [1]
pxOverflowDelayedTaskList
                        0x20004c80     0x4  Data  Lc  tasks.o [1]
pxPortInitialiseStack   0x08008c91    0x26  Code  Gb  port.o [1]
pxReadyTasksLists       0x20004cf0    0x8c  Data  Lc  tasks.o [1]
receiveState            0x20004fe8     0x1  Data  Gb  main.o [1]
rxBuf                   0x20004fdc     0xc  Data  Gb  main.o [1]
saturateFloat           0x08004415    0x28  Code  Gb  main.o [1]
segment_holding         0x08002845    0x1a  Code  Lc  dlmalloc.o [3]
sensorTaskHandle        0x20004b98     0x4  Data  Gb  main.o [1]
servo1CurrPos           0x200000d8     0x4  Data  Lc  main.o [1]
servo1Max               0x20000100     0x4  Data  Lc  main.o [1]
servo1Min               0x200000ec     0x4  Data  Lc  main.o [1]
servo1NewPos            0x200000c4     0x4  Data  Lc  main.o [1]
servo1NewPosRef         0x200000b0     0x4  Data  Lc  main.o [1]
servo1StepSize          0x20000114     0x4  Data  Lc  main.o [1]
servo2CurrPos           0x200000dc     0x4  Data  Lc  main.o [1]
servo2Max               0x20000104     0x4  Data  Lc  main.o [1]
servo2Min               0x200000f0     0x4  Data  Lc  main.o [1]
servo2NewPos            0x200000c8     0x4  Data  Lc  main.o [1]
servo2NewPosRef         0x200000b4     0x4  Data  Lc  main.o [1]
servo2StepSize          0x20000118     0x4  Data  Lc  main.o [1]
servo3CurrPos           0x200000e0     0x4  Data  Lc  main.o [1]
servo3Max               0x20000108     0x4  Data  Lc  main.o [1]
servo3Min               0x200000f4     0x4  Data  Lc  main.o [1]
servo3NewPos            0x200000cc     0x4  Data  Lc  main.o [1]
servo3NewPosRef         0x200000b8     0x4  Data  Lc  main.o [1]
servo3StepSize          0x2000011c     0x4  Data  Lc  main.o [1]
servo4CurrPos           0x200000e4     0x4  Data  Lc  main.o [1]
servo4Max               0x2000010c     0x4  Data  Lc  main.o [1]
servo4Min               0x200000f8     0x4  Data  Lc  main.o [1]
servo4NewPos            0x200000d0     0x4  Data  Lc  main.o [1]
servo4NewPosRef         0x200000bc     0x4  Data  Lc  main.o [1]
servo4StepSize          0x20000120     0x4  Data  Lc  main.o [1]
servo5CurrPos           0x200000e8     0x4  Data  Lc  main.o [1]
servo5Max               0x20000110     0x4  Data  Lc  main.o [1]
servo5Min               0x200000fc     0x4  Data  Lc  main.o [1]
servo5NewPos            0x200000d4     0x4  Data  Lc  main.o [1]
servo5NewPosRef         0x200000c0     0x4  Data  Lc  main.o [1]
servo5StepSize          0x20000124     0x4  Data  Lc  main.o [1]
servoRampTaskHandle     0x20004ba0     0x4  Data  Gb  main.o [1]
stmpe811                0x20005034     0x2  Data  Gb  stmpe811.o [1]
stmpe811_ClearGlobalIT  0x0800b271     0x6  Code  Gb  stmpe811.o [1]
stmpe811_DisableGlobalIT
                        0x0800b221    0x14  Code  Gb  stmpe811.o [1]
stmpe811_DisableITSource
                        0x0800b247    0x10  Code  Gb  stmpe811.o [1]
stmpe811_EnableGlobalIT
                        0x0800b20d    0x14  Code  Gb  stmpe811.o [1]
stmpe811_EnableITSource
                        0x0800b235    0x12  Code  Gb  stmpe811.o [1]
stmpe811_GetInstance    0x0800b3df    0x1a  Code  Lc  stmpe811.o [1]
stmpe811_IO_EnableAF    0x0800b277    0x16  Code  Gb  stmpe811.o [1]
stmpe811_Init           0x0800b1a5    0x2a  Code  Gb  stmpe811.o [1]
stmpe811_ReadGITStatus  0x0800b269     0x8  Code  Gb  stmpe811.o [1]
stmpe811_ReadID         0x0800b1f1    0x1c  Code  Gb  stmpe811.o [1]
stmpe811_Reset          0x0800b1cf    0x22  Code  Gb  stmpe811.o [1]
stmpe811_TS_ClearIT     0x0800b3db     0x4  Code  Gb  stmpe811.o [1]
stmpe811_TS_DetectTouch
                        0x0800b341    0x2a  Code  Gb  stmpe811.o [1]
stmpe811_TS_DisableIT   0x0800b3c5    0x12  Code  Gb  stmpe811.o [1]
stmpe811_TS_EnableIT    0x0800b3ad     0xa  Code  Gb  stmpe811.o [1]
stmpe811_TS_GetXY       0x0800b36b    0x42  Code  Gb  stmpe811.o [1]
stmpe811_TS_ITStatus    0x0800b3d7     0x4  Code  Gb  stmpe811.o [1]
stmpe811_TS_Start       0x0800b2bf    0x7c  Code  Gb  stmpe811.o [1]
stmpe811_ts_drv         0x20000384    0x28  Data  Gb  stmpe811.o [1]
sys_alloc               0x08002c31   0x386  Code  Lc  dlmalloc.o [3]
tempbuf                 0x20005020     0x8  Data  Gb  usbd_cdc_if.o [1]
tmalloc_large           0x08002fc5   0x39e  Code  Lc  dlmalloc.o [3]
tmalloc_small           0x08003363   0x21a  Code  Lc  dlmalloc.o [3]
tsTaskHandle            0x20004ba4     0x4  Data  Gb  main.o [1]
txBuf                   0x20004fec     0xc  Data  Gb  main.o [1]
ucHeap                  0x20000438  0x3c00  Data  Lc  heap_4.o [1]
ucMaxSysCallPriority    0x200003ec     0x1  Data  Lc  port.o [1]
ulMaxPRIGROUPValue      0x200003f4     0x4  Data  Lc  port.o [1]
uwTick                  0x20005028     0x4  Data  Gb  stm32f4xx_hal.o [1]
uxCriticalNesting       0x200003f0     0x4  Data  Lc  port.o [1]
uxCurrentNumberOfTasks  0x20004c9c     0x4  Data  Lc  tasks.o [1]
uxDeletedTasksWaitingCleanUp
                        0x20004c84     0x4  Data  Lc  tasks.o [1]
uxListRemove            0x0800961f    0x24  Code  Gb  list.o [1]
uxPendedTicks           0x20004cac     0x4  Data  Lc  tasks.o [1]
uxSchedulerSuspended    0x20004cc0     0x4  Data  Lc  tasks.o [1]
uxTaskNumber            0x20004cb8     0x4  Data  Lc  tasks.o [1]
uxTopReadyPriority      0x20004ca4     0x4  Data  Lc  tasks.o [1]
vListInitialise         0x080095b5    0x1a  Code  Gb  list.o [1]
vListInitialiseItem     0x080095cf     0x6  Code  Gb  list.o [1]
vListInsert             0x080095ed    0x32  Code  Gb  list.o [1]
vListInsertEnd          0x080095d5    0x18  Code  Gb  list.o [1]
vPortEnableVFP          0x080096d1          Code  Gb  portasm.o [1]
vPortEnterCritical      0x08008d79    0x32  Code  Gb  port.o [1]
vPortExitCritical       0x08008dab    0x24  Code  Gb  port.o [1]
vPortFree               0x08009515    0x44  Code  Gb  heap_4.o [1]
vPortSetupTimerInterrupt
                        0x08008df5    0x18  Code  Wk  port.o [1]
vPortStartFirstTask     0x080096b9          Code  Gb  portasm.o [1]
vTaskDelay              0x080088c7    0x28  Code  Gb  tasks.o [1]
vTaskStartScheduler     0x080088f9    0x56  Code  Gb  tasks.o [1]
vTaskSuspendAll         0x0800894f     0xc  Code  Gb  tasks.o [1]
vTaskSwitchContext      0x08008acd    0x52  Code  Gb  tasks.o [1]
xBlockAllocatedBit      0x20000434     0x4  Data  Lc  heap_4.o [1]
xDelayedTaskList1       0x20004cc4    0x14  Data  Lc  tasks.o [1]
xDelayedTaskList2       0x20004cd8    0x14  Data  Lc  tasks.o [1]
xFreeBytesRemaining     0x2000042c     0x4  Data  Lc  heap_4.o [1]
xIdleTaskHandle         0x20004cec     0x4  Data  Lc  tasks.o [1]
xMinimumEverFreeBytesRemaining
                        0x20000430     0x4  Data  Lc  heap_4.o [1]
xNextTaskUnblockTime    0x20004cbc     0x4  Data  Lc  tasks.o [1]
xNumOfOverflows         0x20004cb4     0x4  Data  Lc  tasks.o [1]
xPendingReadyList       0x20004c50    0x14  Data  Lc  tasks.o [1]
xPortStartScheduler     0x08008ce1    0x84  Code  Gb  port.o [1]
xPortSysTickHandler     0x08008dcf    0x26  Code  Gb  port.o [1]
xSchedulerRunning       0x20004ca8     0x4  Data  Lc  tasks.o [1]
xStart                  0x20000420     0x8  Data  Lc  heap_4.o [1]
xSuspendedTaskList      0x20004c88    0x14  Data  Lc  tasks.o [1]
xTaskCreate             0x08008751    0x58  Code  Gb  tasks.o [1]
xTaskGetSchedulerState  0x08008bcd    0x18  Code  Gb  tasks.o [1]
xTaskIncrementTick      0x08008a03    0xb6  Code  Gb  tasks.o [1]
xTaskResumeAll          0x0800895b    0x94  Code  Gb  tasks.o [1]
xTasksWaitingTermination
                        0x20004c64    0x14  Data  Lc  tasks.o [1]
xTickCount              0x20004ca0     0x4  Data  Lc  tasks.o [1]
xYieldPending           0x20004cb0     0x4  Data  Lc  tasks.o [1]


[1] = C:\GIT\RobotArm2k17\STM32F4\RobotArm\EWARM\RobotArm\Obj
[2] = command line
[3] = dl7M_tlf.a
[4] = m7M_tls.a
[5] = rt7M_tl.a
[6] = shb_l.a

  37 934 bytes of readonly  code memory
  10 352 bytes of readonly  data memory
  23 609 bytes of readwrite data memory

Errors: none
Warnings: none
