###############################################################################
#
# IAR ELF Linker V8.20.1.14183/W32 for ARM                24/Jun/2018  17:06:48
# Copyright 2007-2017 IAR Systems AB.
#
#    Output file  =  
#        C:\GIT\RobotArm2k17\STM32F4\RobotArm\EWARM\RobotArm\Exe\RobotArm.out
#    Map file     =  
#        C:\GIT\RobotArm2k17\STM32F4\RobotArm\EWARM\RobotArm\List\RobotArm.map
#    Command line =  
#        -f C:\Users\david\AppData\Local\Temp\EW7CE1.tmp
#        (C:\GIT\RobotArm2k17\STM32F4\RobotArm\EWARM\RobotArm\Obj\cmsis_os.o
#        C:\GIT\RobotArm2k17\STM32F4\RobotArm\EWARM\RobotArm\Obj\croutine.o
#        C:\GIT\RobotArm2k17\STM32F4\RobotArm\EWARM\RobotArm\Obj\event_groups.o
#        C:\GIT\RobotArm2k17\STM32F4\RobotArm\EWARM\RobotArm\Obj\FramewinDLG.o
#        C:\GIT\RobotArm2k17\STM32F4\RobotArm\EWARM\RobotArm\Obj\freertos.o
#        C:\GIT\RobotArm2k17\STM32F4\RobotArm\EWARM\RobotArm\Obj\GUI_App.o
#        C:\GIT\RobotArm2k17\STM32F4\RobotArm\EWARM\RobotArm\Obj\GUI_X_OS.o
#        C:\GIT\RobotArm2k17\STM32F4\RobotArm\EWARM\RobotArm\Obj\GUIConf.o
#        C:\GIT\RobotArm2k17\STM32F4\RobotArm\EWARM\RobotArm\Obj\heap_4.o
#        C:\GIT\RobotArm2k17\STM32F4\RobotArm\EWARM\RobotArm\Obj\HW_Init.o
#        C:\GIT\RobotArm2k17\STM32F4\RobotArm\EWARM\RobotArm\Obj\ili9341.o
#        C:\GIT\RobotArm2k17\STM32F4\RobotArm\EWARM\RobotArm\Obj\l3gd20.o
#        C:\GIT\RobotArm2k17\STM32F4\RobotArm\EWARM\RobotArm\Obj\list.o
#        C:\GIT\RobotArm2k17\STM32F4\RobotArm\EWARM\RobotArm\Obj\main.o
#        C:\GIT\RobotArm2k17\STM32F4\RobotArm\EWARM\RobotArm\Obj\port.o
#        C:\GIT\RobotArm2k17\STM32F4\RobotArm\EWARM\RobotArm\Obj\portasm.o
#        C:\GIT\RobotArm2k17\STM32F4\RobotArm\EWARM\RobotArm\Obj\queue.o
#        C:\GIT\RobotArm2k17\STM32F4\RobotArm\EWARM\RobotArm\Obj\startup_stm32f429xx.o
#        C:\GIT\RobotArm2k17\STM32F4\RobotArm\Middlewares\ST\STemWin\Lib\STemWin540_CM4_OS_IAR_ARGB.a
#        C:\GIT\RobotArm2k17\STM32F4\RobotArm\EWARM\RobotArm\Obj\STemwin_wrapper.o
#        C:\GIT\RobotArm2k17\STM32F4\RobotArm\EWARM\RobotArm\Obj\stm32f429i_discovery.o
#        C:\GIT\RobotArm2k17\STM32F4\RobotArm\EWARM\RobotArm\Obj\stm32f429i_discovery_gyroscope.o
#        C:\GIT\RobotArm2k17\STM32F4\RobotArm\EWARM\RobotArm\Obj\stm32f429i_discovery_io.o
#        C:\GIT\RobotArm2k17\STM32F4\RobotArm\EWARM\RobotArm\Obj\stm32f429i_discovery_lcd.o
#        C:\GIT\RobotArm2k17\STM32F4\RobotArm\EWARM\RobotArm\Obj\stm32f429i_discovery_sdram.o
#        C:\GIT\RobotArm2k17\STM32F4\RobotArm\EWARM\RobotArm\Obj\stm32f429i_discovery_ts.o
#        C:\GIT\RobotArm2k17\STM32F4\RobotArm\EWARM\RobotArm\Obj\stm32f4xx_hal.o
#        C:\GIT\RobotArm2k17\STM32F4\RobotArm\EWARM\RobotArm\Obj\stm32f4xx_hal_adc.o
#        C:\GIT\RobotArm2k17\STM32F4\RobotArm\EWARM\RobotArm\Obj\stm32f4xx_hal_adc_ex.o
#        C:\GIT\RobotArm2k17\STM32F4\RobotArm\EWARM\RobotArm\Obj\stm32f4xx_hal_cortex.o
#        C:\GIT\RobotArm2k17\STM32F4\RobotArm\EWARM\RobotArm\Obj\stm32f4xx_hal_crc.o
#        C:\GIT\RobotArm2k17\STM32F4\RobotArm\EWARM\RobotArm\Obj\stm32f4xx_hal_dma.o
#        C:\GIT\RobotArm2k17\STM32F4\RobotArm\EWARM\RobotArm\Obj\stm32f4xx_hal_dma2d.o
#        C:\GIT\RobotArm2k17\STM32F4\RobotArm\EWARM\RobotArm\Obj\stm32f4xx_hal_dma_ex.o
#        C:\GIT\RobotArm2k17\STM32F4\RobotArm\EWARM\RobotArm\Obj\stm32f4xx_hal_dsi.o
#        C:\GIT\RobotArm2k17\STM32F4\RobotArm\EWARM\RobotArm\Obj\stm32f4xx_hal_flash.o
#        C:\GIT\RobotArm2k17\STM32F4\RobotArm\EWARM\RobotArm\Obj\stm32f4xx_hal_flash_ex.o
#        C:\GIT\RobotArm2k17\STM32F4\RobotArm\EWARM\RobotArm\Obj\stm32f4xx_hal_flash_ramfunc.o
#        C:\GIT\RobotArm2k17\STM32F4\RobotArm\EWARM\RobotArm\Obj\stm32f4xx_hal_gpio.o
#        C:\GIT\RobotArm2k17\STM32F4\RobotArm\EWARM\RobotArm\Obj\stm32f4xx_hal_i2c.o
#        C:\GIT\RobotArm2k17\STM32F4\RobotArm\EWARM\RobotArm\Obj\stm32f4xx_hal_i2c_ex.o
#        C:\GIT\RobotArm2k17\STM32F4\RobotArm\EWARM\RobotArm\Obj\stm32f4xx_hal_ltdc.o
#        C:\GIT\RobotArm2k17\STM32F4\RobotArm\EWARM\RobotArm\Obj\stm32f4xx_hal_ltdc_ex.o
#        C:\GIT\RobotArm2k17\STM32F4\RobotArm\EWARM\RobotArm\Obj\stm32f4xx_hal_msp.o
#        C:\GIT\RobotArm2k17\STM32F4\RobotArm\EWARM\RobotArm\Obj\stm32f4xx_hal_pcd.o
#        C:\GIT\RobotArm2k17\STM32F4\RobotArm\EWARM\RobotArm\Obj\stm32f4xx_hal_pcd_ex.o
#        C:\GIT\RobotArm2k17\STM32F4\RobotArm\EWARM\RobotArm\Obj\stm32f4xx_hal_pwr.o
#        C:\GIT\RobotArm2k17\STM32F4\RobotArm\EWARM\RobotArm\Obj\stm32f4xx_hal_pwr_ex.o
#        C:\GIT\RobotArm2k17\STM32F4\RobotArm\EWARM\RobotArm\Obj\stm32f4xx_hal_rcc.o
#        C:\GIT\RobotArm2k17\STM32F4\RobotArm\EWARM\RobotArm\Obj\stm32f4xx_hal_rcc_ex.o
#        C:\GIT\RobotArm2k17\STM32F4\RobotArm\EWARM\RobotArm\Obj\stm32f4xx_hal_rng.o
#        C:\GIT\RobotArm2k17\STM32F4\RobotArm\EWARM\RobotArm\Obj\stm32f4xx_hal_sdram.o
#        C:\GIT\RobotArm2k17\STM32F4\RobotArm\EWARM\RobotArm\Obj\stm32f4xx_hal_spi.o
#        C:\GIT\RobotArm2k17\STM32F4\RobotArm\EWARM\RobotArm\Obj\stm32f4xx_hal_tim.o
#        C:\GIT\RobotArm2k17\STM32F4\RobotArm\EWARM\RobotArm\Obj\stm32f4xx_hal_tim_ex.o
#        C:\GIT\RobotArm2k17\STM32F4\RobotArm\EWARM\RobotArm\Obj\stm32f4xx_hal_timebase_TIM.o
#        C:\GIT\RobotArm2k17\STM32F4\RobotArm\EWARM\RobotArm\Obj\stm32f4xx_hal_uart.o
#        C:\GIT\RobotArm2k17\STM32F4\RobotArm\EWARM\RobotArm\Obj\stm32f4xx_it.o
#        C:\GIT\RobotArm2k17\STM32F4\RobotArm\EWARM\RobotArm\Obj\stm32f4xx_ll_fmc.o
#        C:\GIT\RobotArm2k17\STM32F4\RobotArm\EWARM\RobotArm\Obj\stm32f4xx_ll_usb.o
#        C:\GIT\RobotArm2k17\STM32F4\RobotArm\EWARM\RobotArm\Obj\stmpe811.o
#        C:\GIT\RobotArm2k17\STM32F4\RobotArm\EWARM\RobotArm\Obj\system_stm32f4xx.o
#        C:\GIT\RobotArm2k17\STM32F4\RobotArm\EWARM\RobotArm\Obj\tasks.o
#        C:\GIT\RobotArm2k17\STM32F4\RobotArm\EWARM\RobotArm\Obj\timers.o
#        C:\GIT\RobotArm2k17\STM32F4\RobotArm\EWARM\RobotArm\Obj\ts_calibration.o
#        C:\GIT\RobotArm2k17\STM32F4\RobotArm\EWARM\RobotArm\Obj\usb_device.o
#        C:\GIT\RobotArm2k17\STM32F4\RobotArm\EWARM\RobotArm\Obj\usbd_cdc.o
#        C:\GIT\RobotArm2k17\STM32F4\RobotArm\EWARM\RobotArm\Obj\usbd_cdc_if.o
#        C:\GIT\RobotArm2k17\STM32F4\RobotArm\EWARM\RobotArm\Obj\usbd_conf.o
#        C:\GIT\RobotArm2k17\STM32F4\RobotArm\EWARM\RobotArm\Obj\usbd_core.o
#        C:\GIT\RobotArm2k17\STM32F4\RobotArm\EWARM\RobotArm\Obj\usbd_ctlreq.o
#        C:\GIT\RobotArm2k17\STM32F4\RobotArm\EWARM\RobotArm\Obj\usbd_desc.o
#        C:\GIT\RobotArm2k17\STM32F4\RobotArm\EWARM\RobotArm\Obj\usbd_ioreq.o
#        --redirect _Printf=_PrintfFull --redirect _Scanf=_ScanfFull -o
#        C:\GIT\RobotArm2k17\STM32F4\RobotArm\EWARM\RobotArm\Exe\RobotArm.out
#        --map
#        C:\GIT\RobotArm2k17\STM32F4\RobotArm\EWARM\RobotArm\List\RobotArm.map
#        --config
#        C:\GIT\RobotArm2k17\STM32F4\RobotArm\EWARM/stm32f429xx_flash.icf
#        --semihosting --entry __iar_program_start --vfe --text_out locale)
#
###############################################################################

*******************************************************************************
*** MESSAGES
***

Warning[Lt009]: Inconsistent wchar_t size
            BUTTON.o(STemWin540_CM4_OS_IAR_ARGB.a) and 128 other objects have
                      wchar_t size 16 bits
            cmsis_os.o and 97 other objects, some of them in m7M_tls.a and 27
                      other libraries have wchar_t size 32 bits


*******************************************************************************
*** RUNTIME MODEL ATTRIBUTES
***

CppFlavor       = *
__Heap_Handler  = DLMalloc
__SystemLibrary = DLib
__dlib_version  = 6


*******************************************************************************
*** HEAP SELECTION
***

The advanced heap was selected because the application calls memory
allocation functions outside of system library functions, and there
are calls to deallocation functions in the application.


*******************************************************************************
*** PLACEMENT SUMMARY
***

"A0":  place at 0x08000000 { ro section .intvec };
"P1":  place in [from 0x08000000 to 0x081fffff] { ro };
define block CSTACK with size = 1536, alignment = 8 { };
define block HEAP with size = 4K, alignment = 8 { };
"P2":  place in [from 0x20000000 to 0x2002ffff] {
          rw, block CSTACK, block HEAP };
initialize by copy { rw };

  Section            Kind        Address     Size  Object
  -------            ----        -------     ----  ------
"A0":                                       0x1ac
  .intvec            ro code  0x08000000    0x1ac  startup_stm32f429xx.o [1]
                            - 0x080001ac    0x1ac

"P1":                                     0x214de
  .rodata            const    0x080001ac   0x2b0c  stm32f429i_discovery_lcd.o [1]
  .rodata            const    0x08002cb8   0x1e30  F32_1.o [3]
  .text              ro code  0x08004ae8   0x1c90  main.o [1]
  .text              ro code  0x08006778     0x34  stm32f4xx_hal.o [1]
  .text              ro code  0x080067ac    0x582  stm32f4xx_hal_tim.o [1]
  .text              ro code  0x08006d2e     0x7a  lz77_init_single.o [6]
  .text              ro code  0x08006da8     0x8a  stm32f4xx_hal_tim_ex.o [1]
  .text              ro code  0x08006e32     0x5e  GUICC_888.o [3]
  .text              ro code  0x08006e90    0x4f5  stm32f429i_discovery.o [1]
  .text              ro code  0x08007386     0x1e  GUICC_8888_Index2Color.o [3]
  .text              ro code  0x080073a4    0x90c  stm32f429i_discovery_lcd.o [1]
  .text              ro code  0x08007cb0    0x108  stm32f429i_discovery_ts.o [1]
  .text              ro code  0x08007db8    0xa68  STemwin_wrapper.o [1]
  .text              ro code  0x08008820     0xa6  ABImemcpy.o [6]
  .text              ro code  0x080088c6     0x1e  xencoding_8859_1.o [4]
  .text              ro code  0x080088e4    0x184  cmsis_os.o [1]
  .text              ro code  0x08008a68    0x314  stm32f4xx_hal_rcc.o [1]
  .text              ro code  0x08008d7c    0x1f4  stm32f4xx_hal_rcc.o [1]
  .text              ro code  0x08008f70    0x240  stm32f4xx_hal_rcc_ex.o [1]
  .text              ro code  0x080091b0    0x108  stm32f4xx_hal_cortex.o [1]
  .text              ro code  0x080092b8    0x45e  stm32f4xx_hal_adc.o [1]
  .text              ro code  0x08009716     0x26  stm32f4xx_hal_crc.o [1]
  .text              ro code  0x0800973c    0x9dc  stm32f4xx_hal_i2c.o [1]
  .text              ro code  0x0800a118     0x30  stm32f4xx_hal_rng.o [1]
  .text              ro code  0x0800a148    0x320  stm32f4xx_hal_spi.o [1]
  .text              ro code  0x0800a468    0x460  stm32f4xx_hal_msp.o [1]
  .text              ro code  0x0800a8c8    0x2e0  stm32f4xx_hal_uart.o [1]
  .text              ro code  0x0800aba8    0x37e  stm32f4xx_hal_gpio.o [1]
  .text              ro code  0x0800af26      0xa  xsprout.o [4]
  .text              ro code  0x0800af30     0x48  FltToDbl.o [5]
  .text              ro code  0x0800af78    0x1a2  DblMul.o [5]
  .text              ro code  0x0800b11a      0x6  GUICC_M888_Index2Color.o [3]
  .text              ro code  0x0800b120    0x246  DblDiv.o [5]
  .text              ro code  0x0800b366      0x2  GUICC_M8888I_Index2Color.o [3]
  .text              ro code  0x0800b368     0x68  DblToFlt.o [5]
  .text              ro code  0x0800b3d0    0x178  DblAdd.o [5]
  .text              ro code  0x0800b548    0x1e0  cos_sin32.o [5]
  .text              ro code  0x0800b728    0x1bc  tan32.o [5]
  .text              ro code  0x0800b8e4     0x48  atanf.o [5]
  .text              ro code  0x0800b92c     0x1e  sqrtf.o [5]
  .text              ro code  0x0800b94c     0x5c  asinf.o [5]
  .text              ro code  0x0800b9a8     0x64  acosf.o [5]
  .text              ro code  0x0800ba0c     0x1a  U32ToDbl.o [5]
  .text              ro code  0x0800ba28     0x38  usb_device.o [1]
  .text              ro code  0x0800ba60     0x60  GUI_App.o [1]
  .text              ro code  0x0800bac0     0x40  sprintf.o [4]
  .text              ro code  0x0800bb00     0xe0  usbd_cdc_if.o [1]
  .text              ro code  0x0800bbe0     0x22  S32ToDbl.o [5]
  .text              ro code  0x0800bc04     0x3a  DblToS32.o [5]
  .text              ro code  0x0800bc40     0xe2  DblSub.o [5]
  .text              ro code  0x0800bd24     0x10  stm32f4xx_hal.o [1]
  .text              ro code  0x0800bd34     0x80  stm32f4xx_hal_timebase_TIM.o [1]
  .text              ro code  0x0800bdb4      0x2  stm32f4xx_hal_tim.o [1]
  .text              ro code  0x0800bdb6      0x2  stm32f4xx_hal_tim.o [1]
  .text              ro code  0x0800bdb8      0x2  stm32f4xx_hal_tim.o [1]
  .text              ro code  0x0800bdba      0x2  stm32f4xx_hal_tim_ex.o [1]
  .text              ro code  0x0800bdbc      0x2  stm32f4xx_hal_tim.o [1]
  .text              ro code  0x0800bdbe      0x2  stm32f4xx_hal_tim_ex.o [1]
  .text              ro code  0x0800bdc0     0x28  stm32f4xx_hal.o [1]
  .text              ro code  0x0800bde8    0x428  stm32f4xx_hal_dma2d.o [1]
  .text              ro code  0x0800c210    0x31c  GUI_Common.o [3]
  .text              ro code  0x0800c52c    0x10c  LCD_Set.o [3]
  .text              ro code  0x0800c638    0x5c8  LCD.o [3]
  .text              ro code  0x0800cc00    0x166  GUI_Device.o [3]
  .text              ro code  0x0800cd68    0x190  LCD_GetEx.o [3]
  .text              ro code  0x0800cef8     0xfc  GUICC_M1555I.o [3]
  .text              ro code  0x0800cff4     0xf8  GUICC_M565.o [3]
  .text              ro code  0x0800d0ec    0x11c  GUICC_M4444I.o [3]
  .text              ro code  0x0800d208     0x36  GUICC_M888.o [3]
  .text              ro code  0x0800d23e     0x2a  GUICC_M8888I.o [3]
  .text              ro code  0x0800d268    0x2fc  GUI__Alpha.o [3]
  .text              ro code  0x0800d564    0x48c  stm32f4xx_hal_ltdc.o [1]
  .text              ro code  0x0800d9f0     0x68  GUI_SelectLayer.o [3]
  .text              ro code  0x0800da58    0x508  HW_Init.o [1]
  .text              ro code  0x0800df60    0x1e4  GUI_Core.o [3]
  .text              ro code  0x0800e144    0x5b4  WM_Lib.o [3]
  .text              ro code  0x0800e6f8    0x83c  tasks.o [1]
  .text              ro code  0x0800ef34    0x6c8  queue.o [1]
  .text              ro code  0x0800f5fc    0x200  port.o [1]
  .text              ro code  0x0800f7fc      0xc  stm32f4xx_hal.o [1]
  .text              ro code  0x0800f808    0x22e  I64DivMod.o [6]
  .text              ro code  0x0800fa38    0x3e4  stm32f4xx_hal_dma.o [1]
  .text              ro code  0x0800fe1c      0x2  stm32f4xx_hal_adc.o [1]
  .text              ro code  0x0800fe1e      0x2  stm32f4xx_hal_adc.o [1]
  .text              ro code  0x0800fe20     0xa4  xatanf.o [5]
  .text              ro code  0x0800fec4    0x280  usbd_core.o [1]
  .text              ro code  0x08010144    0x268  usbd_cdc.o [1]
  .text              ro code  0x080103ac     0x68  FramewinDLG.o [1]
  .text              ro code  0x08010414     0x68  GUI_Time.o [3]
  .text              ro code  0x0801047c    0x2ba  GUI_DispString.o [3]
  .text              ro code  0x08010738    0xf4e  xprintffull.o [4]
  .text              ro code  0x08011688     0x66  ABImemset.o [6]
  .text              ro code  0x080116f0     0x70  strncpy.o [6]
  .text              ro code  0x08011760      0x2  stm32f4xx_hal_dma2d.o [1]
  .text              ro code  0x08011762      0x2  stm32f4xx_hal_dma2d.o [1]
  .text              ro code  0x08011764    0x14c  GUI_Task.o [3]
  .text              ro code  0x080118b0     0x18  LCD_GetColorIndex.o [3]
  .text              ro code  0x080118c8   0x11d0  WM.o [3]
  .text              ro code  0x08012a98     0x44  LCD_SelectLCD.o [3]
  .text              ro code  0x08012adc     0x24  LCD_UpdateColorIndices.o [3]
  .text              ro code  0x08012b00     0xbc  LCD_Color.o [3]
  .text              ro code  0x08012bbc    0x5e0  GUI_Alloc.o [3]
  .text              ro code  0x0801319c    0x1b4  LCD_ReadRect.o [3]
  .text              ro code  0x08013350    0x120  GUI__ExpandPixelIndices.o [3]
  .text              ro code  0x08013470    0x298  ili9341.o [1]
  .text              ro code  0x08013708     0x9c  stm32f4xx_hal_sdram.o [1]
  .text              ro code  0x080137a4     0x10  GUIConf.o [1]
  .text              ro code  0x080137b4     0x58  GUI_X_OS.o [1]
  .text              ro code  0x0801380c    0x270  WM__Private.o [3]
  .text              ro code  0x08013a7c    0x21c  GUI__Private.o [3]
  .text              ro code  0x08013c98    0x1e4  heap_4.o [1]
  .text              ro code  0x08013e7c     0x90  list.o [1]
  CODE               ro code  0x08013f0c     0xa8  portasm.o [1]
  .text              ro code  0x08013fb4      0x2  I64DivZer.o [6]
  .text              ro code  0x08013fb8    0x300  usbd_conf.o [1]
  .text              ro code  0x080142b8    0x4c4  usbd_ctlreq.o [1]
  .text              ro code  0x0801477c     0x84  usbd_ioreq.o [1]
  .text              ro code  0x08014800   0x14d8  dlmalloc.o [4]
  .text              ro code  0x08015cd8      0x4  heaptramp0.o [4]
  .text              ro code  0x08015cdc     0xa6  DIALOG.o [3]
  .text              ro code  0x08015d84     0x88  GUI_Char.o [3]
  .text              ro code  0x08015e0c    0x1d8  GUI_CharLine.o [3]
  .text              ro code  0x08015fe4     0x4c  GUI_UC.o [3]
  .text              ro code  0x08016030     0x78  xlocale_c.o [4]
  .text              ro code  0x080160a8     0x16  strchr.o [6]
  .text              ro code  0x080160c0     0x44  xfail_s.o [4]
  .text              ro code  0x08016104     0x36  strlen.o [6]
  .text              ro code  0x0801613c     0x58  memchr.o [6]
  .text              ro code  0x08016194      0xa  xmbcurmax.o [4]
  .text              ro code  0x080161a0     0x70  frexp.o [5]
  .text              ro code  0x08016210     0x2e  DblCmpLe.o [5]
  .text              ro code  0x08016240     0x2e  DblCmpGe.o [5]
  .text              ro code  0x08016270    0x13a  ldexp.o [5]
  .text              ro code  0x080163ac     0x28  DblToU32.o [5]
  .text              ro code  0x080163d4     0x30  LCD_SetClipRectEx.o [3]
  .text              ro code  0x08016404     0x10  GUI_WaitEvent.o [3]
  .text              ro code  0x08016414    0x328  GUIDEV.o [3]
  .text              ro code  0x0801673c     0x84  WM_Timer.o [3]
  .text              ro code  0x080167c0    0x160  GUIDEV_Banding.o [3]
  .text              ro code  0x08016920     0x60  GUI_OnKey.o [3]
  .text              ro code  0x08016980     0xd0  GUI__ManageCache.o [3]
  .text              ro code  0x08016a50     0x1a  LCD_GetNumDisplays.o [3]
  .text              ro code  0x08016a6c     0x96  ABImemmove.o [6]
  .text              ro code  0x08016b04    0x14c  stm32f4xx_ll_fmc.o [1]
  .text              ro code  0x08016c50    0x150  WM_Move.o [3]
  .text              ro code  0x08016da0     0x4c  strcpy.o [6]
  .text              ro code  0x08016dec    0x948  stm32f4xx_hal_pcd.o [1]
  .text              ro code  0x08017734     0x50  stm32f4xx_hal_pcd_ex.o [1]
  .text              ro code  0x08017784      0x6  abort.o [4]
  .text              ro code  0x0801778c     0x2c  xgetmemchunk.o [4]
  .text              ro code  0x080177b8    0x208  WIDGET.o [3]
  .text              ro code  0x080179c0     0x84  WM_SetFocusOnNextChild.o [3]
  .text              ro code  0x08017a44    0x1b8  GUIDEV_UsageBM.o [3]
  .text              ro code  0x08017bfc     0x58  GUIDEV_Usage.o [3]
  .text              ro code  0x08017c54    0x608  GUIDEV_WriteToActiveOpaque.o [3]
  .text              ro code  0x0801825c    0x13e  GUI_Timer.o [3]
  .text              ro code  0x0801839c     0x34  GUIDEV_GetYSize.o [3]
  .text              ro code  0x080183d0     0x38  GUIDEV_ReduceYSize.o [3]
  .text              ro code  0x08018408     0x70  GUIDEV_SetOrg.o [3]
  .text              ro code  0x08018478     0x44  GUIDEV_Clear.o [3]
  .text              ro code  0x080184bc    0x9a4  stm32f4xx_ll_usb.o [1]
  .text              ro code  0x08018e60     0x14  exit.o [7]
  .text              ro code  0x08018e74     0x80  WM_BringToTop.o [3]
  .text              ro code  0x08018ef4      0x6  ABImemclr.o [6]
  .text              ro code  0x08018efa    0x274  GUI__CompactPixelIndices.o [3]
  .text              ro code  0x0801916e     0x2a  GUIDEV_GetDataPtr.o [3]
  .rodata            const    0x08019198   0x1c24  F32_ASCII.o [3]
  .text              ro code  0x0801adbc    0xaf8  GUIDRV_Lin_32.o [3]
  .rodata            const    0x0801b8b4    0x984  F13_1.o [3]
  .text              ro code  0x0801c238    0x974  GUIDEV_32.o [3]
  .rodata            const    0x0801cbac    0x918  F13_ASCII.o [3]
  .rodata            const    0x0801d4c4    0x718  F6x8.o [3]
  .text              ro code  0x0801dbdc    0x6ee  FRAMEWIN.o [3]
  .text              ro code  0x0801e2ca     0x5e  WM_SetFocusOnPrevChild.o [3]
  .text              ro code  0x0801e328     0x68  WM_GetWindowSize.o [3]
  .text              ro code  0x0801e390     0x94  WM_SetCaptureMove.o [3]
  .text              ro code  0x0801e424     0x2a  WM_MemDev.o [3]
  .text              ro code  0x0801e450     0x60  WM_SetCapture.o [3]
  .rodata            const    0x0801e4b0    0x370  GUI__DivTbl.o [3]
  .text              ro code  0x0801e820    0x36a  FRAMEWIN_SkinFlex.o [3]
  .text              ro code  0x0801eb8c    0x33a  GUI__DrawTwinArc.o [3]
  .text              ro code  0x0801eec8    0x160  GUI_DrawLib.o [3]
  .text              ro code  0x0801f028    0x1f8  GUI_DrawGradient.o [3]
  .text              ro code  0x0801f220     0x4e  WM_SetTrans.o [3]
  .text              ro code  0x0801f270    0x2e8  stmpe811.o [1]
  .text              ro code  0x0801f558    0x2c0  GUIDEV_WriteToActiveAlpha.o [3]
  .text              ro code  0x0801f818    0x28c  BUTTON.o [3]
  .text              ro code  0x0801faa4    0x244  BUTTON_SkinFlex.o [3]
  .text              ro code  0x0801fce8     0x88  GUI_2DLib.o [3]
  .text              ro code  0x0801fd70     0x2e  GUI_DRAW.o [3]
  .text              ro code  0x0801fda0    0x174  GUI_CharM.o [3]
  .text              ro code  0x0801ff14    0x170  GUIDEV_StaticDevices.o [3]
  .text              ro code  0x08020084     0x24  GUI_SetAlpha.o [3]
  .text              ro code  0x080200a8     0x84  GUIDEV_Write.o [3]
  .text              ro code  0x0802012c     0x10  LCD_AA.o [3]
  .text              ro code  0x0802013c    0x160  FRAMEWIN_Skin.o [3]
  .text              ro code  0x0802029c    0x12c  GUI_CharP.o [3]
  .text              ro code  0x080203c8    0x108  usbd_desc.o [1]
  .rodata            const    0x080204d0    0x100  LCD_Mirror.o [3]
  .text              ro code  0x080205d0     0xd4  GUICC_565.o [3]
  .text              ro code  0x080206a4     0xb8  GUICC_1616I.o [3]
  .text              ro code  0x0802075c     0xb8  GUICC_8666_1.o [3]
  .text              ro code  0x08020814     0xb8  GUICC_0.o [3]
  .text              ro code  0x080208cc     0xb0  GUICC_8666.o [3]
  .text              ro code  0x0802097c     0xa8  GUICC_88666I.o [3]
  .text              ro code  0x08020a24     0xa8  BUTTON_Skin.o [3]
  .text              ro code  0x08020acc      0x6  ABImemclr4.o [6]
  .text              ro code  0x08020ad4     0x32  ABImemset48.o [6]
  .text              ro code  0x08020b06     0xa0  GUICC_16.o [3]
  .text              ro code  0x08020ba8     0x94  GUICC_84444.o [3]
  .text              ro code  0x08020c3c     0x8c  GUICC_822216.o [3]
  .text              ro code  0x08020cc8     0x6a  GUICC_8888.o [3]
  .text              ro code  0x08020d34     0x60  system_stm32f4xx.o [1]
  .text              ro code  0x08020d94     0x60  WIDGET_Effect_Simple.o [3]
  .rodata            const    0x08020df4     0x58  main.o [1]
  .text              ro code  0x08020e4c     0x40  zero_init3.o [6]
  .text              ro code  0x08020e8c     0x38  GUICC_M8888.o [3]
  .rodata            const    0x08020ec4     0x34  GUIDRV_Lin_32.o [3]
  .text              ro code  0x08020ef8     0x32  stm32f4xx_it.o [1]
  .text              ro code  0x08020f2c     0x28  data_init.o [6]
  .text              ro code  0x08020f54     0x24  GUI_UC_EncodeNone.o [3]
  .text              ro code  0x08020f78     0x22  fpinit_M.o [5]
  .iar.init_table    const    0x08020f9c     0x20  - Linker created -
  .text              ro code  0x08020fbc     0x1e  cmain.o [6]
  .text              ro code  0x08020fda      0x4  low_level_init.o [4]
  .text              ro code  0x08020fde      0x4  exit.o [4]
  .text              ro code  0x08020fe4      0xa  cexit.o [6]
  .rodata            const    0x08020ff0     0x1c  WIDGET_Effect_Simple.o [3]
  .rodata            const    0x0802100c     0x18  GUICC_M1555I.o [3]
  .rodata            const    0x08021024     0x18  GUICC_M4444I.o [3]
  .rodata            const    0x0802103c     0x18  GUICC_M565.o [3]
  .rodata            const    0x08021054     0x18  GUICC_M8888I.o [3]
  .rodata            const    0x0802106c     0x18  GUICC_M888.o [3]
  .rodata            const    0x08021084     0x18  GUICC_1616I.o [3]
  .rodata            const    0x0802109c     0x18  GUICC_565.o [3]
  .rodata            const    0x080210b4     0x18  GUICC_822216.o [3]
  .rodata            const    0x080210cc     0x18  GUICC_84444.o [3]
  .rodata            const    0x080210e4     0x18  GUICC_8666.o [3]
  .rodata            const    0x080210fc     0x18  GUICC_8666_1.o [3]
  .rodata            const    0x08021114     0x18  GUICC_88666I.o [3]
  .rodata            const    0x0802112c     0x18  GUICC_888.o [3]
  .rodata            const    0x08021144     0x18  GUICC_8888.o [3]
  .rodata            const    0x0802115c     0x18  GUICC_M8888.o [3]
  .rodata            const    0x08021174     0x18  GUICC_16.o [3]
  .rodata            const    0x0802118c     0x18  GUICC_0.o [3]
  .rodata            const    0x080211a4     0x14  FramewinDLG.o [1]
  .text              ro code  0x080211b8     0x14  GUICC_888_Index2Color.o [3]
  .text              ro code  0x080211cc     0x14  memset.o [6]
  .text              ro code  0x080211e0     0x10  startup_stm32f429xx.o [1]
  .rodata            const    0x080211f0      0xc  LCD.o [3]
  .text              ro code  0x080211fc      0xc  cstartup_M.o [6]
  .text              ro code  0x08021208      0xc  memcpy.o [6]
  .rodata            const    0x08021214      0x8  system_stm32f4xx.o [1]
  .rodata            const    0x0802121c      0x6  xlocale_c.o [4]
  .text              ro code  0x08021222      0x4  startup_stm32f429xx.o [1]
  .text              ro code  0x08021226      0x4  startup_stm32f429xx.o [1]
  .text              ro code  0x0802122a      0x4  startup_stm32f429xx.o [1]
  .text              ro code  0x0802122e      0x4  startup_stm32f429xx.o [1]
  .text              ro code  0x08021232      0x4  startup_stm32f429xx.o [1]
  .text              ro code  0x08021236      0x4  startup_stm32f429xx.o [1]
  .text              ro code  0x0802123a      0x4  startup_stm32f429xx.o [1]
  .text              ro code  0x0802123e      0x4  startup_stm32f429xx.o [1]
  .text              ro code  0x08021242      0x4  startup_stm32f429xx.o [1]
  .text              ro code  0x08021246      0x4  startup_stm32f429xx.o [1]
  .text              ro code  0x0802124a      0x4  startup_stm32f429xx.o [1]
  .text              ro code  0x0802124e      0x4  startup_stm32f429xx.o [1]
  .text              ro code  0x08021252      0x4  startup_stm32f429xx.o [1]
  .text              ro code  0x08021256      0x4  startup_stm32f429xx.o [1]
  .text              ro code  0x0802125a      0x4  startup_stm32f429xx.o [1]
  .text              ro code  0x0802125e      0x4  startup_stm32f429xx.o [1]
  .text              ro code  0x08021262      0x4  startup_stm32f429xx.o [1]
  .text              ro code  0x08021266      0x4  startup_stm32f429xx.o [1]
  .text              ro code  0x0802126a      0x4  startup_stm32f429xx.o [1]
  .text              ro code  0x0802126e      0x4  startup_stm32f429xx.o [1]
  .text              ro code  0x08021272      0x4  startup_stm32f429xx.o [1]
  .text              ro code  0x08021276      0x4  startup_stm32f429xx.o [1]
  .text              ro code  0x0802127a      0x4  startup_stm32f429xx.o [1]
  .text              ro code  0x0802127e      0x4  startup_stm32f429xx.o [1]
  .text              ro code  0x08021282      0x4  startup_stm32f429xx.o [1]
  .text              ro code  0x08021286      0x4  startup_stm32f429xx.o [1]
  .text              ro code  0x0802128a      0x4  startup_stm32f429xx.o [1]
  .text              ro code  0x0802128e      0x4  startup_stm32f429xx.o [1]
  .text              ro code  0x08021292      0x4  startup_stm32f429xx.o [1]
  .text              ro code  0x08021296      0x4  startup_stm32f429xx.o [1]
  .text              ro code  0x0802129a      0x4  startup_stm32f429xx.o [1]
  .text              ro code  0x0802129e      0x4  startup_stm32f429xx.o [1]
  .text              ro code  0x080212a2      0x4  startup_stm32f429xx.o [1]
  .text              ro code  0x080212a6      0x4  startup_stm32f429xx.o [1]
  .text              ro code  0x080212aa      0x4  startup_stm32f429xx.o [1]
  .text              ro code  0x080212ae      0x4  startup_stm32f429xx.o [1]
  .text              ro code  0x080212b2      0x4  startup_stm32f429xx.o [1]
  .text              ro code  0x080212b6      0x4  startup_stm32f429xx.o [1]
  .text              ro code  0x080212ba      0x4  startup_stm32f429xx.o [1]
  .text              ro code  0x080212be      0x4  startup_stm32f429xx.o [1]
  .text              ro code  0x080212c2      0x4  startup_stm32f429xx.o [1]
  .text              ro code  0x080212c6      0x4  startup_stm32f429xx.o [1]
  .text              ro code  0x080212ca      0x4  startup_stm32f429xx.o [1]
  .text              ro code  0x080212ce      0x4  startup_stm32f429xx.o [1]
  .text              ro code  0x080212d2      0x4  startup_stm32f429xx.o [1]
  .text              ro code  0x080212d6      0x4  startup_stm32f429xx.o [1]
  .text              ro code  0x080212da      0x4  startup_stm32f429xx.o [1]
  .text              ro code  0x080212de      0x4  startup_stm32f429xx.o [1]
  .text              ro code  0x080212e2      0x4  startup_stm32f429xx.o [1]
  .text              ro code  0x080212e6      0x4  startup_stm32f429xx.o [1]
  .text              ro code  0x080212ea      0x4  startup_stm32f429xx.o [1]
  .text              ro code  0x080212ee      0x4  startup_stm32f429xx.o [1]
  .text              ro code  0x080212f2      0x4  startup_stm32f429xx.o [1]
  .text              ro code  0x080212f6      0x4  startup_stm32f429xx.o [1]
  .text              ro code  0x080212fa      0x4  startup_stm32f429xx.o [1]
  .text              ro code  0x080212fe      0x4  startup_stm32f429xx.o [1]
  .text              ro code  0x08021302      0x4  startup_stm32f429xx.o [1]
  .text              ro code  0x08021306      0x4  startup_stm32f429xx.o [1]
  .text              ro code  0x0802130a      0x4  startup_stm32f429xx.o [1]
  .text              ro code  0x0802130e      0x4  startup_stm32f429xx.o [1]
  .text              ro code  0x08021312      0x4  startup_stm32f429xx.o [1]
  .text              ro code  0x08021316      0x4  startup_stm32f429xx.o [1]
  .text              ro code  0x0802131a      0x4  startup_stm32f429xx.o [1]
  .text              ro code  0x0802131e      0x4  startup_stm32f429xx.o [1]
  .text              ro code  0x08021322      0x4  startup_stm32f429xx.o [1]
  .text              ro code  0x08021326      0x4  startup_stm32f429xx.o [1]
  .text              ro code  0x0802132a      0x4  startup_stm32f429xx.o [1]
  .text              ro code  0x0802132e      0x4  startup_stm32f429xx.o [1]
  .text              ro code  0x08021332      0x4  startup_stm32f429xx.o [1]
  .text              ro code  0x08021336      0x4  startup_stm32f429xx.o [1]
  .text              ro code  0x0802133a      0x4  startup_stm32f429xx.o [1]
  .text              ro code  0x0802133e      0x4  startup_stm32f429xx.o [1]
  .text              ro code  0x08021342      0x4  startup_stm32f429xx.o [1]
  .text              ro code  0x08021346      0x4  startup_stm32f429xx.o [1]
  .text              ro code  0x0802134a      0x4  startup_stm32f429xx.o [1]
  .text              ro code  0x0802134e      0x4  startup_stm32f429xx.o [1]
  .text              ro code  0x08021352      0x4  startup_stm32f429xx.o [1]
  .text              ro code  0x08021356      0x4  startup_stm32f429xx.o [1]
  .text              ro code  0x0802135a      0x4  startup_stm32f429xx.o [1]
  .text              ro code  0x0802135e      0x4  startup_stm32f429xx.o [1]
  .text              ro code  0x08021362      0x4  startup_stm32f429xx.o [1]
  .text              ro code  0x08021366      0x4  startup_stm32f429xx.o [1]
  .text              ro code  0x0802136a      0x4  startup_stm32f429xx.o [1]
  .text              ro code  0x0802136e      0x4  startup_stm32f429xx.o [1]
  .text              ro code  0x08021372      0x4  startup_stm32f429xx.o [1]
  .text              ro code  0x08021376      0x4  startup_stm32f429xx.o [1]
  .text              ro code  0x0802137a      0x4  startup_stm32f429xx.o [1]
  .text              ro code  0x0802137e      0x4  startup_stm32f429xx.o [1]
  .text              ro code  0x08021382      0x4  startup_stm32f429xx.o [1]
  .text              ro code  0x08021386      0x4  startup_stm32f429xx.o [1]
  .text              ro code  0x0802138a      0x4  startup_stm32f429xx.o [1]
  .rodata            const    0x0802138e      0x0  zero_init3.o [6]
  .rodata            const    0x0802138e      0x0  lz77_init_single.o [6]
  Initializer bytes  const    0x0802138e    0x2fc  <for P2-1>
                            - 0x0802168a  0x214de

"P2", part 1 of 3:                          0x72c
  P2-1                        0x20000000    0x72c  <Init block>
    .data            inited   0x20000000     0x34  main.o [1]
    .data            inited   0x20000034     0x78  main.o [1]
    .data            inited   0x200000ac      0x4  main.o [1]
    .data            inited   0x200000b0     0x54  main.o [1]
    .data            inited   0x20000104     0x70  main.o [1]
    .data            inited   0x20000174      0xc  port.o [1]
    .data            inited   0x20000180     0x20  STemwin_wrapper.o [1]
    .data            inited   0x200001a0      0x8  stm32f429i_discovery.o [1]
    .data            inited   0x200001a8      0x4  stm32f429i_discovery.o [1]
    .data            inited   0x200001ac     0x58  stm32f429i_discovery.o [1]
    .data            inited   0x20000204     0x5c  stm32f429i_discovery.o [1]
    .data            inited   0x20000260     0x28  stm32f429i_discovery_lcd.o [1]
    .data            inited   0x20000288      0x8  stm32f429i_discovery_lcd.o [1]
    .data            inited   0x20000290      0x8  stm32f429i_discovery_lcd.o [1]
    .data            inited   0x20000298      0xc  stm32f4xx_hal.o [1]
    .data            inited   0x200002a4     0x28  stmpe811.o [1]
    .data            inited   0x200002cc      0x4  system_stm32f4xx.o [1]
    .data            inited   0x200002d0      0xc  usbd_cdc.o [1]
    .data            inited   0x200002dc     0x38  usbd_cdc.o [1]
    .data            inited   0x20000314     0x44  usbd_cdc.o [1]
    .data            inited   0x20000358     0x44  usbd_cdc.o [1]
    .data            inited   0x2000039c     0x44  usbd_cdc.o [1]
    .data            inited   0x200003e0     0x10  usbd_cdc_if.o [1]
    .data            inited   0x200003f0     0x1c  usbd_desc.o [1]
    .data            inited   0x2000040c     0x14  usbd_desc.o [1]
    .data            inited   0x20000420      0x4  usbd_desc.o [1]
    .data            inited   0x20000424     0x34  BUTTON.o [3]
    .data            inited   0x20000458      0x8  BUTTON.o [3]
    .data            inited   0x20000460     0x2c  FRAMEWIN.o [3]
    .data            inited   0x2000048c     0x80  GUI_Core.o [3]
    .data            inited   0x2000050c     0x1c  GUI_Core.o [3]
    .data            inited   0x20000528      0x4  GUI_Time.o [3]
    .data            inited   0x2000052c      0x8  GUI__Alpha.o [3]
    .data            inited   0x20000534      0x4  LCD.o [3]
    .data            inited   0x20000538     0x20  BUTTON_SkinFlex.o [3]
    .data            inited   0x20000558     0x20  BUTTON_SkinFlex.o [3]
    .data            inited   0x20000578     0x20  BUTTON_SkinFlex.o [3]
    .data            inited   0x20000598     0x20  BUTTON_SkinFlex.o [3]
    .data            inited   0x200005b8      0xc  BUTTON_Skin.o [3]
    .data            inited   0x200005c4     0x1c  GUI_Task.o [3]
    .data            inited   0x200005e0     0x10  GUI_OnKey.o [3]
    .data            inited   0x200005f0      0x4  GUI__Private.o [3]
    .data            inited   0x200005f4      0x4  GUI__Private.o [3]
    .data            inited   0x200005f8      0x4  WIDGET.o [3]
    .data            inited   0x200005fc     0x58  FRAMEWIN_SkinFlex.o [3]
    .data            inited   0x20000654     0x14  FRAMEWIN_Skin.o [3]
    .data            inited   0x20000668     0x14  WM_Touch.o [3]
    .data            inited   0x2000067c     0x14  LCD_Color.o [3]
    .data            inited   0x20000690      0x4  GUI_CharLine.o [3]
    .data            inited   0x20000694      0x4  WIDGET_Effect_Simple.o [3]
    .data            inited   0x20000698     0x14  LCD_AA.o [3]
    .data            inited   0x200006ac     0x38  xlocale_c.o [4]
    .data            inited   0x200006e4     0x48  xlocale_c.o [4]
                            - 0x2000072c    0x72c

"P2", part 2 of 3:                        0x206e0
  .bss               zero     0x2000072c  0x1b800  GUIConf.o [1]
  .bss               zero     0x2001bf2c   0x3c18  heap_4.o [1]
  .bss               zero     0x2001fb44    0x3f0  usbd_conf.o [1]
  .bss               zero     0x2001ff34    0x224  usb_device.o [1]
  .bss               zero     0x20020158    0x200  usbd_desc.o [1]
  .bss               zero     0x20020358    0x1d8  dlmalloc.o [4]
  .bss               zero     0x20020530     0xc0  GUI_Alloc.o [3]
  .bss               zero     0x200205f0     0xa8  HW_Init.o [1]
  .bss               zero     0x20020698     0xa0  tasks.o [1]
  .bss               zero     0x20020738     0x8c  tasks.o [1]
  .bss               zero     0x200207c4     0x80  usbd_cdc_if.o [1]
  .bss               zero     0x20020844     0x7c  WM.o [3]
  .bss               zero     0x200208c0     0x64  main.o [1]
  .bss               zero     0x20020924     0x60  main.o [1]
  .bss               zero     0x20020984     0x58  main.o [1]
  .bss               zero     0x200209dc     0x58  main.o [1]
  .bss               zero     0x20020a34     0x58  GUI_OnKey.o [3]
  .bss               zero     0x20020a8c     0x54  main.o [1]
  .bss               zero     0x20020ae0     0x44  HW_Init.o [1]
  .bss               zero     0x20020b24     0x40  HW_Init.o [1]
  .bss               zero     0x20020b64     0x40  main.o [1]
  .bss               zero     0x20020ba4     0x40  WM_Touch.o [3]
  .bss               zero     0x20020be4     0x3c  main.o [1]
  .bss               zero     0x20020c20     0x3c  main.o [1]
  .bss               zero     0x20020c5c     0x3c  stm32f4xx_hal_timebase_TIM.o [1]
  .bss               zero     0x20020c98     0x34  main.o [1]
  .bss               zero     0x20020ccc     0x1c  GUI__Alpha.o [3]
  .bss               zero     0x20020ce8     0x18  dlmalloc.o [4]
  .bss               zero     0x20020d00     0x14  GUI_Core.o [3]
  .bss               zero     0x20020d14     0x14  GUI_Timer.o [3]
  .bss               zero     0x20020d28     0x10  stm32f429i_discovery_ts.o [1]
  .bss               zero     0x20020d38     0x10  GUI__ManageCache.o [3]
  .bss               zero     0x20020d48      0xc  main.o [1]
  .bss               zero     0x20020d54      0xc  main.o [1]
  .bss               zero     0x20020d60      0xc  main.o [1]
  .bss               zero     0x20020d6c      0xc  GUI_Alloc.o [3]
  .bss               zero     0x20020d78      0x8  GUI_X_OS.o [1]
  .bss               zero     0x20020d80      0x8  main.o [1]
  .bss               zero     0x20020d88      0x8  usbd_cdc_if.o [1]
  .bss               zero     0x20020d90      0x8  LCD_GetEx.o [3]
  .bss               zero     0x20020d98      0x8  GUICC_M1555I.o [3]
  .bss               zero     0x20020da0      0x8  GUICC_M4444I.o [3]
  .bss               zero     0x20020da8      0x8  GUICC_M565.o [3]
  .bss               zero     0x20020db0      0x8  GUI__Alpha.o [3]
  .bss               zero     0x20020db8      0x4  HW_Init.o [1]
  .bss               zero     0x20020dbc      0x4  main.o [1]
  .bss               zero     0x20020dc0      0x4  WM.o [3]
  .bss               zero     0x20020dc4      0x4  GUI_Core.o [3]
  .bss               zero     0x20020dc8      0x4  GUI_Core.o [3]
  .bss               zero     0x20020dcc      0x4  GUI_Core.o [3]
  .bss               zero     0x20020dd0      0x4  GUI_Core.o [3]
  .bss               zero     0x20020dd4      0x4  GUI_Core.o [3]
  .bss               zero     0x20020dd8      0x4  GUI_Core.o [3]
  .bss               zero     0x20020ddc      0x4  GUI_Core.o [3]
  .bss               zero     0x20020de0      0x4  GUI_Core.o [3]
  .bss               zero     0x20020de4      0x4  WM_SetCaptureMove.o [3]
  .bss               zero     0x20020de8      0x4  WM__Private.o [3]
  .bss               zero     0x20020dec      0x4  GUI_WaitEvent.o [3]
  .bss               zero     0x20020df0      0x4  GUIDEV_Banding.o [3]
  .bss               zero     0x20020df4      0x4  xfail_s.o [4]
  .bss               zero     0x20020df8      0x4  xgetmemchunk.o [4]
  .bss               zero     0x20020dfc      0x2  stmpe811.o [1]
  .bss               zero     0x20020dfe      0x2  GUI_Core.o [3]
  .bss               zero     0x20020e00      0x2  GUI_Core.o [3]
  .bss               zero     0x20020e02      0x2  GUI_Core.o [3]
  .bss               zero     0x20020e04      0x1  STemwin_wrapper.o [1]
  .bss               zero     0x20020e05      0x1  stm32f429i_discovery.o [1]
  .bss               zero     0x20020e06      0x1  usbd_cdc.o [1]
  .bss               zero     0x20020e07      0x1  usbd_ctlreq.o [1]
  .bss               zero     0x20020e08      0x1  WM.o [3]
  .bss               zero     0x20020e09      0x1  GUI_Core.o [3]
  .bss               zero     0x20020e0a      0x1  GUIDEV_StaticDevices.o [3]
                            - 0x20020e0b  0x206df

"P2", part 3 of 3:                         0x1600
  CSTACK                      0x20020e10    0x600  <Block>
    CSTACK           uninit   0x20020e10    0x600  <Block tail>
  HEAP                        0x20021410   0x1000  <Block>
    HEAP             uninit   0x20021410   0x1000  <Block tail>
                            - 0x20022410   0x1600


*******************************************************************************
*** INIT TABLE
***

          Address     Size
          -------     ----
Zero (__iar_zero_init3)
    1 destination range, total size 0x206df:
          0x2000072c  0x206df

Copy/lz77 (__iar_lz77_init_single3)
    1 source range, total size 0x2fc (41% of destination):
          0x0802138e    0x2fc
    1 destination range, total size 0x72c:
          0x20000000    0x72c



*******************************************************************************
*** MODULE SUMMARY
***

    Module                        ro code  ro data  rw data
    ------                        -------  -------  -------
C:\GIT\RobotArm2k17\STM32F4\RobotArm\EWARM\RobotArm\Obj: [1]
    FramewinDLG.o                     104       20
    GUIConf.o                          16           112 640
    GUI_App.o                          96
    GUI_X_OS.o                         88                 8
    HW_Init.o                       1 288               304
    STemwin_wrapper.o               2 664       14       33
    cmsis_os.o                        388
    heap_4.o                          484            15 384
    ili9341.o                         664
    list.o                            144
    main.o                          7 312      242    1 112
    port.o                            512        5       12
    portasm.o                         168
    queue.o                         1 736
    startup_stm32f429xx.o             808
    stm32f429i_discovery.o          1 269       80      193
    stm32f429i_discovery_lcd.o      2 316   11 043       56
    stm32f429i_discovery_ts.o         264                16
    stm32f4xx_hal.o                   120        5       12
    stm32f4xx_hal_adc.o             1 122
    stm32f4xx_hal_cortex.o            264
    stm32f4xx_hal_crc.o                38
    stm32f4xx_hal_dma.o               996
    stm32f4xx_hal_dma2d.o           1 068
    stm32f4xx_hal_gpio.o              894
    stm32f4xx_hal_i2c.o             2 524
    stm32f4xx_hal_ltdc.o            1 164
    stm32f4xx_hal_msp.o             1 120
    stm32f4xx_hal_pcd.o             2 376
    stm32f4xx_hal_pcd_ex.o             80
    stm32f4xx_hal_rcc.o             1 288
    stm32f4xx_hal_rcc_ex.o            576
    stm32f4xx_hal_rng.o                48
    stm32f4xx_hal_sdram.o             156
    stm32f4xx_hal_spi.o               800
    stm32f4xx_hal_tim.o             1 418
    stm32f4xx_hal_tim_ex.o            142
    stm32f4xx_hal_timebase_TIM.o      128                60
    stm32f4xx_hal_uart.o              736
    stm32f4xx_it.o                     50
    stm32f4xx_ll_fmc.o                332
    stm32f4xx_ll_usb.o              2 468
    stmpe811.o                        744       16       42
    system_stm32f4xx.o                 96       10        4
    tasks.o                         2 108               300
    usb_device.o                       56               548
    usbd_cdc.o                        616      113      273
    usbd_cdc_if.o                     224        7      152
    usbd_conf.o                       768             1 008
    usbd_core.o                       640
    usbd_ctlreq.o                   1 220                 1
    usbd_desc.o                       264       22      564
    usbd_ioreq.o                      132
    -------------------------------------------------------
    Total:                         47 097   11 577  132 722

command line: [2]
    -------------------------------------------------------
    Total:

STemWin540_CM4_OS_IAR_ARGB.a: [3]
    BUTTON.o                          652       25       60
    BUTTON_Skin.o                     168        5       12
    BUTTON_SkinFlex.o                 580       54      128
    DIALOG.o                          166
    F13_1.o                                  2 436
    F13_ASCII.o                              2 328
    F32_1.o                                  7 728
    F32_ASCII.o                              7 204
    F6x8.o                                   1 816
    FRAMEWIN.o                      1 774       18       44
    FRAMEWIN_Skin.o                   352        8       20
    FRAMEWIN_SkinFlex.o               874       37       88
    GUICC_0.o                         184       24
    GUICC_16.o                        160       24
    GUICC_1616I.o                     184       24
    GUICC_565.o                       212       24
    GUICC_822216.o                    140       24
    GUICC_84444.o                     148       24
    GUICC_8666.o                      176       24
    GUICC_8666_1.o                    184       24
    GUICC_88666I.o                    168       24
    GUICC_888.o                        94       24
    GUICC_8888.o                      106       24
    GUICC_8888_Index2Color.o           30
    GUICC_888_Index2Color.o            20
    GUICC_M1555I.o                    252       24        8
    GUICC_M4444I.o                    284       24        8
    GUICC_M565.o                      248       24        8
    GUICC_M888.o                       54       24
    GUICC_M8888.o                      56       24
    GUICC_M8888I.o                     42       24
    GUICC_M8888I_Index2Color.o          2
    GUICC_M888_Index2Color.o            6
    GUIDEV.o                          808
    GUIDEV_32.o                     2 420
    GUIDEV_Banding.o                  352                 4
    GUIDEV_Clear.o                     68
    GUIDEV_GetDataPtr.o                42
    GUIDEV_GetYSize.o                  52
    GUIDEV_ReduceYSize.o               56
    GUIDEV_SetOrg.o                   112
    GUIDEV_StaticDevices.o            368                 1
    GUIDEV_Usage.o                     88
    GUIDEV_UsageBM.o                  440
    GUIDEV_Write.o                    132
    GUIDEV_WriteToActiveAlpha.o       704
    GUIDEV_WriteToActiveOpaque.o    1 544
    GUIDRV_Lin_32.o                 2 808       52
    GUI_2DLib.o                       136
    GUI_Alloc.o                     1 504               204
    GUI_Char.o                        136
    GUI_CharLine.o                    472        1        4
    GUI_CharM.o                       372
    GUI_CharP.o                       300
    GUI_Common.o                      796
    GUI_Core.o                        484       65      215
    GUI_DRAW.o                         46
    GUI_Device.o                      358
    GUI_DispString.o                  698
    GUI_DrawGradient.o                504
    GUI_DrawLib.o                     352
    GUI_OnKey.o                        96        7      104
    GUI_SelectLayer.o                 104
    GUI_SetAlpha.o                     36
    GUI_Task.o                        332       11       28
    GUI_Time.o                        104        1        4
    GUI_Timer.o                       318                20
    GUI_UC.o                           76
    GUI_UC_EncodeNone.o                36
    GUI_WaitEvent.o                    16                 4
    GUI__Alpha.o                      764        4       44
    GUI__CompactPixelIndices.o        628
    GUI__DivTbl.o                              880
    GUI__DrawTwinArc.o                826
    GUI__ExpandPixelIndices.o         288
    GUI__ManageCache.o                208                16
    GUI__Private.o                    540        3        8
    LCD.o                           1 480       13        4
    LCD_AA.o                           16        8       20
    LCD_Color.o                       188        9       20
    LCD_GetColorIndex.o                24
    LCD_GetEx.o                       400                 8
    LCD_GetNumDisplays.o               26
    LCD_Mirror.o                               256
    LCD_ReadRect.o                    436
    LCD_SelectLCD.o                    68
    LCD_Set.o                         268
    LCD_SetClipRectEx.o                48
    LCD_UpdateColorIndices.o           36
    WIDGET.o                          520        2        4
    WIDGET_Effect_Simple.o             96       30        4
    WM.o                            4 560               129
    WM_BringToTop.o                   128
    WM_GetWindowSize.o                104
    WM_Lib.o                        1 460
    WM_MemDev.o                        42
    WM_Move.o                         336
    WM_SetCapture.o                    96
    WM_SetCaptureMove.o               148                 4
    WM_SetFocusOnNextChild.o          132
    WM_SetFocusOnPrevChild.o           94
    WM_SetTrans.o                      78
    WM_Timer.o                        132
    WM_Touch.o                                   8       84
    WM__Private.o                     624                 4
    -------------------------------------------------------
    Total:                         39 380   23 417    1 313

dl7M_tlf.a: [4]
    abort.o                             6
    dlmalloc.o                      5 336               496
    exit.o                              4
    heaptramp0.o                        4
    low_level_init.o                    4
    sprintf.o                          64
    xencoding_8859_1.o                 30
    xfail_s.o                          68                 4
    xgetmemchunk.o                     44                 4
    xlocale_c.o                       120       60      128
    xmbcurmax.o                        10
    xprintffull.o                   3 918
    xsprout.o                          10
    -------------------------------------------------------
    Total:                          9 618       60      632

m7M_tls.a: [5]
    DblAdd.o                          376
    DblCmpGe.o                         46
    DblCmpLe.o                         46
    DblDiv.o                          582
    DblMul.o                          418
    DblSub.o                          226
    DblToFlt.o                        104
    DblToS32.o                         58
    DblToU32.o                         40
    FltToDbl.o                         72
    S32ToDbl.o                         34
    U32ToDbl.o                         26
    acosf.o                           100
    asinf.o                            92
    atanf.o                            72
    cos_sin32.o                       480
    fpinit_M.o                         34
    frexp.o                           112
    ldexp.o                           314
    sqrtf.o                            30
    tan32.o                           444
    xatanf.o                          164
    -------------------------------------------------------
    Total:                          3 870

rt7M_tl.a: [6]
    ABImemclr.o                         6
    ABImemclr4.o                        6
    ABImemcpy.o                       166
    ABImemmove.o                      150
    ABImemset.o                       102
    ABImemset48.o                      50
    I64DivMod.o                       558
    I64DivZer.o                         2
    cexit.o                            10
    cmain.o                            30
    cstartup_M.o                       12
    data_init.o                        40
    lz77_init_single.o                122
    memchr.o                           88
    memcpy.o                           12
    memset.o                           20
    strchr.o                           22
    strcpy.o                           76
    strlen.o                           54
    strncpy.o                         112
    zero_init3.o                       64
    -------------------------------------------------------
    Total:                          1 702

shb_l.a: [7]
    exit.o                             20
    -------------------------------------------------------
    Total:                             20

    Gaps                               65        4
    Linker created                              32    5 632
-----------------------------------------------------------
    Grand Total:                  101 752   35 090  140 299


*******************************************************************************
*** ENTRY LIST
***

Entry                      Address     Size  Type      Object
-----                      -------     ----  ----      ------
.iar.init_table$$Base   0x08020f9c            --   Gb  - Linker created -
.iar.init_table$$Limit  0x08020fbc            --   Gb  - Linker created -
?main                   0x08020fbd           Code  Gb  cmain.o [6]
ADC_Buf                 0x20020908      0xc  Data  Lc  main.o [1]
ADC_DMAConvCplt         0x080096a1     0x5a  Code  Lc  stm32f4xx_hal_adc.o [1]
ADC_DMAError            0x08009705     0x12  Code  Lc  stm32f4xx_hal_adc.o [1]
ADC_DMAHalfConvCplt     0x080096fd      0x6  Code  Lc  stm32f4xx_hal_adc.o [1]
ADC_Init                0x0800956b    0x118  Code  Lc  stm32f4xx_hal_adc.o [1]
AHBPrescTable           0x08020d84     0x10  Data  Gb  system_stm32f4xx.o [1]
APBPrescTable           0x08021214      0x8  Data  Gb  system_stm32f4xx.o [1]
API                     0x08017be4     0x18  Data  Lc  GUIDEV_UsageBM.o [3]
ActiveLayer             0x20000278      0x4  Data  Lc  stm32f429i_discovery_lcd.o [1]
BSP_LCD_Clear           0x080073eb     0x30  Code  Gb  stm32f429i_discovery_lcd.o [1]
BSP_LCD_DisplayChar     0x0800741b     0x32  Code  Gb  stm32f429i_discovery_lcd.o [1]
BSP_LCD_DisplayStringAt
                        0x0800744d     0xc4  Code  Gb  stm32f429i_discovery_lcd.o [1]
BSP_LCD_DrawCircle      0x080076ab    0x12e  Code  Gb  stm32f429i_discovery_lcd.o [1]
BSP_LCD_DrawHLine       0x08007511     0x4c  Code  Gb  stm32f429i_discovery_lcd.o [1]
BSP_LCD_DrawLine        0x080075a9     0xce  Code  Gb  stm32f429i_discovery_lcd.o [1]
BSP_LCD_DrawPixel       0x08007b51     0x26  Code  Gb  stm32f429i_discovery_lcd.o [1]
BSP_LCD_DrawRect        0x08007677     0x34  Code  Gb  stm32f429i_discovery_lcd.o [1]
BSP_LCD_DrawVLine       0x0800755d     0x4c  Code  Gb  stm32f429i_discovery_lcd.o [1]
BSP_LCD_FillCircle      0x0800782f     0xca  Code  Gb  stm32f429i_discovery_lcd.o [1]
BSP_LCD_FillPolygon     0x080079cf    0x182  Code  Gb  stm32f429i_discovery_lcd.o [1]
BSP_LCD_FillRect        0x080077d9     0x56  Code  Gb  stm32f429i_discovery_lcd.o [1]
BSP_LCD_FillTriangle    0x080078f9     0xd6  Code  Gb  stm32f429i_discovery_lcd.o [1]
BSP_LCD_GetXSize        0x080073a5      0x4  Code  Gb  stm32f429i_discovery_lcd.o [1]
BSP_LCD_GetYSize        0x080073a9      0x6  Code  Gb  stm32f429i_discovery_lcd.o [1]
BSP_LCD_SelectLayer     0x080073af      0x8  Code  Gb  stm32f429i_discovery_lcd.o [1]
BSP_LCD_SetBackColor    0x080073c7     0x12  Code  Gb  stm32f429i_discovery_lcd.o [1]
BSP_LCD_SetFont         0x080073d9     0x12  Code  Gb  stm32f429i_discovery_lcd.o [1]
BSP_LCD_SetTextColor    0x080073b7     0x10  Code  Gb  stm32f429i_discovery_lcd.o [1]
BSP_LED_On              0x08006e91     0x16  Code  Gb  stm32f429i_discovery.o [1]
BSP_LED_Toggle          0x08006ea7     0x14  Code  Gb  stm32f429i_discovery.o [1]
BSP_PB_GetState         0x08006f4b     0x14  Code  Gb  stm32f429i_discovery.o [1]
BSP_PB_Init             0x08006ebb     0x90  Code  Gb  stm32f429i_discovery.o [1]
BSP_TS_GetState         0x08007ce7     0xca  Code  Gb  stm32f429i_discovery_ts.o [1]
BSP_TS_GetState::_x     0x20020d30      0x4  Data  Lc  stm32f429i_discovery_ts.o [1]
BSP_TS_GetState::_y     0x20020d34      0x4  Data  Lc  stm32f429i_discovery_ts.o [1]
BSP_TS_Init             0x08007cb1     0x36  Code  Gb  stm32f429i_discovery_ts.o [1]
BUTTON_Callback         0x0801f8b3     0xc2  Code  Gb  BUTTON.o [3]
BUTTON_CreateIndirect   0x0801f9e1     0x44  Code  Gb  BUTTON.o [3]
BUTTON_CreateUser       0x0801f975     0x6c  Code  Gb  BUTTON.o [3]
BUTTON_DrawSkinFlex     0x0801faa5    0x21a  Code  Gb  BUTTON_SkinFlex.o [3]
BUTTON_IRQn             0x08007384      0x1  Data  Gb  stm32f429i_discovery.o [1]
BUTTON_PIN              0x08007380      0x2  Data  Gb  stm32f429i_discovery.o [1]
BUTTON_PORT             0x200001a8      0x4  Data  Gb  stm32f429i_discovery.o [1]
BUTTON_SetPressed       0x0801fa95     0x10  Code  Gb  BUTTON.o [3]
BUTTON_SetText          0x0801fa49     0x4c  Code  Gb  BUTTON.o [3]
BUTTON__DefaultProps    0x20000424     0x30  Data  Gb  BUTTON.o [3]
BUTTON__Skin            0x200005b8      0xc  Data  Gb  BUTTON_Skin.o [3]
BUTTON__pSkinDefault    0x20000454      0x4  Data  Gb  BUTTON.o [3]
CDC_Control_HS          0x0800bb23     0x4c  Code  Lc  usbd_cdc_if.o [1]
CDC_DeInit_HS           0x0800bb1f      0x4  Code  Lc  usbd_cdc_if.o [1]
CDC_Init_HS             0x0800bb01     0x1e  Code  Lc  usbd_cdc_if.o [1]
CDC_Receive_HS          0x0800bb6f     0x36  Code  Lc  usbd_cdc_if.o [1]
CDC_Transmit_HS         0x0800bba5     0x28  Code  Gb  usbd_cdc_if.o [1]
CSTACK$$Base            0x20020e10            --   Gb  - Linker created -
CSTACK$$Limit           0x20021410            --   Gb  - Linker created -
CacheMore               0x08016035     0x24  Code  Lc  xlocale_c.o [4]
Command                 0x20020b14     0x10  Data  Lc  HW_Init.o [1]
CreateFramewin          0x080103bd     0x1c  Code  Gb  FramewinDLG.o [1]
DMA2D_CopyBuffer        0x08007f91     0x56  Code  Lc  STemwin_wrapper.o [1]
DMA2D_CopyBufferWithAlpha
                        0x08007fe7     0x62  Code  Lc  STemwin_wrapper.o [1]
DMA2D_DrawBitmapL8      0x08008275     0x54  Code  Lc  STemwin_wrapper.o [1]
DMA2D_FillBuffer        0x08008049     0x50  Code  Lc  STemwin_wrapper.o [1]
DMA2D_IRQHandler        0x08020f0f      0x6  Code  Gb  stm32f4xx_it.o [1]
DMA2D_Init              0x08007f51     0x40  Code  Gb  STemwin_wrapper.o [1]
DMA2D_SetConfig         0x0800c179     0x98  Code  Lc  stm32f4xx_hal_dma2d.o [1]
DMA2_Stream4_IRQHandler
                        0x08020f03      0x6  Code  Gb  stm32f4xx_it.o [1]
DMA_CalcBaseAndBitshift
                        0x0800fd77     0x28  Code  Lc  stm32f4xx_hal_dma.o [1]
DMA_CalcBaseAndBitshift::flagBitshiftOffset
                        0x0800fe14      0x8  Data  Lc  stm32f4xx_hal_dma.o [1]
DMA_CheckFifoParam      0x0800fda1     0x72  Code  Lc  stm32f4xx_hal_dma.o [1]
DMA_SetConfig           0x0800fd4d     0x2a  Code  Lc  stm32f4xx_hal_dma.o [1]
DrawChar                0x08007b81     0xca  Code  Lc  stm32f429i_discovery_lcd.o [1]
DrawProp                0x20000260     0x18  Data  Lc  stm32f429i_discovery_lcd.o [1]
EXTI0_IRQHandler        0x08020f25      0x6  Code  Gb  stm32f4xx_it.o [1]
FMC_Initialized         0x20020db8      0x4  Data  Lc  HW_Init.o [1]
FMC_SDRAM_Init          0x08016b05     0x74  Code  Gb  stm32f4xx_ll_fmc.o [1]
FMC_SDRAM_ProgramRefreshRate
                        0x08016c45      0xc  Code  Gb  stm32f4xx_ll_fmc.o [1]
FMC_SDRAM_SendCommand   0x08016bf9     0x4c  Code  Gb  stm32f4xx_ll_fmc.o [1]
FMC_SDRAM_Timing_Init   0x08016b79     0x7a  Code  Gb  stm32f4xx_ll_fmc.o [1]
FRAMEWIN_Callback       0x0801deb3    0x248  Code  Gb  FRAMEWIN.o [3]
FRAMEWIN_CreateIndirect
                        0x0801e1e5     0x40  Code  Gb  FRAMEWIN.o [3]
FRAMEWIN_CreateUser     0x0801e103     0xe2  Code  Gb  FRAMEWIN.o [3]
FRAMEWIN_DrawSkinFlex   0x0801e821    0x342  Code  Gb  FRAMEWIN_SkinFlex.o [3]
FRAMEWIN_GetActive      0x0801e291     0x28  Code  Gb  FRAMEWIN.o [3]
FRAMEWIN_SetActive      0x0801e265     0x1e  Code  Gb  FRAMEWIN.o [3]
FRAMEWIN_SetText        0x0801e225     0x40  Code  Gb  FRAMEWIN.o [3]
FRAMEWIN__CalcPositions
                        0x0801dddb     0xd8  Code  Gb  FRAMEWIN.o [3]
FRAMEWIN__CalcTitleHeight
                        0x0801dd2f     0x20  Code  Gb  FRAMEWIN.o [3]
FRAMEWIN__DefaultProps  0x20000460     0x28  Data  Gb  FRAMEWIN.o [3]
FRAMEWIN__GetBorderSize
                        0x0801dcf1     0x3e  Code  Gb  FRAMEWIN.o [3]
FRAMEWIN__GetTitleLimits
                        0x0801dd4f     0x8c  Code  Gb  FRAMEWIN.o [3]
FRAMEWIN__Skin          0x2000065c      0xc  Data  Gb  FRAMEWIN_Skin.o [3]
FRAMEWIN__cbClient      0x0801dc19     0xd6  Code  Lc  FRAMEWIN.o [3]
FRAMEWIN__pSkinDefault  0x20000488      0x4  Data  Gb  FRAMEWIN.o [3]
FillBuffer              0x08007c4b     0x58  Code  Lc  stm32f429i_discovery_lcd.o [1]
Font12                  0x20000290      0x8  Data  Gb  stm32f429i_discovery_lcd.o [1]
Font12_Table            0x08002844    0x474  Data  Gb  stm32f429i_discovery_lcd.o [1]
Font16                  0x20000288      0x8  Data  Gb  stm32f429i_discovery_lcd.o [1]
Font16_Table            0x08001c64    0xbe0  Data  Gb  stm32f429i_discovery_lcd.o [1]
Font24                  0x20000280      0x8  Data  Gb  stm32f429i_discovery_lcd.o [1]
Font24_Table            0x080001ac   0x1ab8  Data  Gb  stm32f429i_discovery_lcd.o [1]
GL_SetDefault           0x0800c449     0x3a  Code  Gb  GUI_Common.o [3]
GPIO_PIN                0x0800737c      0x4  Data  Gb  stm32f429i_discovery.o [1]
GPIO_PORT               0x200001a0      0x8  Data  Gb  stm32f429i_discovery.o [1]
GRAPHICS_HW_Init        0x080087b9     0x1a  Code  Gb  STemwin_wrapper.o [1]
GRAPHICS_Init           0x080087d3     0x10  Code  Gb  STemwin_wrapper.o [1]
GRAPHICS_MainTask       0x0800ba61     0x4c  Code  Gb  GUI_App.o [1]
GUICC_M1555I_SetCustColorConv
                        0x0800cfdf      0x8  Code  Gb  GUICC_M1555I.o [3]
GUICC_M4444I_SetCustColorConv
                        0x0800d1f7      0x8  Code  Gb  GUICC_M4444I.o [3]
GUICC_M565_SetCustColorConv
                        0x0800d0cf      0x8  Code  Gb  GUICC_M565.o [3]
GUICC_M8888I_SetCustColorConv
                        0x0800d267      0x2  Code  Gb  GUICC_M8888I.o [3]
GUICC_M888_SetCustColorConv
                        0x0800d23d      0x2  Code  Gb  GUICC_M888.o [3]
GUIDRV_Lin_32_API       0x08020ec4     0x34  Data  Gb  GUIDRV_Lin_32.o [3]
GUIMONO_DispChar        0x0801fda1    0x104  Code  Gb  GUI_CharM.o [3]
GUIMONO_GetCharDistX    0x0801fec1     0x12  Code  Gb  GUI_CharM.o [3]
GUIMONO_GetFontInfo     0x0801fed9      0x6  Code  Gb  GUI_CharM.o [3]
GUIMONO_IsInFont        0x0801fedf     0x36  Code  Gb  GUI_CharM.o [3]
GUIPROP_DispChar        0x080202b1     0xc8  Code  Gb  GUI_CharP.o [3]
GUIPROP_GetCharDistX    0x08020379     0x36  Code  Gb  GUI_CharP.o [3]
GUIPROP_GetFontInfo     0x080203b5      0x6  Code  Gb  GUI_CharP.o [3]
GUIPROP_IsInFont        0x080203bb      0xe  Code  Gb  GUI_CharP.o [3]
GUIPROP__FindChar       0x0802029d     0x14  Code  Gb  GUI_CharP.o [3]
GUITASK_CopyContext     0x08011849     0x58  Code  Gb  GUI_Task.o [3]
GUITASK_Init            0x0801180f     0x3a  Code  Gb  GUI_Task.o [3]
GUITASK_Init::RegisterExit
                        0x200005d8      0x8  Data  Lc  GUI_Task.o [3]
GUITASK__EntranceCnt    0x200005d4      0x4  Data  Gb  GUI_Task.o [3]
GUI_AA__ClipX0          0x20020ddc      0x4  Data  Gb  GUI_Core.o [3]
GUI_ALLOC_AllocNoInit   0x08013003     0x18  Code  Gb  GUI_Alloc.o [3]
GUI_ALLOC_AllocZero     0x0801315b     0x30  Code  Gb  GUI_Alloc.o [3]
GUI_ALLOC_AssignMemory  0x080130df      0xc  Code  Gb  GUI_Alloc.o [3]
GUI_ALLOC_Free          0x08013103     0x24  Code  Gb  GUI_Alloc.o [3]
GUI_ALLOC_FreeFixedBlock
                        0x08012f47     0x12  Code  Gb  GUI_Alloc.o [3]
GUI_ALLOC_FreePtr       0x08013127     0x12  Code  Gb  GUI_Alloc.o [3]
GUI_ALLOC_FreePtrArray  0x08013141     0x1a  Code  Gb  GUI_Alloc.o [3]
GUI_ALLOC_GetFixedBlock
                        0x08012f59     0xaa  Code  Gb  GUI_Alloc.o [3]
GUI_ALLOC_GetMaxSize    0x08013069     0x32  Code  Gb  GUI_Alloc.o [3]
GUI_ALLOC_GetSize       0x080130eb     0x18  Code  Gb  GUI_Alloc.o [3]
GUI_ALLOC_Lock          0x080130cb      0xa  Code  Gb  GUI_Alloc.o [3]
GUI_ALLOC_LockH         0x08013029     0x16  Code  Gb  GUI_Alloc.o [3]
GUI_ALLOC_RequestSize   0x0801309b     0x28  Code  Gb  GUI_Alloc.o [3]
GUI_ALLOC_Unlock        0x080130d5      0xa  Code  Gb  GUI_Alloc.o [3]
GUI_ALLOC_UnlockH       0x0801303f     0x2a  Code  Gb  GUI_Alloc.o [3]
GUI_ALLOC__Context      0x20020530     0xc0  Data  Gb  GUI_Alloc.o [3]
GUI_ALLOC_h2p           0x0801301b      0xe  Code  Gb  GUI_Alloc.o [3]
GUI_CalcColorDist       0x0800c211     0x3e  Code  Gb  GUI_Common.o [3]
GUI_CharLine_pfLog2Vis  0x20000690      0x4  Data  Gb  GUI_CharLine.o [3]
GUI_Clear               0x0800dfef     0x1a  Code  Gb  GUI_Core.o [3]
GUI_ClearRect           0x0800df8d     0x62  Code  Gb  GUI_Core.o [3]
GUI_CreateDialogBox     0x08015cdd     0xa6  Code  Gb  DIALOG.o [3]
GUI_DCACHE__pfClearCacheHook
                        0x20020d04      0x4  Data  Gb  GUI_Core.o [3]
GUI_DEVICE_Create       0x0800cc25     0x46  Code  Gb  GUI_Device.o [3]
GUI_DEVICE_CreateAndLink
                        0x0800cd1d     0x24  Code  Gb  GUI_Device.o [3]
GUI_DEVICE_Delete       0x0800cc21      0x4  Code  Gb  GUI_Device.o [3]
GUI_DEVICE_Link         0x0800cc9d     0x80  Code  Gb  GUI_Device.o [3]
GUI_DEVICE_LinkDevices  0x0800cd55     0x12  Code  Gb  GUI_Device.o [3]
GUI_DEVICE_Unlink       0x0800cc6b     0x32  Code  Gb  GUI_Device.o [3]
GUI_DEVICE_UnlinkTaskDevices
                        0x0800cd51      0x4  Code  Gb  GUI_Device.o [3]
GUI_DEVICE__GetpDriver  0x0800cc01     0x20  Code  Gb  GUI_Device.o [3]
GUI_DRAW__Draw          0x0801fd71     0x2e  Code  Gb  GUI_DRAW.o [3]
GUI_DecChar             0x2000050c      0x1  Data  Gb  GUI_Core.o [3]
GUI_Delay               0x08010415     0x60  Code  Gb  GUI_Time.o [3]
GUI_DispString          0x0801047d     0xfc  Code  Gb  GUI_DispString.o [3]
GUI_DispStringAt        0x08010579     0x1c  Code  Gb  GUI_DispString.o [3]
GUI_DispStringInRect    0x08010727      0x6  Code  Gb  GUI_DispString.o [3]
GUI_DispStringInRectMax
                        0x080106dd     0x4a  Code  Gb  GUI_DispString.o [3]
GUI_DrawGradientV       0x0801f1a5     0x36  Code  Gb  GUI_DrawGradient.o [3]
GUI_DrawHLine           0x0801eec9     0x50  Code  Gb  GUI_DrawLib.o [3]
GUI_DrawPixel           0x0801ef19     0x48  Code  Gb  GUI_DrawLib.o [3]
GUI_DrawRect            0x0801fce9     0x84  Code  Gb  GUI_2DLib.o [3]
GUI_DrawVLine           0x0801ef61     0x38  Code  Gb  GUI_DrawLib.o [3]
GUI_Exec                0x0800c373     0x14  Code  Gb  GUI_Common.o [3]
GUI_Exec1               0x0800c337     0x3c  Code  Gb  GUI_Common.o [3]
GUI_F6x8_Mono           0x0801dba4     0x14  Data  Lc  F6x8.o [3]
GUI_F6x8_TI8859_1       0x0801db9c      0x8  Data  Lc  F6x8.o [3]
GUI_F6x8_TL8859_1       0x0801d9dc    0x1c0  Data  Lc  F6x8.o [3]
GUI_FillRect            0x0801ef9f     0x42  Code  Gb  GUI_DrawLib.o [3]
GUI_FillRectEx          0x0801effb     0x12  Code  Gb  GUI_DrawLib.o [3]
GUI_Font13ASCII_CharInfo
                        0x0801d1c0    0x2f8  Data  Lc  F13_ASCII.o [3]
GUI_Font13ASCII_Prop1   0x0801d4b8      0xc  Data  Gb  F13_ASCII.o [3]
GUI_Font13_1            0x0801c214     0x24  Data  Gb  F13_1.o [3]
GUI_Font13_1_CharInfo   0x0801bf08    0x300  Data  Lc  F13_1.o [3]
GUI_Font13_1_Prop1      0x0801c208      0xc  Data  Lc  F13_1.o [3]
GUI_Font32_1            0x08004ac4     0x24  Data  Gb  F32_1.o [3]
GUI_Font32_1_CharInfo   0x080047b8    0x300  Data  Lc  F32_1.o [3]
GUI_Font32_1_Prop1      0x08004ab8      0xc  Data  Lc  F32_1.o [3]
GUI_Font32_ASCII_CharInfo
                        0x0801aab8    0x2f8  Data  Gb  F32_ASCII.o [3]
GUI_Font32_ASCII_Prop1  0x0801adb0      0xc  Data  Gb  F32_ASCII.o [3]
GUI_Font6x8             0x0801dbb8     0x24  Data  Gb  F6x8.o [3]
GUI_GetBitsPerPixelEx   0x0800cde1      0xe  Code  Gb  LCD_GetEx.o [3]
GUI_GetBkColor          0x0800c259      0xa  Code  Gb  GUI_Common.o [3]
GUI_GetCharDistX        0x08015dc9     0x16  Code  Gb  GUI_Char.o [3]
GUI_GetCharDistXEx      0x08015ddf     0x1e  Code  Gb  GUI_Char.o [3]
GUI_GetClientRect       0x0800c24f      0xa  Code  Gb  GUI_Common.o [3]
GUI_GetColor            0x0800c271      0xc  Code  Gb  GUI_Common.o [3]
GUI_GetDrawMode         0x0800c27d      0xe  Code  Gb  GUI_Common.o [3]
GUI_GetFontDistY        0x08015db3      0xe  Code  Gb  GUI_Char.o [3]
GUI_GetLayerPosEx       0x0800d9f1     0x1c  Code  Gb  GUI_SelectLayer.o [3]
GUI_GetOrg              0x0800c2a1      0xe  Code  Gb  GUI_Common.o [3]
GUI_GetYAdjust          0x08015d85     0x2e  Code  Gb  GUI_Char.o [3]
GUI_GetYSizeOfFont      0x0800c2b7      0x2  Code  Gb  GUI_Common.o [3]
GUI_GetpfColor2IndexEx  0x0800ce19      0xc  Code  Gb  LCD_GetEx.o [3]
GUI_GetpfIndex2ColorEx  0x0800ce0d      0xc  Code  Gb  LCD_GetEx.o [3]
GUI_GotoXY              0x0800c38d     0x16  Code  Gb  GUI_Common.o [3]
GUI_Init                0x0800e031     0xd6  Code  Gb  GUI_Core.o [3]
GUI_Lock                0x080117b3     0x5c  Code  Gb  GUI_Task.o [3]
GUI_MEMDEV_Clear        0x08018479     0x44  Code  Gb  GUIDEV_Clear.o [3]
GUI_MEMDEV_CopyToLCD    0x08016725      0x6  Code  Gb  GUIDEV.o [3]
GUI_MEMDEV_CopyToLCDAt  0x08016683     0xa2  Code  Gb  GUIDEV.o [3]
GUI_MEMDEV_CreateEx     0x080165b9     0x7c  Code  Gb  GUIDEV.o [3]
GUI_MEMDEV_DEVICE_32    0x0801cb78     0x34  Data  Gb  GUIDEV_32.o [3]
GUI_MEMDEV_Delete       0x08016573     0x40  Code  Gb  GUIDEV.o [3]
GUI_MEMDEV_Draw         0x080167cb    0x148  Code  Gb  GUIDEV_Banding.o [3]
GUI_MEMDEV_GetBitsPerPixel
                        0x08016547     0x2c  Code  Gb  GUIDEV.o [3]
GUI_MEMDEV_GetDataPtr   0x0801916f     0x2a  Code  Gb  GUIDEV_GetDataPtr.o [3]
GUI_MEMDEV_GetYSize     0x0801839d     0x34  Code  Gb  GUIDEV_GetYSize.o [3]
GUI_MEMDEV_Paint1Static
                        0x0802004d     0x1e  Code  Gb  GUIDEV_StaticDevices.o [3]
GUI_MEMDEV_ReduceYSize  0x080183d1     0x38  Code  Gb  GUIDEV_ReduceYSize.o [3]
GUI_MEMDEV_Select       0x08016635     0x48  Code  Gb  GUIDEV.o [3]
GUI_MEMDEV_SetOrg       0x08018409     0x70  Code  Gb  GUIDEV_SetOrg.o [3]
GUI_MEMDEV_Write        0x080200e3      0x6  Code  Gb  GUIDEV_Write.o [3]
GUI_MEMDEV_WriteAt      0x080200a9     0x3a  Code  Gb  GUIDEV_Write.o [3]
GUI_MEMDEV__CreateFixed
                        0x08016445    0x102  Code  Gb  GUIDEV.o [3]
GUI_MEMDEV__WriteToActiveAlpha
                        0x0801f709     0xf6  Code  Gb  GUIDEV_WriteToActiveAlpha.o [3]
GUI_MEMDEV__WriteToActiveAt
                        0x08016415     0x30  Code  Gb  GUIDEV.o [3]
GUI_MEMDEV__WriteToActiveOpaque
                        0x08018217     0x3e  Code  Gb  GUIDEV_WriteToActiveOpaque.o [3]
GUI_MergeRect           0x0800c2c3     0x58  Code  Gb  GUI_Common.o [3]
GUI_MoveRect            0x0800c31b     0x1c  Code  Gb  GUI_Common.o [3]
GUI_OrgX                0x20020e00      0x2  Data  Gb  GUI_Core.o [3]
GUI_OrgY                0x20020e02      0x2  Data  Gb  GUI_Core.o [3]
GUI_PollKeyMsg          0x08016949     0x2e  Code  Gb  GUI_OnKey.o [3]
GUI_ReadRectEx          0x080132ed     0x56  Code  Gb  LCD_ReadRect.o [3]
GUI_RectsIntersect      0x0800c3c3     0x38  Code  Gb  GUI_Common.o [3]
GUI_RestoreContext      0x0800c401      0x6  Code  Gb  GUI_Common.o [3]
GUI_SaveContext_W       0x0800c3fb      0x6  Code  Gb  GUI_Common.o [3]
GUI_SelectLCD           0x0800c40d     0x14  Code  Gb  GUI_Common.o [3]
GUI_SelectLayer         0x0800da0d     0x2e  Code  Gb  GUI_SelectLayer.o [3]
GUI_SetBkColor          0x0800c421      0xe  Code  Gb  GUI_Common.o [3]
GUI_SetColor            0x0800c42f      0xc  Code  Gb  GUI_Common.o [3]
GUI_SetDrawMode         0x0800c48b      0xe  Code  Gb  GUI_Common.o [3]
GUI_SetFont             0x0800c499     0x12  Code  Gb  GUI_Common.o [3]
GUI_SetFuncDrawAlpha    0x0800d525     0x1c  Code  Gb  GUI__Alpha.o [3]
GUI_SetLineStyle        0x0800c4ab     0x10  Code  Gb  GUI_Common.o [3]
GUI_SetOrg              0x0800c4bb     0x26  Code  Gb  GUI_Common.o [3]
GUI_SetPenSize          0x0800c3ab     0x10  Code  Gb  GUI_Common.o [3]
GUI_SetTextAlign        0x0800c4e1     0x12  Code  Gb  GUI_Common.o [3]
GUI_SetTextMode         0x0800c4f3     0x12  Code  Gb  GUI_Common.o [3]
GUI_SignalEvent         0x08016405      0xc  Code  Gb  GUI_WaitEvent.o [3]
GUI_StoreKey            0x0801693d      0xc  Code  Gb  GUI_OnKey.o [3]
GUI_TIMER_Create::RegisterExit
                        0x20020d20      0x8  Data  Lc  GUI_Timer.o [3]
GUI_TIMER_Delete        0x08018301     0x60  Code  Gb  GUI_Timer.o [3]
GUI_TIMER_GetFlag       0x0801836f     0x2c  Code  Gb  GUI_Timer.o [3]
GUI_TIMER__GetFirstTimer
                        0x080182a5     0x20  Code  Gb  GUI_Timer.o [3]
GUI_TIMER__GetNextTimerLin
                        0x080182c5     0x2c  Code  Gb  GUI_Timer.o [3]
GUI_UC_None             0x08020f68     0x10  Data  Gb  GUI_UC_EncodeNone.o [3]
GUI_UC__GetCharCodeInc  0x08015fe5     0x22  Code  Gb  GUI_UC.o [3]
GUI_UC__NumChars2NumBytes
                        0x08016007     0x24  Code  Gb  GUI_UC.o [3]
GUI_USAGE_AddRect       0x08017c2b     0x2a  Code  Gb  GUIDEV_Usage.o [3]
GUI_USAGE_BM_AddHLine   0x08017a6f     0x6e  Code  Lc  GUIDEV_UsageBM.o [3]
GUI_USAGE_BM_AddPixel   0x08017a45     0x2a  Code  Lc  GUIDEV_UsageBM.o [3]
GUI_USAGE_BM_Clear      0x08017add      0xe  Code  Lc  GUIDEV_UsageBM.o [3]
GUI_USAGE_BM_Create     0x08017b81     0x62  Code  Gb  GUIDEV_UsageBM.o [3]
GUI_USAGE_BM_GetNextDirty
                        0x08017aeb     0x92  Code  Lc  GUIDEV_UsageBM.o [3]
GUI_USAGE_DecUseCnt     0x08017bfd     0x2e  Code  Gb  GUIDEV_Usage.o [3]
GUI_Unlock              0x080117a3     0x10  Code  Gb  GUI_Task.o [3]
GUI_X_Config            0x080137a5     0x10  Code  Gb  GUIConf.o [1]
GUI_X_Delay             0x080137b9      0x4  Code  Gb  GUI_X_OS.o [1]
GUI_X_GetTaskId         0x080137fb      0x4  Code  Gb  GUI_X_OS.o [1]
GUI_X_GetTime           0x080137b5      0x4  Code  Gb  GUI_X_OS.o [1]
GUI_X_Init              0x080137bd      0x2  Code  Gb  GUI_X_OS.o [1]
GUI_X_InitOS            0x080137bf     0x28  Code  Gb  GUI_X_OS.o [1]
GUI_X_Lock              0x080137ef      0xc  Code  Gb  GUI_X_OS.o [1]
GUI_X_Unlock            0x080137e7      0x8  Code  Gb  GUI_X_OS.o [1]
GUI__AllocAlphaBuffer   0x0800d50f     0x16  Code  Gb  GUI__Alpha.o [3]
GUI__AlphaPreserveTrans
                        0x08020085     0x1e  Code  Gb  GUI_SetAlpha.o [3]
GUI__BkColorDefault     0x20000520      0x4  Data  Gb  GUI_Core.o [3]
GUI__BufferSize         0x20020dd8      0x4  Data  Gb  GUI_Core.o [3]
GUI__ColorDefault       0x2000051c      0x4  Data  Gb  GUI_Core.o [3]
GUI__CompactPixelIndices
                        0x08018efb    0x120  Code  Gb  GUI__CompactPixelIndices.o [3]
GUI__CompactPixelIndicesEx
                        0x08019161      0xe  Code  Gb  GUI__CompactPixelIndices.o [3]
GUI__Config             0x0800e009     0x28  Code  Gb  GUI_Core.o [3]
GUI__Config::RegisterExit
                        0x20020d0c      0x8  Data  Lc  GUI_Core.o [3]
GUI__Context            0x2000048c     0x70  Data  Lc  GUI_Core.o [3]
GUI__ConvertColor2Index
                        0x0801901b    0x140  Code  Gb  GUI__CompactPixelIndices.o [3]
GUI__DispLine           0x08015f2f     0xa0  Code  Gb  GUI_CharLine.o [3]
GUI__DispStringInRect   0x08010595    0x140  Code  Gb  GUI_DispString.o [3]
GUI__DoAlphaBlending    0x0800d2d7    0x194  Code  Gb  GUI__Alpha.o [3]
GUI__DrawTwinArc2       0x0801ede9     0x5e  Code  Gb  GUI__DrawTwinArc.o [3]
GUI__DrawTwinArc4       0x0801ee47     0x64  Code  Gb  GUI__DrawTwinArc.o [3]
GUI__ExpandPixelIndicesEx
                        0x08013351    0x120  Code  Gb  GUI__ExpandPixelIndices.o [3]
GUI__GetAlphaBuffer     0x0800d479     0x8e  Code  Gb  GUI__Alpha.o [3]
GUI__GetAlphaBuffer::RegisterExit
                        0x20020ce0      0x8  Data  Lc  GUI__Alpha.o [3]
GUI__GetLineDistX       0x08015edb     0x4a  Code  Gb  GUI_CharLine.o [3]
GUI__GetLineNumChars    0x08015e8d     0x32  Code  Gb  GUI_CharLine.o [3]
GUI__GetOrg             0x0800c28b     0x16  Code  Gb  GUI_Common.o [3]
GUI__GetOverlap         0x08015ebf     0x1c  Code  Gb  GUI_CharLine.o [3]
GUI__HandleEOLine       0x08013a7d     0x24  Code  Gb  GUI__Private.o [3]
GUI__IntersectRect      0x08013aa1     0x40  Code  Gb  GUI__Private.o [3]
GUI__IntersectRects     0x08013ae1     0x60  Code  Gb  GUI__Private.o [3]
GUI__IsInitialized      0x2000050d      0x1  Data  Gb  GUI_Core.o [3]
GUI__ManageCache        0x08016a3d      0xa  Code  Gb  GUI__ManageCache.o [3]
GUI__ManageCacheEx      0x08016981     0xb0  Code  Gb  GUI__ManageCache.o [3]
GUI__ManageCacheEx::aLockCnt
                        0x20020d40      0x8  Data  Lc  GUI__ManageCache.o [3]
GUI__MixColors          0x0800d28d     0x4a  Code  Gb  GUI__Alpha.o [3]
GUI__NumLayersInUse     0x20020e09      0x1  Data  Gb  GUI_Core.o [3]
GUI__PreserveTrans      0x20020d00      0x1  Data  Gb  GUI_Core.o [3]
GUI__ReduceRect         0x08013b93     0x1a  Code  Gb  GUI__Private.o [3]
GUI__RegisterExit       0x0800e107      0xa  Code  Gb  GUI_Core.o [3]
GUI__SetText            0x08013bad     0x70  Code  Gb  GUI__Private.o [3]
GUI__aConvert_15_255    0x0801e4b0     0x10  Data  Gb  GUI__DivTbl.o [3]
GUI__aConvert_255_15    0x0801e520    0x100  Data  Gb  GUI__DivTbl.o [3]
GUI__aConvert_255_31    0x0801e620    0x100  Data  Gb  GUI__DivTbl.o [3]
GUI__aConvert_255_63    0x0801e720    0x100  Data  Gb  GUI__DivTbl.o [3]
GUI__aConvert_31_255    0x0801e4c0     0x20  Data  Gb  GUI__DivTbl.o [3]
GUI__aConvert_63_255    0x0801e4e0     0x40  Data  Gb  GUI__DivTbl.o [3]
GUI__aNumBuffers        0x20020dfe      0x2  Data  Gb  GUI_Core.o [3]
GUI__apDevice           0x20000504      0x8  Data  Gb  GUI_Core.o [3]
GUI__memset             0x08013b41     0x52  Code  Gb  GUI__Private.o [3]
GUI__pFontDefault       0x20000518      0x4  Data  Gb  GUI_Core.o [3]
[...]
                        0x20020cc4      0x4  Data  Lc  main.o [1]
calculateInverseKinematics3Axis::epsilon
                        0x20020cc0      0x4  Data  Lc  main.o [1]
calculateInverseKinematics3Axis::gamma
                        0x20020cb4      0x4  Data  Lc  main.o [1]
calculateInverseKinematics3Axis::omega
                        0x20020cc8      0x4  Data  Lc  main.o [1]
calculateInverseKinematics3Axis::x_temp
                        0x20020ca4      0x4  Data  Lc  main.o [1]
calculateInverseKinematics3Axis::yPosRecalculated
                        0x20020cac      0x4  Data  Lc  main.o [1]
calculateInverseKinematics3Axis::y_temp
                        0x20020ca8      0x4  Data  Lc  main.o [1]
calculateInverseKinematics::alpha
                        0x20000020      0x4  Data  Lc  main.o [1]
calculateInverseKinematics::beta
                        0x20000024      0x4  Data  Lc  main.o [1]
calculateInverseKinematics::c
                        0x20000018      0x4  Data  Lc  main.o [1]
calculateInverseKinematics::delta
                        0x2000002c      0x4  Data  Lc  main.o [1]
calculateInverseKinematics::epsilon
                        0x20000028      0x4  Data  Lc  main.o [1]
calculateInverseKinematics::gamma
                        0x2000001c      0x4  Data  Lc  main.o [1]
calculateInverseKinematics::omega
                        0x20000030      0x4  Data  Lc  main.o [1]
calculateInverseKinematics::x_temp
                        0x20000010      0x4  Data  Lc  main.o [1]
calculateInverseKinematics::y_temp
                        0x20000014      0x4  Data  Lc  main.o [1]
calculatedAngles        0x20000000      0x8  Data  Gb  main.o [1]
calculatedAngles3Axis   0x20020c98      0xc  Data  Gb  main.o [1]
commTaskHandle          0x20020a1c      0x4  Data  Gb  main.o [1]
controlTaskHandle       0x20020a24      0x4  Data  Gb  main.o [1]
convertADCtomm          0x08005695     0x1a  Code  Gb  main.o [1]
coordinatesXYZ          0x20020d54      0xc  Data  Gb  main.o [1]
cosf                    0x0800b721      0x4  Code  Gb  cos_sin32.o [5]
cycleRepeat             0x20000094      0x4  Data  Lc  main.o [1]
dc2deg                  0x0800541d     0x16  Code  Gb  main.o [1]
dc2turnDeg              0x0800549f     0x28  Code  Gb  main.o [1]
defaultTaskHandle       0x20020a18      0x4  Data  Gb  main.o [1]
deg2dc                  0x08005405     0x16  Code  Gb  main.o [1]
deg2rad                 0x080053b3     0x2a  Code  Gb  main.o [1]
dutyCycle2DegFactor     0x200000ac      0x4  Data  Lc  main.o [1]
emWin_LCD_Init          0x0800caef     0x98  Code  Gb  LCD.o [3]
exit                    0x08020fdf      0x4  Code  Gb  exit.o [4]
extMem                  0x2000072c  0x1b800  Data  Lc  GUIConf.o [1]
free                    0x08015cd9      0x4  Code  Gb  heaptramp0.o [4]
graphicsEna             0x20000098      0x4  Data  Lc  main.o [1]
gripRotate2dc           0x08005467     0x38  Code  Gb  main.o [1]
hUsbDeviceHS            0x2001ff34    0x224  Data  Gb  usb_device.o [1]
hadc1                   0x200208c0     0x48  Data  Gb  main.o [1]
hcrc                    0x20020d80      0x8  Data  Gb  main.o [1]
hdma2d                  0x20020b24     0x40  Data  Gb  HW_Init.o [1]
hdma_adc1               0x20020924     0x60  Data  Gb  main.o [1]
hi2c3                   0x20020a8c     0x54  Data  Gb  main.o [1]
hltdc                   0x200205f0     0xa8  Data  Gb  HW_Init.o [1]
horLinkAngle            0x20000054      0x4  Data  Lc  main.o [1]
horLinkLength           0x20000008      0x4  Data  Lc  main.o [1]
horLinkPoints           0x20000044     0x10  Data  Gb  main.o [1]
hpcd_USB_OTG_HS         0x2001fb44    0x3f0  Data  Gb  usbd_conf.o [1]
hrng                    0x20020d48      0xc  Data  Gb  main.o [1]
hsdram1                 0x20020ae0     0x34  Data  Gb  HW_Init.o [1]
hspi5                   0x20020984     0x58  Data  Gb  main.o [1]
htim2                   0x200209dc     0x3c  Data  Gb  main.o [1]
htim3                   0x20020be4     0x3c  Data  Gb  main.o [1]
htim4                   0x20020c20     0x3c  Data  Gb  main.o [1]
htim6                   0x20020c5c     0x3c  Data  Gb  stm32f4xx_hal_timebase_TIM.o [1]
huart5                  0x20020b64     0x40  Data  Gb  main.o [1]
ili9341_Init            0x08013471    0x290  Code  Gb  ili9341.o [1]
ili9341_WriteData       0x08013705      0x4  Code  Gb  ili9341.o [1]
ili9341_WriteReg        0x08013701      0x4  Code  Gb  ili9341.o [1]
inHandlerMode           0x080088f3      0xe  Code  Lc  cmsis_os.o [1]
init_mparams            0x0801481f     0x32  Code  Lc  dlmalloc.o [4]
init_top                0x08014851     0x32  Code  Lc  dlmalloc.o [4]
layer_prop              0x20000180     0x1c  Data  Lc  STemwin_wrapper.o [1]
ldexp                   0x08016271           Code  Gb  ldexp.o [5]
ldexpl                  0x08016271           Code  Gb  ldexp.o [5]
localeconv              0x08016099      0x4  Code  Gb  xlocale_c.o [4]
main                    0x08004b05    0x164  Code  Gb  main.o [1]
makeFreeRtosPriority    0x080088e5      0xe  Code  Lc  cmsis_os.o [1]
memchr                  0x0801613d           Code  Gb  memchr.o [6]
memcpy                  0x08021209      0xc  Code  Gb  memcpy.o [6]
memset                  0x080211cd     0x14  Code  Gb  memset.o [6]
mode                    0x20000090      0x4  Data  Lc  main.o [1]
mparams                 0x20020ce8     0x18  Data  Lc  dlmalloc.o [4]
numberOfSteps           0x2000014c      0x4  Data  Lc  main.o [1]
oldGraphicsTaskHandle   0x20020a30      0x4  Data  Gb  main.o [1]
osDelay                 0x08008957     0x10  Code  Gb  cmsis_os.o [1]
osKernelStart           0x08008901      0xa  Code  Gb  cmsis_os.o [1]
osKernelSysTick         0x0800890b     0x1a  Code  Gb  cmsis_os.o [1]
osMutex                 0x20020d78      0x4  Data  Lc  GUI_X_OS.o [1]
osMutexCreate           0x08008967      0x6  Code  Gb  cmsis_os.o [1]
osMutexRelease          0x080089d7     0x52  Code  Gb  cmsis_os.o [1]
osMutexWait             0x0800896d     0x6a  Code  Gb  cmsis_os.o [1]
osSemaphore             0x20020d7c      0x4  Data  Lc  GUI_X_OS.o [1]
osSemaphoreCreate       0x08008a29     0x26  Code  Gb  cmsis_os.o [1]
osSystickHandler        0x08008a4f     0x14  Code  Gb  cmsis_os.o [1]
osThreadCreate          0x08008925     0x2e  Code  Gb  cmsis_os.o [1]
osThreadGetId           0x08008953      0x4  Code  Gb  cmsis_os.o [1]
prepend_alloc           0x08014883    0x342  Code  Lc  dlmalloc.o [4]
pressLength             0x2000009c      0x4  Data  Lc  main.o [1]
pressTarget             0x200000fc      0x4  Data  Lc  main.o [1]
pressThreshold          0x200000f8      0x4  Data  Lc  main.o [1]
prvAddCurrentTaskToDelayedList
                        0x0800eebd     0x68  Code  Lc  tasks.o [1]
prvAddNewTaskToReadyList
                        0x0800e7ff     0x84  Code  Lc  tasks.o [1]
prvCheckTasksWaitingTermination
                        0x0800ecef     0x46  Code  Lc  tasks.o [1]
prvCopyDataFromQueue    0x0800f52f     0x24  Code  Lc  queue.o [1]
prvCopyDataToQueue      0x0800f4bb     0x74  Code  Lc  queue.o [1]
prvDeleteTCB            0x0800ed35     0x14  Code  Lc  tasks.o [1]
prvHeapInit             0x08013dd9     0x4e  Code  Lc  heap_4.o [1]
prvIdleTask             0x0800ec81     0x20  Code  Lc  tasks.o [1]
prvInitialiseMutex      0x0800f023     0x14  Code  Lc  queue.o [1]
prvInitialiseNewQueue   0x0800f009     0x1a  Code  Lc  queue.o [1]
prvInitialiseNewTask    0x0800e75b     0xa4  Code  Lc  tasks.o [1]
prvInitialiseTaskLists  0x0800eca1     0x4e  Code  Lc  tasks.o [1]
prvInsertBlockIntoFreeList
                        0x08013e27     0x4e  Code  Lc  heap_4.o [1]
prvIsQueueEmpty         0x0800f5c1     0x18  Code  Lc  queue.o [1]
prvIsQueueFull          0x0800f5d9     0x1e  Code  Lc  queue.o [1]
prvResetNextTaskUnblockTime
                        0x0800ed49     0x1e  Code  Lc  tasks.o [1]
prvTaskExitError        0x0800f625     0x28  Code  Lc  port.o [1]
prvUnlockQueue          0x0800f553     0x6e  Code  Lc  queue.o [1]
pvPortMalloc            0x08013c99     0xdc  Code  Gb  heap_4.o [1]
pvTaskIncrementMutexHeldCount
                        0x0800ee99     0x16  Code  Gb  tasks.o [1]
pxCurrentTCB            0x200206c0      0x4  Data  Gb  tasks.o [1]
pxDelayedTaskList       0x200206c4      0x4  Data  Lc  tasks.o [1]
pxEnd                   0x2001bf34      0x4  Data  Lc  heap_4.o [1]
pxOverflowDelayedTaskList
                        0x200206c8      0x4  Data  Lc  tasks.o [1]
pxPortInitialiseStack   0x0800f5fd     0x28  Code  Gb  port.o [1]
pxReadyTasksLists       0x20020738     0x8c  Data  Lc  tasks.o [1]
rad2deg                 0x080053dd     0x28  Code  Gb  main.o [1]
receiveState            0x20000144      0x1  Data  Gb  main.o [1]
rxBuf                   0x20000104     0x40  Data  Gb  main.o [1]
saturateFloat           0x08005377     0x28  Code  Gb  main.o [1]
scalbln                 0x08016271           Code  Gb  ldexp.o [5]
scalblnl                0x08016271           Code  Gb  ldexp.o [5]
scalbn                  0x08016271           Code  Gb  ldexp.o [5]
scalbnl                 0x08016271           Code  Gb  ldexp.o [5]
scale                   0x08010f17     0x46  Code  Lc  xprintffull.o [4]
sec_hand                0x20020df4      0x4  Data  Lc  xfail_s.o [4]
segment_holding         0x08014801     0x1e  Code  Lc  dlmalloc.o [4]
sensorTaskHandle        0x20020a20      0x4  Data  Gb  main.o [1]
servo1CurrPos           0x20000070      0x4  Data  Lc  main.o [1]
servo1Max               0x200000e0      0x4  Data  Lc  main.o [1]
servo1Min               0x200000cc      0x4  Data  Lc  main.o [1]
servo1NewPos            0x200000b4      0x4  Data  Lc  main.o [1]
servo1NewPosRef         0x20000060      0x4  Data  Lc  main.o [1]
servo1StepSize          0x20000080      0x4  Data  Lc  main.o [1]
servo2CurrPos           0x20000074      0x4  Data  Lc  main.o [1]
servo2Max               0x200000e4      0x4  Data  Lc  main.o [1]
servo2Min               0x200000d0      0x4  Data  Lc  main.o [1]
servo2NewPos            0x200000b8      0x4  Data  Lc  main.o [1]
servo2NewPosRef         0x20000064      0x4  Data  Lc  main.o [1]
servo2StepSize          0x20000084      0x4  Data  Lc  main.o [1]
servo3CurrPos           0x20000078      0x4  Data  Lc  main.o [1]
servo3Max               0x200000e8      0x4  Data  Lc  main.o [1]
servo3Min               0x200000d4      0x4  Data  Lc  main.o [1]
servo3NewPos            0x200000bc      0x4  Data  Lc  main.o [1]
servo3NewPosRef         0x20000068      0x4  Data  Lc  main.o [1]
servo3StepSize          0x20000088      0x4  Data  Lc  main.o [1]
servo4CurrPos           0x2000007c      0x4  Data  Lc  main.o [1]
servo4Max               0x200000ec      0x4  Data  Lc  main.o [1]
servo4Min               0x200000d8      0x4  Data  Lc  main.o [1]
servo4NewPos            0x200000c0      0x4  Data  Lc  main.o [1]
servo4NewPosRef         0x2000006c      0x4  Data  Lc  main.o [1]
servo4StepSize          0x2000008c      0x4  Data  Lc  main.o [1]
servo5CurrPos           0x200000c8      0x4  Data  Lc  main.o [1]
servo5Max               0x200000f0      0x4  Data  Lc  main.o [1]
servo5Min               0x200000dc      0x4  Data  Lc  main.o [1]
servo5NewPos            0x200000c4      0x4  Data  Lc  main.o [1]
servo5NewPosRef         0x200000b0      0x4  Data  Lc  main.o [1]
servo5StepSize          0x200000f4      0x4  Data  Lc  main.o [1]
servoRampTaskHandle     0x20020a28      0x4  Data  Gb  main.o [1]
sinf                    0x0800b725      0x4  Code  Gb  cos_sin32.o [5]
sprintf                 0x0800bac1     0x40  Code  Gb  sprintf.o [4]
sqrtf                   0x0800b92d           Code  Gb  sqrtf.o [5]
stmpe811                0x20020dfc      0x2  Data  Gb  stmpe811.o [1]
stmpe811_ClearGlobalIT  0x0801f37d      0xa  Code  Gb  stmpe811.o [1]
stmpe811_DisableGlobalIT
                        0x0801f309     0x20  Code  Gb  stmpe811.o [1]
stmpe811_DisableITSource
                        0x0801f349     0x22  Code  Gb  stmpe811.o [1]
stmpe811_EnableGlobalIT
                        0x0801f2e9     0x20  Code  Gb  stmpe811.o [1]
stmpe811_EnableITSource
                        0x0801f329     0x20  Code  Gb  stmpe811.o [1]
stmpe811_GetInstance    0x0801f531     0x20  Code  Lc  stmpe811.o [1]
stmpe811_IO_EnableAF    0x0801f387     0x22  Code  Gb  stmpe811.o [1]
stmpe811_Init           0x0801f271     0x2a  Code  Gb  stmpe811.o [1]
stmpe811_ReadGITStatus  0x0801f36b     0x12  Code  Gb  stmpe811.o [1]
stmpe811_ReadID         0x0801f2c5     0x24  Code  Gb  stmpe811.o [1]
stmpe811_Reset          0x0801f29b     0x2a  Code  Gb  stmpe811.o [1]
stmpe811_TS_ClearIT     0x0801f52d      0x4  Code  Gb  stmpe811.o [1]
stmpe811_TS_DetectTouch
                        0x0801f467     0x40  Code  Gb  stmpe811.o [1]
stmpe811_TS_DisableIT   0x0801f517     0x12  Code  Gb  stmpe811.o [1]
stmpe811_TS_EnableIT    0x0801f4ff     0x18  Code  Gb  stmpe811.o [1]
stmpe811_TS_GetXY       0x0801f4a7     0x58  Code  Gb  stmpe811.o [1]
stmpe811_TS_ITStatus    0x0801f529      0x4  Code  Gb  stmpe811.o [1]
stmpe811_TS_Start       0x0801f3a9     0xbe  Code  Gb  stmpe811.o [1]
stmpe811_ts_drv         0x200002a4     0x28  Data  Gb  stmpe811.o [1]
strchr                  0x080160a9           Code  Gb  strchr.o [6]
strcpy                  0x08016da1           Code  Gb  strcpy.o [6]
strlen                  0x08016105           Code  Gb  strlen.o [6]
strncpy                 0x080116f1           Code  Gb  strncpy.o [6]
sys_alloc               0x08014dc7    0x160  Code  Lc  dlmalloc.o [4]
sys_trim                0x08014f27     0x66  Code  Lc  dlmalloc.o [4]
tanf                    0x0800b729    0x1bc  Code  Gb  tan32.o [5]
targetStepSizeVar       0x20000148      0x4  Data  Lc  main.o [1]
taskCounterCommTask     0x20000150      0x4  Data  Lc  main.o [1]
taskCounterControlTask  0x20000100      0x4  Data  Lc  main.o [1]
taskCounterDefaultTask  0x20020dbc      0x4  Data  Lc  main.o [1]
taskCounterOldGraphicsTask
                        0x200000a8      0x4  Data  Lc  main.o [1]
taskCounterSensorTask   0x20020920      0x4  Data  Lc  main.o [1]
taskCounterServoRampTask
                        0x200000a4      0x4  Data  Lc  main.o [1]
taskCounterTsTask       0x20020d68      0x4  Data  Lc  main.o [1]
tempbuf                 0x20020d88      0x8  Data  Gb  usbd_cdc_if.o [1]
tmalloc_large           0x08014f99    0x384  Code  Lc  dlmalloc.o [4]
tmalloc_small           0x0801531d    0x1fe  Code  Lc  dlmalloc.o [4]
tsTaskHandle            0x20020a2c      0x4  Data  Gb  main.o [1]
turnAngle               0x2000005c      0x4  Data  Lc  main.o [1]
txBuf                   0x20000154     0x20  Data  Gb  main.o [1]
ucHeap                  0x2001bf44   0x3c00  Data  Lc  heap_4.o [1]
ucMaxSysCallPriority    0x20000174      0x1  Data  Lc  port.o [1]
ulMaxPRIGROUPValue      0x2000017c      0x4  Data  Lc  port.o [1]
uwTick                  0x2000029c      0x4  Data  Gb  stm32f4xx_hal.o [1]
uwTickFreq              0x20000298      0x1  Data  Gb  stm32f4xx_hal.o [1]
uwTickPrio              0x200002a0      0x4  Data  Gb  stm32f4xx_hal.o [1]
uxCriticalNesting       0x20000178      0x4  Data  Lc  port.o [1]
uxCurrentNumberOfTasks  0x200206e4      0x4  Data  Lc  tasks.o [1]
uxDeletedTasksWaitingCleanUp
                        0x200206cc      0x4  Data  Lc  tasks.o [1]
uxListRemove            0x08013ee9     0x24  Code  Gb  list.o [1]
uxPendedTicks           0x200206f4      0x4  Data  Lc  tasks.o [1]
uxSchedulerSuspended    0x20020708      0x4  Data  Lc  tasks.o [1]
uxTaskNumber            0x20020700      0x4  Data  Lc  tasks.o [1]
uxTopReadyPriority      0x200206ec      0x4  Data  Lc  tasks.o [1]
vListInitialise         0x08013e7d     0x1a  Code  Gb  list.o [1]
vListInitialiseItem     0x08013e97      0x6  Code  Gb  list.o [1]
vListInsert             0x08013eb5     0x34  Code  Gb  list.o [1]
vListInsertEnd          0x08013e9d     0x18  Code  Gb  list.o [1]
vPortEnableVFP          0x08013f99           Code  Gb  portasm.o [1]
vPortEnterCritical      0x0800f6f5     0x32  Code  Gb  port.o [1]
vPortExitCritical       0x0800f727     0x26  Code  Gb  port.o [1]
vPortFree               0x08013d75     0x64  Code  Gb  heap_4.o [1]
vPortStartFirstTask     0x08013f81           Code  Gb  portasm.o [1]
vPortValidateInterruptPriority
                        0x0800f775     0x44  Code  Gb  port.o [1]
vTaskDelay              0x0800e883     0x4c  Code  Gb  tasks.o [1]
vTaskMissedYield        0x0800ec77      0x8  Code  Gb  tasks.o [1]
vTaskPlaceOnEventList   0x0800eb3f     0x2e  Code  Gb  tasks.o [1]
vTaskPriorityInherit    0x0800ed8b     0x7a  Code  Gb  tasks.o [1]
vTaskSetTimeOutState    0x0800ebdf     0x22  Code  Gb  tasks.o [1]
vTaskStartScheduler     0x0800e8cf     0x60  Code  Gb  tasks.o [1]
vTaskSuspendAll         0x0800e92f      0xc  Code  Gb  tasks.o [1]
vTaskSwitchContext      0x0800eadf     0x60  Code  Gb  tasks.o [1]
val                     0x20020914      0xc  Data  Lc  main.o [1]
verLinkAngle            0x20000058      0x4  Data  Lc  main.o [1]
verLinkLength           0x2000000c      0x4  Data  Lc  main.o [1]
verLinkPoints           0x20000034     0x10  Data  Gb  main.o [1]
xBlockAllocatedBit      0x2001bf40      0x4  Data  Lc  heap_4.o [1]
xDelayedTaskList1       0x2002070c     0x14  Data  Lc  tasks.o [1]
xDelayedTaskList2       0x20020720     0x14  Data  Lc  tasks.o [1]
xFreeBytesRemaining     0x2001bf38      0x4  Data  Lc  heap_4.o [1]
xIdleTaskHandle         0x20020734      0x4  Data  Lc  tasks.o [1]
xMinimumEverFreeBytesRemaining
                        0x2001bf3c      0x4  Data  Lc  heap_4.o [1]
xNextTaskUnblockTime    0x20020704      0x4  Data  Lc  tasks.o [1]
xNumOfOverflows         0x200206fc      0x4  Data  Lc  tasks.o [1]
xPendingReadyList       0x20020698     0x14  Data  Lc  tasks.o [1]
xPortStartScheduler     0x0800f64d     0xa8  Code  Gb  port.o [1]
xPortSysTickHandler     0x0800f74d     0x28  Code  Gb  port.o [1]
xQueueCreateMutex       0x0800f037     0x16  Code  Gb  queue.o [1]
xQueueGenericCreate     0x0800efc3     0x46  Code  Gb  queue.o [1]
xQueueGenericReceive    0x0800f277    0x1a0  Code  Gb  queue.o [1]
xQueueGenericReset      0x0800ef35     0x8e  Code  Gb  queue.o [1]
xQueueGenericSend       0x0800f04d    0x17c  Code  Gb  queue.o [1]
xQueueGiveFromISR       0x0800f1c9     0xae  Code  Gb  queue.o [1]
xQueueReceiveFromISR    0x0800f417     0xa4  Code  Gb  queue.o [1]
xRotate2dc              0x08005433     0x34  Code  Gb  main.o [1]
xSchedulerRunning       0x200206f0      0x4  Data  Lc  tasks.o [1]
xStart                  0x2001bf2c      0x8  Data  Lc  heap_4.o [1]
xSuspendedTaskList      0x200206d0     0x14  Data  Lc  tasks.o [1]
xTaskCheckForTimeOut    0x0800ec01     0x76  Code  Gb  tasks.o [1]
xTaskCreate             0x0800e6f9     0x62  Code  Gb  tasks.o [1]
xTaskGetCurrentTaskHandle
                        0x0800ed67      0x8  Code  Gb  tasks.o [1]
xTaskGetSchedulerState  0x0800ed6f     0x1c  Code  Gb  tasks.o [1]
xTaskGetTickCount       0x0800e9fb      0x8  Code  Gb  tasks.o [1]
xTaskGetTickCountFromISR
                        0x0800ea03      0xe  Code  Gb  tasks.o [1]
xTaskIncrementTick      0x0800ea11     0xce  Code  Gb  tasks.o [1]
xTaskPriorityDisinherit
                        0x0800ee05     0x94  Code  Gb  tasks.o [1]
xTaskRemoveFromEventList
                        0x0800eb6d     0x72  Code  Gb  tasks.o [1]
xTaskResumeAll          0x0800e93b     0xc0  Code  Gb  tasks.o [1]
xTasksWaitingTermination
                        0x200206ac     0x14  Data  Lc  tasks.o [1]
xTickCount              0x200206e8      0x4  Data  Lc  tasks.o [1]
xYieldPending           0x200206f8      0x4  Data  Lc  tasks.o [1]


[1] = C:\GIT\RobotArm2k17\STM32F4\RobotArm\EWARM\RobotArm\Obj
[2] = command line
[3] = STemWin540_CM4_OS_IAR_ARGB.a
[4] = dl7M_tlf.a
[5] = m7M_tls.a
[6] = rt7M_tl.a
[7] = shb_l.a

  101 752 bytes of readonly  code memory
   35 090 bytes of readonly  data memory
  140 299 bytes of readwrite data memory

Errors: none
Warnings: 1
