###############################################################################
#
# IAR ELF Linker V8.20.1.14183/W32 for ARM                26/Mar/2018  23:21:24
# Copyright 2007-2017 IAR Systems AB.
#
#    Output file  =  
#        C:\GIT\RobotArm2k17\STM32F4\RobotArm\EWARM\RobotArm\Exe\RobotArm.out
#    Map file     =  
#        C:\GIT\RobotArm2k17\STM32F4\RobotArm\EWARM\RobotArm\List\RobotArm.map
#    Command line =  
#        -f C:\Users\david\AppData\Local\Temp\EW8767.tmp
#        (C:\GIT\RobotArm2k17\STM32F4\RobotArm\EWARM\RobotArm\Obj\cmsis_os.o
#        C:\GIT\RobotArm2k17\STM32F4\RobotArm\EWARM\RobotArm\Obj\croutine.o
#        C:\GIT\RobotArm2k17\STM32F4\RobotArm\EWARM\RobotArm\Obj\event_groups.o
#        C:\GIT\RobotArm2k17\STM32F4\RobotArm\EWARM\RobotArm\Obj\FramewinDLG.o
#        C:\GIT\RobotArm2k17\STM32F4\RobotArm\EWARM\RobotArm\Obj\freertos.o
#        C:\GIT\RobotArm2k17\STM32F4\RobotArm\EWARM\RobotArm\Obj\GUI_App.o
#        C:\GIT\RobotArm2k17\STM32F4\RobotArm\EWARM\RobotArm\Obj\GUI_X_OS.o
#        C:\GIT\RobotArm2k17\STM32F4\RobotArm\EWARM\RobotArm\Obj\GUIConf.o
#        C:\GIT\RobotArm2k17\STM32F4\RobotArm\EWARM\RobotArm\Obj\heap_4.o
#        C:\GIT\RobotArm2k17\STM32F4\RobotArm\EWARM\RobotArm\Obj\HW_Init.o
#        C:\GIT\RobotArm2k17\STM32F4\RobotArm\EWARM\RobotArm\Obj\ili9341.o
#        C:\GIT\RobotArm2k17\STM32F4\RobotArm\EWARM\RobotArm\Obj\l3gd20.o
#        C:\GIT\RobotArm2k17\STM32F4\RobotArm\EWARM\RobotArm\Obj\list.o
#        C:\GIT\RobotArm2k17\STM32F4\RobotArm\EWARM\RobotArm\Obj\main.o
#        C:\GIT\RobotArm2k17\STM32F4\RobotArm\EWARM\RobotArm\Obj\port.o
#        C:\GIT\RobotArm2k17\STM32F4\RobotArm\EWARM\RobotArm\Obj\portasm.o
#        C:\GIT\RobotArm2k17\STM32F4\RobotArm\EWARM\RobotArm\Obj\queue.o
#        C:\GIT\RobotArm2k17\STM32F4\RobotArm\EWARM\RobotArm\Obj\startup_stm32f429xx.o
#        C:\GIT\RobotArm2k17\STM32F4\RobotArm\Middlewares\ST\STemWin\Lib\STemWin540_CM4_OS_IAR_ot_ARGB.a
#        C:\GIT\RobotArm2k17\STM32F4\RobotArm\EWARM\RobotArm\Obj\STemwin_wrapper.o
#        C:\GIT\RobotArm2k17\STM32F4\RobotArm\EWARM\RobotArm\Obj\stm32f429i_discovery.o
#        C:\GIT\RobotArm2k17\STM32F4\RobotArm\EWARM\RobotArm\Obj\stm32f429i_discovery_gyroscope.o
#        C:\GIT\RobotArm2k17\STM32F4\RobotArm\EWARM\RobotArm\Obj\stm32f429i_discovery_io.o
#        C:\GIT\RobotArm2k17\STM32F4\RobotArm\EWARM\RobotArm\Obj\stm32f429i_discovery_lcd.o
#        C:\GIT\RobotArm2k17\STM32F4\RobotArm\EWARM\RobotArm\Obj\stm32f429i_discovery_sdram.o
#        C:\GIT\RobotArm2k17\STM32F4\RobotArm\EWARM\RobotArm\Obj\stm32f429i_discovery_ts.o
#        C:\GIT\RobotArm2k17\STM32F4\RobotArm\EWARM\RobotArm\Obj\stm32f4xx_hal.o
#        C:\GIT\RobotArm2k17\STM32F4\RobotArm\EWARM\RobotArm\Obj\stm32f4xx_hal_adc.o
#        C:\GIT\RobotArm2k17\STM32F4\RobotArm\EWARM\RobotArm\Obj\stm32f4xx_hal_adc_ex.o
#        C:\GIT\RobotArm2k17\STM32F4\RobotArm\EWARM\RobotArm\Obj\stm32f4xx_hal_cortex.o
#        C:\GIT\RobotArm2k17\STM32F4\RobotArm\EWARM\RobotArm\Obj\stm32f4xx_hal_crc.o
#        C:\GIT\RobotArm2k17\STM32F4\RobotArm\EWARM\RobotArm\Obj\stm32f4xx_hal_dma.o
#        C:\GIT\RobotArm2k17\STM32F4\RobotArm\EWARM\RobotArm\Obj\stm32f4xx_hal_dma2d.o
#        C:\GIT\RobotArm2k17\STM32F4\RobotArm\EWARM\RobotArm\Obj\stm32f4xx_hal_dma_ex.o
#        C:\GIT\RobotArm2k17\STM32F4\RobotArm\EWARM\RobotArm\Obj\stm32f4xx_hal_dsi.o
#        C:\GIT\RobotArm2k17\STM32F4\RobotArm\EWARM\RobotArm\Obj\stm32f4xx_hal_flash.o
#        C:\GIT\RobotArm2k17\STM32F4\RobotArm\EWARM\RobotArm\Obj\stm32f4xx_hal_flash_ex.o
#        C:\GIT\RobotArm2k17\STM32F4\RobotArm\EWARM\RobotArm\Obj\stm32f4xx_hal_flash_ramfunc.o
#        C:\GIT\RobotArm2k17\STM32F4\RobotArm\EWARM\RobotArm\Obj\stm32f4xx_hal_gpio.o
#        C:\GIT\RobotArm2k17\STM32F4\RobotArm\EWARM\RobotArm\Obj\stm32f4xx_hal_i2c.o
#        C:\GIT\RobotArm2k17\STM32F4\RobotArm\EWARM\RobotArm\Obj\stm32f4xx_hal_i2c_ex.o
#        C:\GIT\RobotArm2k17\STM32F4\RobotArm\EWARM\RobotArm\Obj\stm32f4xx_hal_ltdc.o
#        C:\GIT\RobotArm2k17\STM32F4\RobotArm\EWARM\RobotArm\Obj\stm32f4xx_hal_ltdc_ex.o
#        C:\GIT\RobotArm2k17\STM32F4\RobotArm\EWARM\RobotArm\Obj\stm32f4xx_hal_msp.o
#        C:\GIT\RobotArm2k17\STM32F4\RobotArm\EWARM\RobotArm\Obj\stm32f4xx_hal_pcd.o
#        C:\GIT\RobotArm2k17\STM32F4\RobotArm\EWARM\RobotArm\Obj\stm32f4xx_hal_pcd_ex.o
#        C:\GIT\RobotArm2k17\STM32F4\RobotArm\EWARM\RobotArm\Obj\stm32f4xx_hal_pwr.o
#        C:\GIT\RobotArm2k17\STM32F4\RobotArm\EWARM\RobotArm\Obj\stm32f4xx_hal_pwr_ex.o
#        C:\GIT\RobotArm2k17\STM32F4\RobotArm\EWARM\RobotArm\Obj\stm32f4xx_hal_rcc.o
#        C:\GIT\RobotArm2k17\STM32F4\RobotArm\EWARM\RobotArm\Obj\stm32f4xx_hal_rcc_ex.o
#        C:\GIT\RobotArm2k17\STM32F4\RobotArm\EWARM\RobotArm\Obj\stm32f4xx_hal_rng.o
#        C:\GIT\RobotArm2k17\STM32F4\RobotArm\EWARM\RobotArm\Obj\stm32f4xx_hal_sdram.o
#        C:\GIT\RobotArm2k17\STM32F4\RobotArm\EWARM\RobotArm\Obj\stm32f4xx_hal_spi.o
#        C:\GIT\RobotArm2k17\STM32F4\RobotArm\EWARM\RobotArm\Obj\stm32f4xx_hal_tim.o
#        C:\GIT\RobotArm2k17\STM32F4\RobotArm\EWARM\RobotArm\Obj\stm32f4xx_hal_tim_ex.o
#        C:\GIT\RobotArm2k17\STM32F4\RobotArm\EWARM\RobotArm\Obj\stm32f4xx_hal_timebase_TIM.o
#        C:\GIT\RobotArm2k17\STM32F4\RobotArm\EWARM\RobotArm\Obj\stm32f4xx_hal_uart.o
#        C:\GIT\RobotArm2k17\STM32F4\RobotArm\EWARM\RobotArm\Obj\stm32f4xx_it.o
#        C:\GIT\RobotArm2k17\STM32F4\RobotArm\EWARM\RobotArm\Obj\stm32f4xx_ll_fmc.o
#        C:\GIT\RobotArm2k17\STM32F4\RobotArm\EWARM\RobotArm\Obj\stm32f4xx_ll_usb.o
#        C:\GIT\RobotArm2k17\STM32F4\RobotArm\EWARM\RobotArm\Obj\stmpe811.o
#        C:\GIT\RobotArm2k17\STM32F4\RobotArm\EWARM\RobotArm\Obj\system_stm32f4xx.o
#        C:\GIT\RobotArm2k17\STM32F4\RobotArm\EWARM\RobotArm\Obj\tasks.o
#        C:\GIT\RobotArm2k17\STM32F4\RobotArm\EWARM\RobotArm\Obj\timers.o
#        C:\GIT\RobotArm2k17\STM32F4\RobotArm\EWARM\RobotArm\Obj\ts_calibration.o
#        C:\GIT\RobotArm2k17\STM32F4\RobotArm\EWARM\RobotArm\Obj\usb_device.o
#        C:\GIT\RobotArm2k17\STM32F4\RobotArm\EWARM\RobotArm\Obj\usbd_cdc.o
#        C:\GIT\RobotArm2k17\STM32F4\RobotArm\EWARM\RobotArm\Obj\usbd_cdc_if.o
#        C:\GIT\RobotArm2k17\STM32F4\RobotArm\EWARM\RobotArm\Obj\usbd_conf.o
#        C:\GIT\RobotArm2k17\STM32F4\RobotArm\EWARM\RobotArm\Obj\usbd_core.o
#        C:\GIT\RobotArm2k17\STM32F4\RobotArm\EWARM\RobotArm\Obj\usbd_ctlreq.o
#        C:\GIT\RobotArm2k17\STM32F4\RobotArm\EWARM\RobotArm\Obj\usbd_desc.o
#        C:\GIT\RobotArm2k17\STM32F4\RobotArm\EWARM\RobotArm\Obj\usbd_ioreq.o
#        --redirect _Printf=_PrintfFull --redirect _Scanf=_ScanfFull -o
#        C:\GIT\RobotArm2k17\STM32F4\RobotArm\EWARM\RobotArm\Exe\RobotArm.out
#        --map
#        C:\GIT\RobotArm2k17\STM32F4\RobotArm\EWARM\RobotArm\List\RobotArm.map
#        --config
#        C:\GIT\RobotArm2k17\STM32F4\RobotArm\EWARM/stm32f429xx_flash.icf
#        --semihosting --entry __iar_program_start --vfe --text_out locale)
#
###############################################################################

*******************************************************************************
*** MESSAGES
***

Warning[Lt009]: Inconsistent wchar_t size
            BUTTON.o(STemWin540_CM4_OS_IAR_ot_ARGB.a) and 128 other objects
                      have wchar_t size 16 bits
            cmsis_os.o and 97 other objects, some of them in m7M_tls.a and 27
                      other libraries have wchar_t size 32 bits


*******************************************************************************
*** RUNTIME MODEL ATTRIBUTES
***

CppFlavor       = *
__Heap_Handler  = DLMalloc
__SystemLibrary = DLib
__dlib_version  = 6


*******************************************************************************
*** HEAP SELECTION
***

The advanced heap was selected because the application calls memory
allocation functions outside of system library functions, and there
are calls to deallocation functions in the application.


*******************************************************************************
*** PLACEMENT SUMMARY
***

"A0":  place at 0x08000000 { ro section .intvec };
"P1":  place in [from 0x08000000 to 0x081fffff] { ro };
define block CSTACK with size = 1536, alignment = 8 { };
define block HEAP with size = 4K, alignment = 8 { };
"P2":  place in [from 0x20000000 to 0x2002ffff] {
          rw, block CSTACK, block HEAP };
initialize by copy { rw };

  Section            Kind        Address     Size  Object
  -------            ----        -------     ----  ------
"A0":                                       0x1ac
  .intvec            ro code  0x08000000    0x1ac  startup_stm32f429xx.o [1]
                            - 0x080001ac    0x1ac

"P1":                                     0x23b05
  .rodata            const    0x080001ac   0x2b0c  stm32f429i_discovery_lcd.o [1]
  .text              ro code  0x08002cb8   0x2078  main.o [1]
  .text              ro code  0x08004d30     0x34  stm32f4xx_hal.o [1]
  .text              ro code  0x08004d64    0x582  stm32f4xx_hal_tim.o [1]
  .text              ro code  0x080052e6     0x7a  lz77_init_single.o [6]
  .text              ro code  0x08005360     0x8a  stm32f4xx_hal_tim_ex.o [1]
  .text              ro code  0x080053ea     0x1e  GUICC_8888_Index2Color.o [3]
  .text              ro code  0x08005408    0x4f5  stm32f429i_discovery.o [1]
  .text              ro code  0x080058fe     0x1e  xencoding_8859_1.o [4]
  .text              ro code  0x0800591c    0x90c  stm32f429i_discovery_lcd.o [1]
  .text              ro code  0x08006228    0x108  stm32f429i_discovery_ts.o [1]
  .text              ro code  0x08006330    0xa74  STemwin_wrapper.o [1]
  .text              ro code  0x08006da4     0xa6  ABImemcpy.o [6]
  .text              ro code  0x08006e4a      0xa  xsprout.o [4]
  .text              ro code  0x08006e54    0x184  cmsis_os.o [1]
  .text              ro code  0x08006fd8    0x314  stm32f4xx_hal_rcc.o [1]
  .text              ro code  0x080072ec    0x1f4  stm32f4xx_hal_rcc.o [1]
  .text              ro code  0x080074e0    0x240  stm32f4xx_hal_rcc_ex.o [1]
  .text              ro code  0x08007720    0x108  stm32f4xx_hal_cortex.o [1]
  .text              ro code  0x08007828    0x45e  stm32f4xx_hal_adc.o [1]
  .text              ro code  0x08007c86     0x26  stm32f4xx_hal_crc.o [1]
  .text              ro code  0x08007cac    0x9dc  stm32f4xx_hal_i2c.o [1]
  .text              ro code  0x08008688     0x30  stm32f4xx_hal_rng.o [1]
  .text              ro code  0x080086b8    0x320  stm32f4xx_hal_spi.o [1]
  .text              ro code  0x080089d8    0x430  stm32f4xx_hal_msp.o [1]
  .text              ro code  0x08008e08    0x2e0  stm32f4xx_hal_uart.o [1]
  .text              ro code  0x080090e8    0x37e  stm32f4xx_hal_gpio.o [1]
  .text              ro code  0x08009466      0x6  GUICC_M888_Index2Color.o [3]
  .text              ro code  0x0800946c     0x48  FltToDbl.o [5]
  .text              ro code  0x080094b4    0x1a2  DblMul.o [5]
  .text              ro code  0x08009656      0x2  GUICC_M8888I_Index2Color.o [3]
  .text              ro code  0x08009658    0x246  DblDiv.o [5]
  .text              ro code  0x080098a0     0x68  DblToFlt.o [5]
  .text              ro code  0x08009908     0x1a  U32ToDbl.o [5]
  .text              ro code  0x08009924    0x178  DblAdd.o [5]
  .text              ro code  0x08009a9c    0x1e0  cos_sin32.o [5]
  .text              ro code  0x08009c7c    0x1bc  tan32.o [5]
  .text              ro code  0x08009e38     0x1e  sqrtf.o [5]
  .text              ro code  0x08009e58     0x5c  asinf.o [5]
  .text              ro code  0x08009eb4     0x64  acosf.o [5]
  .text              ro code  0x08009f18     0x48  atanf.o [5]
  .text              ro code  0x08009f60     0x38  usb_device.o [1]
  .text              ro code  0x08009f98     0x5c  GUI_App.o [1]
  .text              ro code  0x08009ff4     0x40  sprintf.o [4]
  .text              ro code  0x0800a034     0xe0  usbd_cdc_if.o [1]
  .text              ro code  0x0800a114     0x3a  DblToS32.o [5]
  .text              ro code  0x0800a150     0xe2  DblSub.o [5]
  .text              ro code  0x0800a234     0x22  S32ToDbl.o [5]
  .text              ro code  0x0800a258     0x10  stm32f4xx_hal.o [1]
  .text              ro code  0x0800a268     0x80  stm32f4xx_hal_timebase_TIM.o [1]
  .text              ro code  0x0800a2e8      0x2  stm32f4xx_hal_tim.o [1]
  .text              ro code  0x0800a2ea      0x2  stm32f4xx_hal_tim.o [1]
  .text              ro code  0x0800a2ec      0x2  stm32f4xx_hal_tim.o [1]
  .text              ro code  0x0800a2ee      0x2  stm32f4xx_hal_tim_ex.o [1]
  .text              ro code  0x0800a2f0      0x2  stm32f4xx_hal_tim.o [1]
  .text              ro code  0x0800a2f2      0x2  stm32f4xx_hal_tim_ex.o [1]
  .text              ro code  0x0800a2f4     0x28  stm32f4xx_hal.o [1]
  .text              ro code  0x0800a31c    0x2f8  stm32f4xx_hal_dma2d.o [1]
  .text              ro code  0x0800a614    0x37c  GUI_Common.o [3]
  .text              ro code  0x0800a990    0x128  LCD_Set.o [3]
  .text              ro code  0x0800aab8    0x7c4  LCD.o [3]
  .text              ro code  0x0800b27c    0x2c4  GUI_Device.o [3]
  .text              ro code  0x0800b540    0x2f4  LCD_GetEx.o [3]
  .text              ro code  0x0800b834    0x108  GUICC_M1555I.o [3]
  .text              ro code  0x0800b93c    0x108  GUICC_M565.o [3]
  .text              ro code  0x0800ba44    0x154  GUICC_M4444I.o [3]
  .text              ro code  0x0800bb98     0x36  GUICC_M888.o [3]
  .text              ro code  0x0800bbd0     0x2a  GUICC_M8888I.o [3]
  .text              ro code  0x0800bbfc    0x38c  GUI__Alpha.o [3]
  .text              ro code  0x0800bf88    0x48c  stm32f4xx_hal_ltdc.o [1]
  .text              ro code  0x0800c414     0x60  GUI_SelectLayer.o [3]
  .text              ro code  0x0800c474    0x500  HW_Init.o [1]
  .text              ro code  0x0800c974    0x1ec  GUI_Core.o [3]
  .text              ro code  0x0800cb60    0x778  WM_Lib.o [3]
  .text              ro code  0x0800d2d8    0x83c  tasks.o [1]
  .text              ro code  0x0800db14    0x6c8  queue.o [1]
  .text              ro code  0x0800e1dc    0x200  port.o [1]
  .text              ro code  0x0800e3dc      0xc  stm32f4xx_hal.o [1]
  .text              ro code  0x0800e3e8    0x22e  I64DivMod.o [6]
  .text              ro code  0x0800e618    0x3e4  stm32f4xx_hal_dma.o [1]
  .text              ro code  0x0800e9fc      0x2  stm32f4xx_hal_adc.o [1]
  .text              ro code  0x0800e9fe      0x2  stm32f4xx_hal_adc.o [1]
  .text              ro code  0x0800ea00     0xa4  xatanf.o [5]
  .text              ro code  0x0800eaa4    0x280  usbd_core.o [1]
  .text              ro code  0x0800ed24    0x268  usbd_cdc.o [1]
  .text              ro code  0x0800ef8c     0x68  FramewinDLG.o [1]
  .text              ro code  0x0800eff4    0x2cc  GUI_DispString.o [3]
  .text              ro code  0x0800f2c0     0x6c  GUI_Time.o [3]
  .text              ro code  0x0800f32c    0xf4e  xprintffull.o [4]
  .text              ro code  0x0801027c     0x66  ABImemset.o [6]
  .text              ro code  0x080102e4     0x70  strncpy.o [6]
  .text              ro code  0x08010354    0x1d4  GUI_Task.o [3]
  .text              ro code  0x08010528     0x18  LCD_GetColorIndex.o [3]
  .text              ro code  0x08010540   0x1db8  WM.o [3]
  .text              ro code  0x080122f8     0x44  LCD_SelectLCD.o [3]
  .text              ro code  0x0801233c     0x24  LCD_UpdateColorIndices.o [3]
  .text              ro code  0x08012360     0xc8  LCD_Color.o [3]
  .text              ro code  0x08012428    0x8a8  GUI_Alloc.o [3]
  .text              ro code  0x08012cd0    0x1ec  LCD_ReadRect.o [3]
  .text              ro code  0x08012ebc    0x142  GUI__ExpandPixelIndices.o [3]
  .text              ro code  0x08012ffe    0x298  ili9341.o [1]
  .text              ro code  0x08013298     0x9c  stm32f4xx_hal_sdram.o [1]
  .text              ro code  0x08013334     0x10  GUIConf.o [1]
  .text              ro code  0x08013344     0x58  GUI_X_OS.o [1]
  .text              ro code  0x0801339c    0x2c4  WM__Private.o [3]
  .text              ro code  0x08013660    0x2bc  GUI__Private.o [3]
  .text              ro code  0x0801391c    0x1e4  heap_4.o [1]
  .text              ro code  0x08013b00     0x90  list.o [1]
  CODE               ro code  0x08013b90     0xa8  portasm.o [1]
  .text              ro code  0x08013c38      0x2  I64DivZer.o [6]
  .text              ro code  0x08013c3c    0x300  usbd_conf.o [1]
  .text              ro code  0x08013f3c    0x4c4  usbd_ctlreq.o [1]
  .text              ro code  0x08014400     0x84  usbd_ioreq.o [1]
  .text              ro code  0x08014484   0x14d8  dlmalloc.o [4]
  .text              ro code  0x0801595c      0x4  heaptramp0.o [4]
  .text              ro code  0x08015960     0xb2  DIALOG.o [3]
  .text              ro code  0x08015a14     0x94  GUI_Char.o [3]
  .text              ro code  0x08015aa8    0x1d8  GUI_CharLine.o [3]
  .text              ro code  0x08015c80     0x50  GUI_UC.o [3]
  .text              ro code  0x08015cd0     0x78  xlocale_c.o [4]
  .text              ro code  0x08015d48     0x16  strchr.o [6]
  .text              ro code  0x08015d60     0x44  xfail_s.o [4]
  .text              ro code  0x08015da4     0x36  strlen.o [6]
  .text              ro code  0x08015ddc     0x58  memchr.o [6]
  .text              ro code  0x08015e34      0xa  xmbcurmax.o [4]
  .text              ro code  0x08015e40     0x70  frexp.o [5]
  .text              ro code  0x08015eb0     0x2e  DblCmpLe.o [5]
  .text              ro code  0x08015ee0     0x2e  DblCmpGe.o [5]
  .text              ro code  0x08015f10    0x13a  ldexp.o [5]
  .text              ro code  0x0801604c     0x28  DblToU32.o [5]
  .text              ro code  0x08016074     0x34  LCD_SetClipRectEx.o [3]
  .text              ro code  0x080160a8     0x14  GUI_WaitEvent.o [3]
  .text              ro code  0x080160bc    0x338  GUIDEV.o [3]
  .text              ro code  0x080163f4     0x78  WM_Timer.o [3]
  .text              ro code  0x0801646c    0x158  GUIDEV_Banding.o [3]
  .text              ro code  0x080165c4     0x44  GUI_OnKey.o [3]
  .text              ro code  0x08016608     0xe4  GUI__ManageCache.o [3]
  .text              ro code  0x080166ec     0x1c  LCD_GetNumDisplays.o [3]
  .text              ro code  0x08016708     0x96  ABImemmove.o [6]
  .text              ro code  0x080167a0    0x14c  stm32f4xx_ll_fmc.o [1]
  .text              ro code  0x080168ec    0x14c  WM_Move.o [3]
  .text              ro code  0x08016a38     0x4c  strcpy.o [6]
  .text              ro code  0x08016a84    0x948  stm32f4xx_hal_pcd.o [1]
  .text              ro code  0x080173cc     0x50  stm32f4xx_hal_pcd_ex.o [1]
  .text              ro code  0x0801741c      0x6  abort.o [4]
  .text              ro code  0x08017424     0x2c  xgetmemchunk.o [4]
  .text              ro code  0x08017450    0x22c  WIDGET.o [3]
  .text              ro code  0x0801767c     0x88  WM_SetFocusOnNextChild.o [3]
  .text              ro code  0x08017704    0x20c  GUIDEV_UsageBM.o [3]
  .text              ro code  0x08017910     0x60  GUIDEV_Usage.o [3]
  .text              ro code  0x08017970    0x76c  GUIDEV_WriteToActiveOpaque.o [3]
  .text              ro code  0x080180dc    0x152  GUI_Timer.o [3]
  .text              ro code  0x08018230     0x38  GUIDEV_GetYSize.o [3]
  .text              ro code  0x08018268     0x3c  GUIDEV_ReduceYSize.o [3]
  .text              ro code  0x080182a4     0x74  GUIDEV_SetOrg.o [3]
  .text              ro code  0x08018318     0x48  GUIDEV_Clear.o [3]
  .text              ro code  0x08018360    0x9a4  stm32f4xx_ll_usb.o [1]
  .text              ro code  0x08018d04     0x14  exit.o [7]
  .text              ro code  0x08018d18     0x80  WM_BringToTop.o [3]
  .text              ro code  0x08018d98      0x6  ABImemclr.o [6]
  .text              ro code  0x08018d9e     0x2e  GUIDEV_GetDataPtr.o [3]
  .text              ro code  0x08018dcc    0x2c8  GUI__CompactPixelIndices.o [3]
  .rodata            const    0x08019094   0x1e30  F32_1.o [3]
  .rodata            const    0x0801aec4   0x1c24  F32_ASCII.o [3]
  .text              ro code  0x0801cae8    0xdc4  GUIDRV_Lin_32.o [3]
  .text              ro code  0x0801d8ac    0xa2c  GUIDEV_32.o [3]
  .rodata            const    0x0801e2d8    0x984  F13_1.o [3]
  .rodata            const    0x0801ec5c    0x918  F13_ASCII.o [3]
  .text              ro code  0x0801f574    0x888  FRAMEWIN.o [3]
  .text              ro code  0x0801fdfc     0x64  WM_SetFocusOnPrevChild.o [3]
  .text              ro code  0x0801fe60     0x98  WM_SetCaptureMove.o [3]
  .text              ro code  0x0801fef8     0x8c  WM_GetWindowSize.o [3]
  .text              ro code  0x0801ff84     0x28  WM_MemDev.o [3]
  .text              ro code  0x0801ffac     0x50  WM_SetCapture.o [3]
  .rodata            const    0x0801fffc    0x718  F6x8.o [3]
  .text              ro code  0x08020714    0x454  GUI__DrawTwinArc.o [3]
  .text              ro code  0x08020b68    0x398  FRAMEWIN_SkinFlex.o [3]
  .text              ro code  0x08020f00    0x1b8  GUI_DrawLib.o [3]
  .text              ro code  0x080210b8    0x1f4  GUI_DrawGradient.o [3]
  .text              ro code  0x080212ac     0x50  WM_SetTrans.o [3]
  .rodata            const    0x080212fc    0x370  GUI__DivTbl.o [3]
  .text              ro code  0x0802166c    0x2e8  stmpe811.o [1]
  .text              ro code  0x08021954    0x2d4  BUTTON.o [3]
  .text              ro code  0x08021c28    0x2b4  GUIDEV_WriteToActiveAlpha.o [3]
  .text              ro code  0x08021edc    0x2a0  BUTTON_SkinFlex.o [3]
  .text              ro code  0x0802217c     0x8c  GUI_2DLib.o [3]
  .text              ro code  0x08022208     0x30  GUI_DRAW.o [3]
  .text              ro code  0x08022238    0x18c  GUI_CharM.o [3]
  .text              ro code  0x080223c4    0x174  GUIDEV_StaticDevices.o [3]
  .text              ro code  0x08022538     0x24  GUI_SetAlpha.o [3]
  .text              ro code  0x0802255c     0x6c  GUIDEV_Write.o [3]
  .text              ro code  0x080225c8     0x10  LCD_AA.o [3]
  .text              ro code  0x080225d8    0x164  FRAMEWIN_Skin.o [3]
  .text              ro code  0x0802273c    0x13a  GUI_CharP.o [3]
  .text              ro code  0x08022878    0x108  usbd_desc.o [1]
  .rodata            const    0x08022980    0x100  LCD_Mirror.o [3]
  .text              ro code  0x08022a80     0xe8  GUICC_8666_1.o [3]
  .text              ro code  0x08022b68     0xe0  GUICC_8666.o [3]
  .text              ro code  0x08022c48     0xdc  GUICC_565.o [3]
  .text              ro code  0x08022d24     0xd4  WIDGET_Effect_Simple.o [3]
  .text              ro code  0x08022df8     0xc8  GUICC_0.o [3]
  .text              ro code  0x08022ec0     0xb8  GUICC_1616I.o [3]
  .text              ro code  0x08022f78     0xb6  GUICC_16.o [3]
  .text              ro code  0x08023030     0xb0  GUICC_88666I.o [3]
  .text              ro code  0x080230e0     0xb0  BUTTON_Skin.o [3]
  .text              ro code  0x08023190     0x9c  GUICC_822216.o [3]
  .text              ro code  0x0802322c     0x9c  GUICC_84444.o [3]
  .text              ro code  0x080232c8     0x82  GUICC_8888.o [3]
  .text              ro code  0x0802334c     0x66  GUICC_888.o [3]
  .text              ro code  0x080233b4     0x60  system_stm32f4xx.o [1]
  .rodata            const    0x08023414     0x58  main.o [1]
  .text              ro code  0x0802346c     0x40  zero_init3.o [6]
  .text              ro code  0x080234ac     0x3c  GUICC_M8888.o [3]
  .rodata            const    0x080234e8     0x34  GUIDRV_Lin_32.o [3]
  .text              ro code  0x0802351c     0x2a  stm32f4xx_it.o [1]
  .text              ro code  0x08023548     0x28  data_init.o [6]
  .text              ro code  0x08023570     0x24  GUI_UC_EncodeNone.o [3]
  .text              ro code  0x08023594     0x22  fpinit_M.o [5]
  .iar.init_table    const    0x080235b8     0x20  - Linker created -
  .text              ro code  0x080235d8     0x1e  cmain.o [6]
  .text              ro code  0x080235f6      0x4  low_level_init.o [4]
  .text              ro code  0x080235fa      0x4  exit.o [4]
  .text              ro code  0x08023600      0xa  cexit.o [6]
  .rodata            const    0x0802360c     0x1c  WIDGET_Effect_Simple.o [3]
  .rodata            const    0x08023628     0x18  GUICC_M1555I.o [3]
  .rodata            const    0x08023640     0x18  GUICC_M4444I.o [3]
  .rodata            const    0x08023658     0x18  GUICC_M565.o [3]
  .rodata            const    0x08023670     0x18  GUICC_M8888I.o [3]
  .rodata            const    0x08023688     0x18  GUICC_M888.o [3]
  .rodata            const    0x080236a0     0x18  GUICC_1616I.o [3]
  .rodata            const    0x080236b8     0x18  GUICC_565.o [3]
  .rodata            const    0x080236d0     0x18  GUICC_822216.o [3]
  .rodata            const    0x080236e8     0x18  GUICC_84444.o [3]
  .rodata            const    0x08023700     0x18  GUICC_8666.o [3]
  .rodata            const    0x08023718     0x18  GUICC_8666_1.o [3]
  .rodata            const    0x08023730     0x18  GUICC_88666I.o [3]
  .rodata            const    0x08023748     0x18  GUICC_888.o [3]
  .rodata            const    0x08023760     0x18  GUICC_8888.o [3]
  .rodata            const    0x08023778     0x18  GUICC_M8888.o [3]
  .rodata            const    0x08023790     0x18  GUICC_16.o [3]
  .rodata            const    0x080237a8     0x18  GUICC_0.o [3]
  .rodata            const    0x080237c0     0x14  FramewinDLG.o [1]
  .text              ro code  0x080237d4     0x14  GUICC_888_Index2Color.o [3]
  .text              ro code  0x080237e8     0x14  memset.o [6]
  .text              ro code  0x080237fc     0x10  startup_stm32f429xx.o [1]
  .rodata            const    0x0802380c      0xc  LCD.o [3]
  .text              ro code  0x08023818      0xc  cstartup_M.o [6]
  .text              ro code  0x08023824      0xc  memcpy.o [6]
  .rodata            const    0x08023830      0x8  system_stm32f4xx.o [1]
  .rodata            const    0x08023838      0x6  xlocale_c.o [4]
  .text              ro code  0x0802383e      0x4  startup_stm32f429xx.o [1]
  .text              ro code  0x08023842      0x4  startup_stm32f429xx.o [1]
  .text              ro code  0x08023846      0x4  startup_stm32f429xx.o [1]
  .text              ro code  0x0802384a      0x4  startup_stm32f429xx.o [1]
  .text              ro code  0x0802384e      0x4  startup_stm32f429xx.o [1]
  .text              ro code  0x08023852      0x4  startup_stm32f429xx.o [1]
  .text              ro code  0x08023856      0x4  startup_stm32f429xx.o [1]
  .text              ro code  0x0802385a      0x4  startup_stm32f429xx.o [1]
  .text              ro code  0x0802385e      0x4  startup_stm32f429xx.o [1]
  .text              ro code  0x08023862      0x4  startup_stm32f429xx.o [1]
  .text              ro code  0x08023866      0x4  startup_stm32f429xx.o [1]
  .text              ro code  0x0802386a      0x4  startup_stm32f429xx.o [1]
  .text              ro code  0x0802386e      0x4  startup_stm32f429xx.o [1]
  .text              ro code  0x08023872      0x4  startup_stm32f429xx.o [1]
  .text              ro code  0x08023876      0x4  startup_stm32f429xx.o [1]
  .text              ro code  0x0802387a      0x4  startup_stm32f429xx.o [1]
  .text              ro code  0x0802387e      0x4  startup_stm32f429xx.o [1]
  .text              ro code  0x08023882      0x4  startup_stm32f429xx.o [1]
  .text              ro code  0x08023886      0x4  startup_stm32f429xx.o [1]
  .text              ro code  0x0802388a      0x4  startup_stm32f429xx.o [1]
  .text              ro code  0x0802388e      0x4  startup_stm32f429xx.o [1]
  .text              ro code  0x08023892      0x4  startup_stm32f429xx.o [1]
  .text              ro code  0x08023896      0x4  startup_stm32f429xx.o [1]
  .text              ro code  0x0802389a      0x4  startup_stm32f429xx.o [1]
  .text              ro code  0x0802389e      0x4  startup_stm32f429xx.o [1]
  .text              ro code  0x080238a2      0x4  startup_stm32f429xx.o [1]
  .text              ro code  0x080238a6      0x4  startup_stm32f429xx.o [1]
  .text              ro code  0x080238aa      0x4  startup_stm32f429xx.o [1]
  .text              ro code  0x080238ae      0x4  startup_stm32f429xx.o [1]
  .text              ro code  0x080238b2      0x4  startup_stm32f429xx.o [1]
  .text              ro code  0x080238b6      0x4  startup_stm32f429xx.o [1]
  .text              ro code  0x080238ba      0x4  startup_stm32f429xx.o [1]
  .text              ro code  0x080238be      0x4  startup_stm32f429xx.o [1]
  .text              ro code  0x080238c2      0x4  startup_stm32f429xx.o [1]
  .text              ro code  0x080238c6      0x4  startup_stm32f429xx.o [1]
  .text              ro code  0x080238ca      0x4  startup_stm32f429xx.o [1]
  .text              ro code  0x080238ce      0x4  startup_stm32f429xx.o [1]
  .text              ro code  0x080238d2      0x4  startup_stm32f429xx.o [1]
  .text              ro code  0x080238d6      0x4  startup_stm32f429xx.o [1]
  .text              ro code  0x080238da      0x4  startup_stm32f429xx.o [1]
  .text              ro code  0x080238de      0x4  startup_stm32f429xx.o [1]
  .text              ro code  0x080238e2      0x4  startup_stm32f429xx.o [1]
  .text              ro code  0x080238e6      0x4  startup_stm32f429xx.o [1]
  .text              ro code  0x080238ea      0x4  startup_stm32f429xx.o [1]
  .text              ro code  0x080238ee      0x4  startup_stm32f429xx.o [1]
  .text              ro code  0x080238f2      0x4  startup_stm32f429xx.o [1]
  .text              ro code  0x080238f6      0x4  startup_stm32f429xx.o [1]
  .text              ro code  0x080238fa      0x4  startup_stm32f429xx.o [1]
  .text              ro code  0x080238fe      0x4  startup_stm32f429xx.o [1]
  .text              ro code  0x08023902      0x4  startup_stm32f429xx.o [1]
  .text              ro code  0x08023906      0x4  startup_stm32f429xx.o [1]
  .text              ro code  0x0802390a      0x4  startup_stm32f429xx.o [1]
  .text              ro code  0x0802390e      0x4  startup_stm32f429xx.o [1]
  .text              ro code  0x08023912      0x4  startup_stm32f429xx.o [1]
  .text              ro code  0x08023916      0x4  startup_stm32f429xx.o [1]
  .text              ro code  0x0802391a      0x4  startup_stm32f429xx.o [1]
  .text              ro code  0x0802391e      0x4  startup_stm32f429xx.o [1]
  .text              ro code  0x08023922      0x4  startup_stm32f429xx.o [1]
  .text              ro code  0x08023926      0x4  startup_stm32f429xx.o [1]
  .text              ro code  0x0802392a      0x4  startup_stm32f429xx.o [1]
  .text              ro code  0x0802392e      0x4  startup_stm32f429xx.o [1]
  .text              ro code  0x08023932      0x4  startup_stm32f429xx.o [1]
  .text              ro code  0x08023936      0x4  startup_stm32f429xx.o [1]
  .text              ro code  0x0802393a      0x4  startup_stm32f429xx.o [1]
  .text              ro code  0x0802393e      0x4  startup_stm32f429xx.o [1]
  .text              ro code  0x08023942      0x4  startup_stm32f429xx.o [1]
  .text              ro code  0x08023946      0x4  startup_stm32f429xx.o [1]
  .text              ro code  0x0802394a      0x4  startup_stm32f429xx.o [1]
  .text              ro code  0x0802394e      0x4  startup_stm32f429xx.o [1]
  .text              ro code  0x08023952      0x4  startup_stm32f429xx.o [1]
  .text              ro code  0x08023956      0x4  startup_stm32f429xx.o [1]
  .text              ro code  0x0802395a      0x4  startup_stm32f429xx.o [1]
  .text              ro code  0x0802395e      0x4  startup_stm32f429xx.o [1]
  .text              ro code  0x08023962      0x4  startup_stm32f429xx.o [1]
  .text              ro code  0x08023966      0x4  startup_stm32f429xx.o [1]
  .text              ro code  0x0802396a      0x4  startup_stm32f429xx.o [1]
  .text              ro code  0x0802396e      0x4  startup_stm32f429xx.o [1]
  .text              ro code  0x08023972      0x4  startup_stm32f429xx.o [1]
  .text              ro code  0x08023976      0x4  startup_stm32f429xx.o [1]
  .text              ro code  0x0802397a      0x4  startup_stm32f429xx.o [1]
  .text              ro code  0x0802397e      0x4  startup_stm32f429xx.o [1]
  .text              ro code  0x08023982      0x4  startup_stm32f429xx.o [1]
  .text              ro code  0x08023986      0x4  startup_stm32f429xx.o [1]
  .text              ro code  0x0802398a      0x4  startup_stm32f429xx.o [1]
  .text              ro code  0x0802398e      0x4  startup_stm32f429xx.o [1]
  .text              ro code  0x08023992      0x4  startup_stm32f429xx.o [1]
  .text              ro code  0x08023996      0x4  startup_stm32f429xx.o [1]
  .text              ro code  0x0802399a      0x4  startup_stm32f429xx.o [1]
  .text              ro code  0x0802399e      0x4  startup_stm32f429xx.o [1]
  .text              ro code  0x080239a2      0x4  startup_stm32f429xx.o [1]
  .text              ro code  0x080239a6      0x4  startup_stm32f429xx.o [1]
  .text              ro code  0x080239aa      0x4  startup_stm32f429xx.o [1]
  .rodata            const    0x080239ae      0x0  zero_init3.o [6]
  .rodata            const    0x080239ae      0x0  lz77_init_single.o [6]
  Initializer bytes  const    0x080239ae    0x303  <for P2-1>
                            - 0x08023cb1  0x23b05

"P2", part 1 of 3:                          0x7e4
  P2-1                        0x20000000    0x7e4  <Init block>
    .data            inited   0x20000000     0x34  main.o [1]
    .data            inited   0x20000034     0x78  main.o [1]
    .data            inited   0x200000ac      0x4  main.o [1]
    .data            inited   0x200000b0     0x54  main.o [1]
    .data            inited   0x20000104     0x78  main.o [1]
    .data            inited   0x2000017c      0xc  port.o [1]
    .data            inited   0x20000188     0x20  STemwin_wrapper.o [1]
    .data            inited   0x200001a8      0x8  stm32f429i_discovery.o [1]
    .data            inited   0x200001b0      0x4  stm32f429i_discovery.o [1]
    .data            inited   0x200001b4     0x58  stm32f429i_discovery.o [1]
    .data            inited   0x2000020c     0x5c  stm32f429i_discovery.o [1]
    .data            inited   0x20000268     0x28  stm32f429i_discovery_lcd.o [1]
    .data            inited   0x20000290      0x8  stm32f429i_discovery_lcd.o [1]
    .data            inited   0x20000298      0x8  stm32f429i_discovery_lcd.o [1]
    .data            inited   0x200002a0      0xc  stm32f4xx_hal.o [1]
    .data            inited   0x200002ac     0x28  stmpe811.o [1]
    .data            inited   0x200002d4      0x4  system_stm32f4xx.o [1]
    .data            inited   0x200002d8      0xc  usbd_cdc.o [1]
    .data            inited   0x200002e4     0x38  usbd_cdc.o [1]
    .data            inited   0x2000031c     0x44  usbd_cdc.o [1]
    .data            inited   0x20000360     0x44  usbd_cdc.o [1]
    .data            inited   0x200003a4     0x44  usbd_cdc.o [1]
    .data            inited   0x200003e8     0x10  usbd_cdc_if.o [1]
    .data            inited   0x200003f8     0x1c  usbd_desc.o [1]
    .data            inited   0x20000414     0x14  usbd_desc.o [1]
    .data            inited   0x20000428      0x4  usbd_desc.o [1]
    .data            inited   0x2000042c     0x34  BUTTON.o [3]
    .data            inited   0x20000460      0x8  BUTTON.o [3]
    .data            inited   0x20000468     0x2c  FRAMEWIN.o [3]
    .data            inited   0x20000494     0xac  GUI_Core.o [3]
    .data            inited   0x20000540      0x4  GUI_Time.o [3]
    .data            inited   0x20000544      0x8  GUI__Alpha.o [3]
    .data            inited   0x2000054c      0x4  LCD.o [3]
    .data            inited   0x20000550     0x20  BUTTON_SkinFlex.o [3]
    .data            inited   0x20000570     0x20  BUTTON_SkinFlex.o [3]
    .data            inited   0x20000590     0x20  BUTTON_SkinFlex.o [3]
    .data            inited   0x200005b0     0x20  BUTTON_SkinFlex.o [3]
    .data            inited   0x200005d0      0xc  BUTTON_Skin.o [3]
    .data            inited   0x200005dc     0x1c  GUI_Task.o [3]
    .data            inited   0x200005f8     0x68  GUI_OnKey.o [3]
    .data            inited   0x20000660      0x4  GUI__Private.o [3]
    .data            inited   0x20000664      0x4  GUI__Private.o [3]
    .data            inited   0x20000668      0x4  WIDGET.o [3]
    .data            inited   0x2000066c     0x58  FRAMEWIN_SkinFlex.o [3]
    .data            inited   0x200006c4     0x14  FRAMEWIN_Skin.o [3]
    .data            inited   0x200006d8     0x5c  WM_Touch.o [3]
    .data            inited   0x20000734     0x14  LCD_Color.o [3]
    .data            inited   0x20000748      0x4  GUI_CharLine.o [3]
    .data            inited   0x2000074c      0x4  WIDGET_Effect_Simple.o [3]
    .data            inited   0x20000750     0x14  LCD_AA.o [3]
    .data            inited   0x20000764     0x38  xlocale_c.o [4]
    .data            inited   0x2000079c     0x48  xlocale_c.o [4]
                            - 0x200007e4    0x7e4

"P2", part 2 of 3:                        0x2063c
  .bss               zero     0x200007e4  0x1b800  GUIConf.o [1]
  .bss               zero     0x2001bfe4   0x3c18  heap_4.o [1]
  .bss               zero     0x2001fbfc    0x3f0  usbd_conf.o [1]
  .bss               zero     0x2001ffec    0x224  usb_device.o [1]
  .bss               zero     0x20020210    0x200  usbd_desc.o [1]
  .bss               zero     0x20020410    0x1d8  dlmalloc.o [4]
  .bss               zero     0x200205e8     0xcc  GUI_Alloc.o [3]
  .bss               zero     0x200206b4     0xa8  HW_Init.o [1]
  .bss               zero     0x2002075c     0xa0  tasks.o [1]
  .bss               zero     0x200207fc     0x8c  tasks.o [1]
  .bss               zero     0x20020888     0x80  usbd_cdc_if.o [1]
  .bss               zero     0x20020908     0x7c  WM.o [3]
  .bss               zero     0x20020984     0x64  main.o [1]
  .bss               zero     0x200209e8     0x60  main.o [1]
  .bss               zero     0x20020a48     0x58  main.o [1]
  .bss               zero     0x20020aa0     0x58  main.o [1]
  .bss               zero     0x20020af8     0x54  main.o [1]
  .bss               zero     0x20020b4c     0x44  HW_Init.o [1]
  .bss               zero     0x20020b90     0x40  HW_Init.o [1]
  .bss               zero     0x20020bd0     0x40  main.o [1]
  .bss               zero     0x20020c10     0x3c  main.o [1]
  .bss               zero     0x20020c4c     0x3c  main.o [1]
  .bss               zero     0x20020c88     0x3c  stm32f4xx_hal_timebase_TIM.o [1]
  .bss               zero     0x20020cc4     0x34  main.o [1]
  .bss               zero     0x20020cf8     0x1c  GUI__Alpha.o [3]
  .bss               zero     0x20020d14     0x18  GUI__ManageCache.o [3]
  .bss               zero     0x20020d2c     0x18  dlmalloc.o [4]
  .bss               zero     0x20020d44     0x14  GUI_Timer.o [3]
  .bss               zero     0x20020d58     0x10  stm32f429i_discovery_ts.o [1]
  .bss               zero     0x20020d68      0xc  main.o [1]
  .bss               zero     0x20020d74      0xc  main.o [1]
  .bss               zero     0x20020d80      0xc  main.o [1]
  .bss               zero     0x20020d8c      0x8  GUI_X_OS.o [1]
  .bss               zero     0x20020d94      0x8  main.o [1]
  .bss               zero     0x20020d9c      0x8  usbd_cdc_if.o [1]
  .bss               zero     0x20020da4      0x8  LCD_GetEx.o [3]
  .bss               zero     0x20020dac      0x8  GUICC_M1555I.o [3]
  .bss               zero     0x20020db4      0x8  GUICC_M4444I.o [3]
  .bss               zero     0x20020dbc      0x8  GUICC_M565.o [3]
  .bss               zero     0x20020dc4      0x8  GUI__Alpha.o [3]
  .bss               zero     0x20020dcc      0x4  HW_Init.o [1]
  .bss               zero     0x20020dd0      0x4  main.o [1]
  .bss               zero     0x20020dd4      0x4  WM.o [3]
  .bss               zero     0x20020dd8      0x4  GUI_Core.o [3]
  .bss               zero     0x20020ddc      0x4  GUI_Core.o [3]
  .bss               zero     0x20020de0      0x4  GUI_Core.o [3]
  .bss               zero     0x20020de4      0x4  GUI_Core.o [3]
  .bss               zero     0x20020de8      0x4  GUI_Core.o [3]
  .bss               zero     0x20020dec      0x4  GUI_Core.o [3]
  .bss               zero     0x20020df0      0x4  GUI_Core.o [3]
  .bss               zero     0x20020df4      0x4  GUI_Core.o [3]
  .bss               zero     0x20020df8      0x4  WM_SetCaptureMove.o [3]
  .bss               zero     0x20020dfc      0x4  WM__Private.o [3]
  .bss               zero     0x20020e00      0x4  GUI_WaitEvent.o [3]
  .bss               zero     0x20020e04      0x4  GUIDEV_Banding.o [3]
  .bss               zero     0x20020e08      0x4  xfail_s.o [4]
  .bss               zero     0x20020e0c      0x4  xgetmemchunk.o [4]
  .bss               zero     0x20020e10      0x2  stmpe811.o [1]
  .bss               zero     0x20020e12      0x2  GUI_Core.o [3]
  .bss               zero     0x20020e14      0x2  GUI_Core.o [3]
  .bss               zero     0x20020e16      0x2  GUI_Core.o [3]
  .bss               zero     0x20020e18      0x1  STemwin_wrapper.o [1]
  .bss               zero     0x20020e19      0x1  stm32f429i_discovery.o [1]
  .bss               zero     0x20020e1a      0x1  usbd_cdc.o [1]
  .bss               zero     0x20020e1b      0x1  usbd_ctlreq.o [1]
  .bss               zero     0x20020e1c      0x1  WM.o [3]
  .bss               zero     0x20020e1d      0x1  GUI_Core.o [3]
  .bss               zero     0x20020e1e      0x1  GUIDEV_StaticDevices.o [3]
                            - 0x20020e1f  0x2063b

"P2", part 3 of 3:                         0x1600
  CSTACK                      0x20020e20    0x600  <Block>
    CSTACK           uninit   0x20020e20    0x600  <Block tail>
  HEAP                        0x20021420   0x1000  <Block>
    HEAP             uninit   0x20021420   0x1000  <Block tail>
                            - 0x20022420   0x1600


*******************************************************************************
*** INIT TABLE
***

          Address     Size
          -------     ----
Zero (__iar_zero_init3)
    1 destination range, total size 0x2063b:
          0x200007e4  0x2063b

Copy/lz77 (__iar_lz77_init_single3)
    1 source range, total size 0x303 (38% of destination):
          0x080239ae    0x303
    1 destination range, total size 0x7e4:
          0x20000000    0x7e4



*******************************************************************************
*** MODULE SUMMARY
***

    Module                        ro code  ro data  rw data
    ------                        -------  -------  -------
C:\GIT\RobotArm2k17\STM32F4\RobotArm\EWARM\RobotArm\Obj: [1]
    FramewinDLG.o                     104       20
    GUIConf.o                          16           112 640
    GUI_App.o                          92
    GUI_X_OS.o                         88                 8
    HW_Init.o                       1 280               304
    STemwin_wrapper.o               2 676       12       33
    cmsis_os.o                        388
    heap_4.o                          484            15 384
    ili9341.o                         664
    list.o                            144
    main.o                          8 312      233    1 120
    port.o                            512        4       12
    portasm.o                         168
    queue.o                         1 736
    startup_stm32f429xx.o             812
    stm32f429i_discovery.o          1 269       74      193
    stm32f429i_discovery_lcd.o      2 316   11 041       56
    stm32f429i_discovery_ts.o         264                16
    stm32f4xx_hal.o                   120        5       12
    stm32f4xx_hal_adc.o             1 122
    stm32f4xx_hal_cortex.o            264
    stm32f4xx_hal_crc.o                38
    stm32f4xx_hal_dma.o               996
    stm32f4xx_hal_dma2d.o             760
    stm32f4xx_hal_gpio.o              894
    stm32f4xx_hal_i2c.o             2 524
    stm32f4xx_hal_ltdc.o            1 164
    stm32f4xx_hal_msp.o             1 072
    stm32f4xx_hal_pcd.o             2 376
    stm32f4xx_hal_pcd_ex.o             80
    stm32f4xx_hal_rcc.o             1 288
    stm32f4xx_hal_rcc_ex.o            576
    stm32f4xx_hal_rng.o                48
    stm32f4xx_hal_sdram.o             156
    stm32f4xx_hal_spi.o               800
    stm32f4xx_hal_tim.o             1 418
    stm32f4xx_hal_tim_ex.o            142
    stm32f4xx_hal_timebase_TIM.o      128                60
    stm32f4xx_hal_uart.o              736
    stm32f4xx_it.o                     42
    stm32f4xx_ll_fmc.o                332
    stm32f4xx_ll_usb.o              2 468
    stmpe811.o                        744       15       42
    system_stm32f4xx.o                 96        9        4
    tasks.o                         2 108               300
    usb_device.o                       56               548
    usbd_cdc.o                        616      104      273
    usbd_cdc_if.o                     224        6      152
    usbd_conf.o                       768             1 008
    usbd_core.o                       640
    usbd_ctlreq.o                   1 220                 1
    usbd_desc.o                       264       20      564
    usbd_ioreq.o                      132
    -------------------------------------------------------
    Total:                         47 737   11 543  132 730

command line: [2]
    -------------------------------------------------------
    Total:

STemWin540_CM4_OS_IAR_ot_ARGB.a: [3]
    BUTTON.o                          724       23       60
    BUTTON_Skin.o                     176        5       12
    BUTTON_SkinFlex.o                 672       48      128
    DIALOG.o                          178
    F13_1.o                                  2 436
    F13_ASCII.o                              2 328
    F32_1.o                                  7 728
    F32_ASCII.o                              7 204
    F6x8.o                                   1 816
    FRAMEWIN.o                      2 184       17       44
    FRAMEWIN_Skin.o                   356        7       20
    FRAMEWIN_SkinFlex.o               920       34       88
    GUICC_0.o                         200       24
    GUICC_16.o                        182       24
    GUICC_1616I.o                     184       24
    GUICC_565.o                       220       24
    GUICC_822216.o                    156       24
    GUICC_84444.o                     156       24
    GUICC_8666.o                      224       24
    GUICC_8666_1.o                    232       24
    GUICC_88666I.o                    176       24
    GUICC_888.o                       102       24
    GUICC_8888.o                      130       24
    GUICC_8888_Index2Color.o           30
    GUICC_888_Index2Color.o            20
    GUICC_M1555I.o                    264       24        8
    GUICC_M4444I.o                    340       24        8
    GUICC_M565.o                      264       24        8
    GUICC_M888.o                       54       24
    GUICC_M8888.o                      60       24
    GUICC_M8888I.o                     42       24
    GUICC_M8888I_Index2Color.o          2
    GUICC_M888_Index2Color.o            6
    GUIDEV.o                          824
    GUIDEV_32.o                     2 604
    GUIDEV_Banding.o                  344                 4
    GUIDEV_Clear.o                     72
    GUIDEV_GetDataPtr.o                46
    GUIDEV_GetYSize.o                  56
    GUIDEV_ReduceYSize.o               60
    GUIDEV_SetOrg.o                   116
    GUIDEV_StaticDevices.o            372                 1
    GUIDEV_Usage.o                     96
    GUIDEV_UsageBM.o                  524
    GUIDEV_Write.o                    108
    GUIDEV_WriteToActiveAlpha.o       692
    GUIDEV_WriteToActiveOpaque.o    1 900
    GUIDRV_Lin_32.o                 3 524       52
    GUI_2DLib.o                       140
    GUI_Alloc.o                     2 216               204
    GUI_Char.o                        148
    GUI_CharLine.o                    472        1        4
    GUI_CharM.o                       396
    GUI_CharP.o                       314
    GUI_Common.o                      892
    GUI_Core.o                        492       65      211
    GUI_DRAW.o                         48
    GUI_Device.o                      708
    GUI_DispString.o                  716
    GUI_DrawGradient.o                500
    GUI_DrawLib.o                     440
    GUI_OnKey.o                        68       39      104
    GUI_SelectLayer.o                  96
    GUI_SetAlpha.o                     36
    GUI_Task.o                        468       11       28
    GUI_Time.o                        108        2        4
    GUI_Timer.o                       338                20
    GUI_UC.o                           80
    GUI_UC_EncodeNone.o                36
    GUI_WaitEvent.o                    20                 4
    GUI__Alpha.o                      908        3       44
    GUI__CompactPixelIndices.o        712
    GUI__DivTbl.o                              880
    GUI__DrawTwinArc.o              1 108
    GUI__ExpandPixelIndices.o         322
    GUI__ManageCache.o                228                24
    GUI__Private.o                    700        3        8
    LCD.o                           1 988       14        4
    LCD_AA.o                           16        8       20
    LCD_Color.o                       200        8       20
    LCD_GetColorIndex.o                24
    LCD_GetEx.o                       756                 8
    LCD_GetNumDisplays.o               28
    LCD_Mirror.o                               256
    LCD_ReadRect.o                    492
    LCD_SelectLCD.o                    68
    LCD_Set.o                         296
    LCD_SetClipRectEx.o                52
    LCD_UpdateColorIndices.o           36
    WIDGET.o                          556        2        4
    WIDGET_Effect_Simple.o            212       30        4
    WM.o                            7 608               129
    WM_BringToTop.o                   128
    WM_GetWindowSize.o                140
    WM_Lib.o                        1 912
    WM_MemDev.o                        40
    WM_Move.o                         332
    WM_SetCapture.o                    80
    WM_SetCaptureMove.o               152                 4
    WM_SetFocusOnNextChild.o          136
    WM_SetFocusOnPrevChild.o          100
    WM_SetTrans.o                      80
    WM_Timer.o                        120
    WM_Touch.o                                  35       92
    WM__Private.o                     708                 4
    -------------------------------------------------------
    Total:                         48 562   23 463    1 325

dl7M_tlf.a: [4]
    abort.o                             6
    dlmalloc.o                      5 336               496
    exit.o                              4
    heaptramp0.o                        4
    low_level_init.o                    4
    sprintf.o                          64
    xencoding_8859_1.o                 30
    xfail_s.o                          68                 4
    xgetmemchunk.o                     44                 4
    xlocale_c.o                       120       55      128
    xmbcurmax.o                        10
    xprintffull.o                   3 918
    xsprout.o                          10
    -------------------------------------------------------
    Total:                          9 618       55      632

m7M_tls.a: [5]
    DblAdd.o                          376
    DblCmpGe.o                         46
    DblCmpLe.o                         46
    DblDiv.o                          582
    DblMul.o                          418
    DblSub.o                          226
    DblToFlt.o                        104
    DblToS32.o                         58
    DblToU32.o                         40
    FltToDbl.o                         72
    S32ToDbl.o                         34
    U32ToDbl.o                         26
    acosf.o                           100
    asinf.o                            92
    atanf.o                            72
    cos_sin32.o                       480
    fpinit_M.o                         34
    frexp.o                           112
    ldexp.o                           314
    sqrtf.o                            30
    tan32.o                           444
    xatanf.o                          164
    -------------------------------------------------------
    Total:                          3 870

rt7M_tl.a: [6]
    ABImemclr.o                         6
    ABImemcpy.o                       166
    ABImemmove.o                      150
    ABImemset.o                       102
    I64DivMod.o                       558
    I64DivZer.o                         2
    cexit.o                            10
    cmain.o                            30
    cstartup_M.o                       12
    data_init.o                        40
    lz77_init_single.o                122
    memchr.o                           88
    memcpy.o                           12
    memset.o                           20
    strchr.o                           22
    strcpy.o                           76
    strlen.o                           54
    strncpy.o                         112
    zero_init3.o                       64
    -------------------------------------------------------
    Total:                          1 646

shb_l.a: [7]
    exit.o                             20
    -------------------------------------------------------
    Total:                             20

    Gaps                               59        4
    Linker created                              32    5 632
-----------------------------------------------------------
    Grand Total:                  111 512   35 097  140 319


*******************************************************************************
*** ENTRY LIST
***

Entry                      Address     Size  Type      Object
-----                      -------     ----  ----      ------
.iar.init_table$$Base   0x080235b8            --   Gb  - Linker created -
.iar.init_table$$Limit  0x080235d8            --   Gb  - Linker created -
?main                   0x080235d9           Code  Gb  cmain.o [6]
ADC_Buf                 0x200209cc      0xc  Data  Lc  main.o [1]
ADC_DMAConvCplt         0x08007c11     0x5a  Code  Lc  stm32f4xx_hal_adc.o [1]
ADC_DMAError            0x08007c75     0x12  Code  Lc  stm32f4xx_hal_adc.o [1]
ADC_DMAHalfConvCplt     0x08007c6d      0x6  Code  Lc  stm32f4xx_hal_adc.o [1]
ADC_Init                0x08007adb    0x118  Code  Lc  stm32f4xx_hal_adc.o [1]
AHBPrescTable           0x08023404     0x10  Data  Gb  system_stm32f4xx.o [1]
APBPrescTable           0x08023830      0x8  Data  Gb  system_stm32f4xx.o [1]
API                     0x080178f8     0x18  Data  Lc  GUIDEV_UsageBM.o [3]
ActiveLayer             0x20000280      0x4  Data  Lc  stm32f429i_discovery_lcd.o [1]
BSP_LCD_Clear           0x08005963     0x30  Code  Gb  stm32f429i_discovery_lcd.o [1]
BSP_LCD_DisplayChar     0x08005993     0x32  Code  Gb  stm32f429i_discovery_lcd.o [1]
BSP_LCD_DisplayStringAt
                        0x080059c5     0xc4  Code  Gb  stm32f429i_discovery_lcd.o [1]
BSP_LCD_DrawCircle      0x08005c23    0x12e  Code  Gb  stm32f429i_discovery_lcd.o [1]
BSP_LCD_DrawHLine       0x08005a89     0x4c  Code  Gb  stm32f429i_discovery_lcd.o [1]
BSP_LCD_DrawLine        0x08005b21     0xce  Code  Gb  stm32f429i_discovery_lcd.o [1]
BSP_LCD_DrawPixel       0x080060c9     0x26  Code  Gb  stm32f429i_discovery_lcd.o [1]
BSP_LCD_DrawRect        0x08005bef     0x34  Code  Gb  stm32f429i_discovery_lcd.o [1]
BSP_LCD_DrawVLine       0x08005ad5     0x4c  Code  Gb  stm32f429i_discovery_lcd.o [1]
BSP_LCD_FillCircle      0x08005da7     0xca  Code  Gb  stm32f429i_discovery_lcd.o [1]
BSP_LCD_FillPolygon     0x08005f47    0x182  Code  Gb  stm32f429i_discovery_lcd.o [1]
BSP_LCD_FillRect        0x08005d51     0x56  Code  Gb  stm32f429i_discovery_lcd.o [1]
BSP_LCD_FillTriangle    0x08005e71     0xd6  Code  Gb  stm32f429i_discovery_lcd.o [1]
BSP_LCD_GetXSize        0x0800591d      0x4  Code  Gb  stm32f429i_discovery_lcd.o [1]
BSP_LCD_GetYSize        0x08005921      0x6  Code  Gb  stm32f429i_discovery_lcd.o [1]
BSP_LCD_SelectLayer     0x08005927      0x8  Code  Gb  stm32f429i_discovery_lcd.o [1]
BSP_LCD_SetBackColor    0x0800593f     0x12  Code  Gb  stm32f429i_discovery_lcd.o [1]
BSP_LCD_SetFont         0x08005951     0x12  Code  Gb  stm32f429i_discovery_lcd.o [1]
BSP_LCD_SetTextColor    0x0800592f     0x10  Code  Gb  stm32f429i_discovery_lcd.o [1]
BSP_LED_On              0x08005409     0x16  Code  Gb  stm32f429i_discovery.o [1]
BSP_LED_Toggle          0x0800541f     0x14  Code  Gb  stm32f429i_discovery.o [1]
BSP_PB_GetState         0x080054c3     0x14  Code  Gb  stm32f429i_discovery.o [1]
BSP_PB_Init             0x08005433     0x90  Code  Gb  stm32f429i_discovery.o [1]
BSP_TS_GetState         0x0800625f     0xca  Code  Gb  stm32f429i_discovery_ts.o [1]
BSP_TS_GetState::_x     0x20020d60      0x4  Data  Lc  stm32f429i_discovery_ts.o [1]
BSP_TS_GetState::_y     0x20020d64      0x4  Data  Lc  stm32f429i_discovery_ts.o [1]
BSP_TS_Init             0x08006229     0x36  Code  Gb  stm32f429i_discovery_ts.o [1]
BUTTON_Callback         0x080219f3    0x142  Code  Gb  BUTTON.o [3]
BUTTON_CreateIndirect   0x08021b35     0x90  Code  Gb  BUTTON.o [3]
BUTTON_DrawSkinFlex     0x08021edd    0x290  Code  Gb  BUTTON_SkinFlex.o [3]
BUTTON_IRQn             0x080058fc      0x1  Data  Gb  stm32f429i_discovery.o [1]
BUTTON_PIN              0x080058f8      0x2  Data  Gb  stm32f429i_discovery.o [1]
BUTTON_PORT             0x200001b0      0x4  Data  Gb  stm32f429i_discovery.o [1]
BUTTON_SetText          0x08021bd1     0x58  Code  Gb  BUTTON.o [3]
BUTTON__DefaultProps    0x2000042c     0x30  Data  Gb  BUTTON.o [3]
BUTTON__Skin            0x200005d0      0xc  Data  Gb  BUTTON_Skin.o [3]
BUTTON__pSkinDefault    0x2000045c      0x4  Data  Gb  BUTTON.o [3]
CDC_Control_HS          0x0800a057     0x4c  Code  Lc  usbd_cdc_if.o [1]
CDC_DeInit_HS           0x0800a053      0x4  Code  Lc  usbd_cdc_if.o [1]
CDC_Init_HS             0x0800a035     0x1e  Code  Lc  usbd_cdc_if.o [1]
CDC_Receive_HS          0x0800a0a3     0x36  Code  Lc  usbd_cdc_if.o [1]
CDC_Transmit_HS         0x0800a0d9     0x28  Code  Gb  usbd_cdc_if.o [1]
CSTACK$$Base            0x20020e20            --   Gb  - Linker created -
CSTACK$$Limit           0x20021420            --   Gb  - Linker created -
CacheMore               0x08015cd5     0x24  Code  Lc  xlocale_c.o [4]
Command                 0x20020b80     0x10  Data  Lc  HW_Init.o [1]
CreateFramewin          0x0800ef9d     0x1c  Code  Gb  FramewinDLG.o [1]
DMA2D_CopyBuffer        0x08006509     0x56  Code  Lc  STemwin_wrapper.o [1]
DMA2D_CopyBufferWithAlpha
                        0x0800655f     0x62  Code  Lc  STemwin_wrapper.o [1]
DMA2D_DrawBitmapL8      0x080067ed     0x54  Code  Lc  STemwin_wrapper.o [1]
DMA2D_FillBuffer        0x080065c1     0x50  Code  Lc  STemwin_wrapper.o [1]
DMA2D_Init              0x080064c9     0x40  Code  Gb  STemwin_wrapper.o [1]
DMA2D_SetConfig         0x0800a57d     0x98  Code  Lc  stm32f4xx_hal_dma2d.o [1]
DMA2_Stream4_IRQHandler
                        0x08023527      0x6  Code  Gb  stm32f4xx_it.o [1]
DMA_CalcBaseAndBitshift
                        0x0800e957     0x28  Code  Lc  stm32f4xx_hal_dma.o [1]
DMA_CalcBaseAndBitshift::flagBitshiftOffset
                        0x0800e9f4      0x8  Data  Lc  stm32f4xx_hal_dma.o [1]
DMA_CheckFifoParam      0x0800e981     0x72  Code  Lc  stm32f4xx_hal_dma.o [1]
DMA_SetConfig           0x0800e92d     0x2a  Code  Lc  stm32f4xx_hal_dma.o [1]
DrawChar                0x080060f9     0xca  Code  Lc  stm32f429i_discovery_lcd.o [1]
DrawProp                0x20000268     0x18  Data  Lc  stm32f429i_discovery_lcd.o [1]
EXTI0_IRQHandler        0x08023541      0x6  Code  Gb  stm32f4xx_it.o [1]
FMC_Initialized         0x20020dcc      0x4  Data  Lc  HW_Init.o [1]
FMC_SDRAM_Init          0x080167a1     0x74  Code  Gb  stm32f4xx_ll_fmc.o [1]
FMC_SDRAM_ProgramRefreshRate
                        0x080168e1      0xc  Code  Gb  stm32f4xx_ll_fmc.o [1]
FMC_SDRAM_SendCommand   0x08016895     0x4c  Code  Gb  stm32f4xx_ll_fmc.o [1]
FMC_SDRAM_Timing_Init   0x08016815     0x7a  Code  Gb  stm32f4xx_ll_fmc.o [1]
FRAMEWIN_Callback       0x0801f769    0x41e  Code  Gb  FRAMEWIN.o [3]
FRAMEWIN_CreateIndirect
                        0x0801fb87    0x1ec  Code  Gb  FRAMEWIN.o [3]
FRAMEWIN_DrawSkinFlex   0x08020b69    0x392  Code  Gb  FRAMEWIN_SkinFlex.o [3]
FRAMEWIN_GetActive      0x0801fdcd     0x30  Code  Gb  FRAMEWIN.o [3]
FRAMEWIN_SetText        0x0801fd73     0x4c  Code  Gb  FRAMEWIN.o [3]
FRAMEWIN__CalcTitleHeight
                        0x0801f6ad     0x24  Code  Gb  FRAMEWIN.o [3]
FRAMEWIN__DefaultProps  0x20000468     0x28  Data  Gb  FRAMEWIN.o [3]
FRAMEWIN__GetBorderSize
                        0x0801f66d     0x40  Code  Gb  FRAMEWIN.o [3]
FRAMEWIN__GetTitleLimits
                        0x0801f6d1     0x98  Code  Gb  FRAMEWIN.o [3]
FRAMEWIN__Skin          0x200006cc      0xc  Data  Gb  FRAMEWIN_Skin.o [3]
FRAMEWIN__cbClient      0x0801f575     0xf6  Code  Lc  FRAMEWIN.o [3]
FRAMEWIN__pSkinDefault  0x20000490      0x4  Data  Gb  FRAMEWIN.o [3]
FillBuffer              0x080061c3     0x58  Code  Lc  stm32f429i_discovery_lcd.o [1]
Font12                  0x20000298      0x8  Data  Gb  stm32f429i_discovery_lcd.o [1]
Font12_Table            0x08002844    0x474  Data  Gb  stm32f429i_discovery_lcd.o [1]
Font16                  0x20000290      0x8  Data  Gb  stm32f429i_discovery_lcd.o [1]
Font16_Table            0x08001c64    0xbe0  Data  Gb  stm32f429i_discovery_lcd.o [1]
Font24                  0x20000288      0x8  Data  Gb  stm32f429i_discovery_lcd.o [1]
Font24_Table            0x080001ac   0x1ab8  Data  Gb  stm32f429i_discovery_lcd.o [1]
GL_SetDefault           0x0800a857     0x88  Code  Gb  GUI_Common.o [3]
GPIO_PIN                0x080058f4      0x4  Data  Gb  stm32f429i_discovery.o [1]
GPIO_PORT               0x200001a8      0x8  Data  Gb  stm32f429i_discovery.o [1]
GRAPHICS_HW_Init        0x08006d31     0x1a  Code  Gb  STemwin_wrapper.o [1]
GRAPHICS_Init           0x08006d4b     0x10  Code  Gb  STemwin_wrapper.o [1]
GRAPHICS_MainTask       0x08009f99     0x46  Code  Gb  GUI_App.o [1]
GUICC_M1555I_SetCustColorConv
                        0x0800b927      0x8  Code  Gb  GUICC_M1555I.o [3]
GUICC_M4444I_SetCustColorConv
                        0x0800bb89      0x8  Code  Gb  GUICC_M4444I.o [3]
GUICC_M565_SetCustColorConv
                        0x0800ba27      0x8  Code  Gb  GUICC_M565.o [3]
GUICC_M8888I_SetCustColorConv
                        0x0800bbf9      0x2  Code  Gb  GUICC_M8888I.o [3]
GUICC_M888_SetCustColorConv
                        0x0800bbcd      0x2  Code  Gb  GUICC_M888.o [3]
GUIDRV_Lin_32_API       0x080234e8     0x34  Data  Gb  GUIDRV_Lin_32.o [3]
GUIMONO_DispChar        0x08022239    0x13a  Code  Gb  GUI_CharM.o [3]
GUIMONO_GetCharDistX    0x08022373     0x12  Code  Gb  GUI_CharM.o [3]
GUIMONO_GetFontInfo     0x08022389      0x6  Code  Gb  GUI_CharM.o [3]
GUIMONO_IsInFont        0x0802238f     0x36  Code  Gb  GUI_CharM.o [3]
GUIPROP_DispChar        0x0802273d     0xd0  Code  Gb  GUI_CharP.o [3]
GUIPROP_GetCharDistX    0x0802280d     0x42  Code  Gb  GUI_CharP.o [3]
GUIPROP_GetFontInfo     0x08022855      0x6  Code  Gb  GUI_CharP.o [3]
GUIPROP_IsInFont        0x0802285b     0x1c  Code  Gb  GUI_CharP.o [3]
GUITASK_CopyContext     0x0801044d     0xcc  Code  Gb  GUI_Task.o [3]
GUITASK_Init            0x0801040f     0x3e  Code  Gb  GUI_Task.o [3]
GUITASK_Init::RegisterExit
                        0x200005f0      0x8  Data  Lc  GUI_Task.o [3]
GUITASK__EntranceCnt    0x200005ec      0x4  Data  Gb  GUI_Task.o [3]
GUI_AA__ClipX0          0x20020df0      0x4  Data  Gb  GUI_Core.o [3]
GUI_ALLOC_AllocNoInit   0x08012a2d     0x1e  Code  Gb  GUI_Alloc.o [3]
GUI_ALLOC_AllocZero     0x08012c45     0x76  Code  Gb  GUI_Alloc.o [3]
GUI_ALLOC_AssignMemory  0x08012b39     0x10  Code  Gb  GUI_Alloc.o [3]
GUI_ALLOC_Free          0x08012b61     0x42  Code  Gb  GUI_Alloc.o [3]
GUI_ALLOC_FreeFixedBlock
                        0x08012885     0x12  Code  Gb  GUI_Alloc.o [3]
GUI_ALLOC_FreePtr       0x08012ba3     0x48  Code  Gb  GUI_Alloc.o [3]
GUI_ALLOC_FreePtrArray  0x08012bed     0x58  Code  Gb  GUI_Alloc.o [3]
GUI_ALLOC_GetFixedBlock
                        0x08012899    0x194  Code  Gb  GUI_Alloc.o [3]
GUI_ALLOC_GetMaxSize    0x08012aa9     0x40  Code  Gb  GUI_Alloc.o [3]
GUI_ALLOC_GetSize       0x08012b49     0x18  Code  Gb  GUI_Alloc.o [3]
GUI_ALLOC_Lock          0x08012b25      0xa  Code  Gb  GUI_Alloc.o [3]
GUI_ALLOC_LockH         0x08012a5b     0x22  Code  Gb  GUI_Alloc.o [3]
GUI_ALLOC_RequestSize   0x08012ae9     0x3c  Code  Gb  GUI_Alloc.o [3]
GUI_ALLOC_Unlock        0x08012b2f      0xa  Code  Gb  GUI_Alloc.o [3]
GUI_ALLOC_UnlockH       0x08012a7d     0x2c  Code  Gb  GUI_Alloc.o [3]
GUI_ALLOC__Context      0x200205e8     0xc0  Data  Gb  GUI_Alloc.o [3]
GUI_ALLOC_h2p           0x08012a4b     0x10  Code  Gb  GUI_Alloc.o [3]
GUI_CalcColorDist       0x0800a615     0x3e  Code  Gb  GUI_Common.o [3]
GUI_CharLine_pfLog2Vis  0x20000748      0x4  Data  Gb  GUI_CharLine.o [3]
GUI_Clear               0x0800c9af     0x6e  Code  Gb  GUI_Core.o [3]
GUI_CreateDialogBox     0x08015961     0xb2  Code  Gb  DIALOG.o [3]
GUI_DCACHE__pfClearCacheHook
                        0x2000052c      0x4  Data  Gb  GUI_Core.o [3]
GUI_DEVICE_Create       0x0800b2c3     0x62  Code  Gb  GUI_Device.o [3]
GUI_DEVICE_CreateAndLink
                        0x0800b41d     0x28  Code  Gb  GUI_Device.o [3]
GUI_DEVICE_Delete       0x0800b2bf      0x4  Code  Gb  GUI_Device.o [3]
GUI_DEVICE_Link         0x0800b357     0xc6  Code  Gb  GUI_Device.o [3]
GUI_DEVICE_LinkDevices  0x0800b449     0xea  Code  Gb  GUI_Device.o [3]
GUI_DEVICE_Unlink       0x0800b325     0x32  Code  Gb  GUI_Device.o [3]
GUI_DEVICE_UnlinkTaskDevices
                        0x0800b445      0x4  Code  Gb  GUI_Device.o [3]
GUI_DEVICE__GetpDriver  0x0800b27d     0x42  Code  Gb  GUI_Device.o [3]
GUI_DRAW__Draw          0x08022209     0x30  Code  Gb  GUI_DRAW.o [3]
GUI_DecChar             0x2000050c      0x1  Data  Gb  GUI_Core.o [3]
GUI_Delay               0x0800f2c1     0x62  Code  Gb  GUI_Time.o [3]
GUI_DispString          0x0800eff5    0x104  Code  Gb  GUI_DispString.o [3]
GUI_DispStringAt        0x0800f0f9     0x22  Code  Gb  GUI_DispString.o [3]
GUI_DispStringInRect    0x0800f2bb      0x6  Code  Gb  GUI_DispString.o [3]
GUI_DispStringInRectMax
                        0x0800f26d     0x4e  Code  Gb  GUI_DispString.o [3]
GUI_DrawGradientV       0x0802123d     0x68  Code  Gb  GUI_DrawGradient.o [3]
GUI_DrawHLine           0x08020f01     0x58  Code  Gb  GUI_DrawLib.o [3]
GUI_DrawPixel           0x08020f59     0x56  Code  Gb  GUI_DrawLib.o [3]
GUI_DrawRect            0x0802217d     0x86  Code  Gb  GUI_2DLib.o [3]
GUI_DrawVLine           0x08020faf     0x54  Code  Gb  GUI_DrawLib.o [3]
GUI_Exec                0x0800a751     0x4a  Code  Gb  GUI_Common.o [3]
GUI_F6x8_Mono           0x080206dc     0x14  Data  Lc  F6x8.o [3]
GUI_F6x8_TI8859_1       0x080206d4      0x8  Data  Lc  F6x8.o [3]
GUI_F6x8_TL8859_1       0x08020514    0x1c0  Data  Lc  F6x8.o [3]
GUI_FillRect            0x08021003     0x56  Code  Gb  GUI_DrawLib.o [3]
GUI_FillRectEx          0x08021059     0x5c  Code  Gb  GUI_DrawLib.o [3]
GUI_Font13ASCII_CharInfo
                        0x0801f270    0x2f8  Data  Lc  F13_ASCII.o [3]
GUI_Font13ASCII_Prop1   0x0801f568      0xc  Data  Gb  F13_ASCII.o [3]
GUI_Font13_1            0x0801ec38     0x24  Data  Gb  F13_1.o [3]
GUI_Font13_1_CharInfo   0x0801e92c    0x300  Data  Lc  F13_1.o [3]
GUI_Font13_1_Prop1      0x0801ec2c      0xc  Data  Lc  F13_1.o [3]
GUI_Font32_1            0x0801aea0     0x24  Data  Gb  F32_1.o [3]
GUI_Font32_1_CharInfo   0x0801ab94    0x300  Data  Lc  F32_1.o [3]
GUI_Font32_1_Prop1      0x0801ae94      0xc  Data  Lc  F32_1.o [3]
GUI_Font32_ASCII_CharInfo
                        0x0801c7e4    0x2f8  Data  Gb  F32_ASCII.o [3]
GUI_Font32_ASCII_Prop1  0x0801cadc      0xc  Data  Gb  F32_ASCII.o [3]
GUI_Font6x8             0x080206f0     0x24  Data  Gb  F6x8.o [3]
GUI_GetBitsPerPixelEx   0x0800b6ad      0xe  Code  Gb  LCD_GetEx.o [3]
GUI_GetBkColor          0x0800a65d     0x18  Code  Gb  GUI_Common.o [3]
GUI_GetCharDistX        0x08015a5f     0x20  Code  Gb  GUI_Char.o [3]
GUI_GetCharDistXEx      0x08015a7f     0x26  Code  Gb  GUI_Char.o [3]
GUI_GetClientRect       0x0800a653      0xa  Code  Gb  GUI_Common.o [3]
GUI_GetColor            0x0800a675     0x18  Code  Gb  GUI_Common.o [3]
GUI_GetDrawMode         0x0800a68d     0x16  Code  Gb  GUI_Common.o [3]
GUI_GetFontDistY        0x08015a49     0x16  Code  Gb  GUI_Char.o [3]
GUI_GetLayerPosEx       0x0800c415     0x28  Code  Gb  GUI_SelectLayer.o [3]
GUI_GetOrg              0x0800a6a3     0x2a  Code  Gb  GUI_Common.o [3]
GUI_GetYAdjust          0x08015a15     0x34  Code  Gb  GUI_Char.o [3]
GUI_GetYSizeOfFont      0x0800a6cd      0xa  Code  Gb  GUI_Common.o [3]
GUI_GetpfColor2IndexEx  0x0800b6e9      0xc  Code  Gb  LCD_GetEx.o [3]
GUI_GetpfIndex2ColorEx  0x0800b6dd      0xc  Code  Gb  LCD_GetEx.o [3]
GUI_GotoXY              0x0800a79b     0x20  Code  Gb  GUI_Common.o [3]
GUI_Init                0x0800ca1d    0x108  Code  Gb  GUI_Core.o [3]
GUI_Lock                0x080103ab     0x64  Code  Gb  GUI_Task.o [3]
GUI_MEMDEV_Clear        0x08018319     0x48  Code  Gb  GUIDEV_Clear.o [3]
GUI_MEMDEV_CopyToLCD    0x08016345     0xa0  Code  Gb  GUIDEV.o [3]
GUI_MEMDEV_CreateEx     0x0801627b     0x7c  Code  Gb  GUIDEV.o [3]
GUI_MEMDEV_DEVICE_32    0x0801e2a4     0x34  Data  Gb  GUIDEV_32.o [3]
GUI_MEMDEV_Delete       0x08016235     0x46  Code  Gb  GUIDEV.o [3]
GUI_MEMDEV_Draw         0x0801646d    0x14a  Code  Gb  GUIDEV_Banding.o [3]
GUI_MEMDEV_GetBitsPerPixel
                        0x08016201     0x34  Code  Gb  GUIDEV.o [3]
GUI_MEMDEV_GetDataPtr   0x08018d9f     0x2e  Code  Gb  GUIDEV_GetDataPtr.o [3]
GUI_MEMDEV_GetYSize     0x08018231     0x38  Code  Gb  GUIDEV_GetYSize.o [3]
GUI_MEMDEV_Paint1Static
                        0x080224fd     0x24  Code  Gb  GUIDEV_StaticDevices.o [3]
GUI_MEMDEV_ReduceYSize  0x08018269     0x3c  Code  Gb  GUIDEV_ReduceYSize.o [3]
GUI_MEMDEV_Select       0x080162f7     0x4e  Code  Gb  GUIDEV.o [3]
GUI_MEMDEV_SetOrg       0x080182a5     0x74  Code  Gb  GUIDEV_SetOrg.o [3]
GUI_MEMDEV_Write        0x0802255d     0x6c  Code  Gb  GUIDEV_Write.o [3]
GUI_MEMDEV__CreateFixed
                        0x080160f3    0x10e  Code  Gb  GUIDEV.o [3]
GUI_MEMDEV__WriteToActiveAlpha
                        0x08021d85    0x13e  Code  Gb  GUIDEV_WriteToActiveAlpha.o [3]
GUI_MEMDEV__WriteToActiveAt
                        0x080160bd     0x36  Code  Gb  GUIDEV.o [3]
GUI_MEMDEV__WriteToActiveOpaque
                        0x08018091     0x44  Code  Gb  GUIDEV_WriteToActiveOpaque.o [3]
GUI_MergeRect           0x0800a6d7     0x5e  Code  Gb  GUI_Common.o [3]
GUI_MoveRect            0x0800a735     0x1c  Code  Gb  GUI_Common.o [3]
GUI_OrgX                0x20020e14      0x2  Data  Gb  GUI_Core.o [3]
GUI_OrgY                0x20020e16      0x2  Data  Gb  GUI_Core.o [3]
GUI_PollKeyMsg          0x080165d1     0x34  Code  Gb  GUI_OnKey.o [3]
GUI_ReadRectEx          0x08012e57     0x60  Code  Gb  LCD_ReadRect.o [3]
GUI_RectsIntersect      0x0800a7bb     0x38  Code  Gb  GUI_Common.o [3]
GUI_RestoreContext      0x0800a7ff      0xe  Code  Gb  GUI_Common.o [3]
GUI_SaveContext_W       0x0800a7f3      0xc  Code  Gb  GUI_Common.o [3]
GUI_SelectLCD           0x0800a80d     0x1e  Code  Gb  GUI_Common.o [3]
GUI_SelectLayer         0x0800c43d     0x2e  Code  Gb  GUI_SelectLayer.o [3]
GUI_SetBkColor          0x0800a82b     0x16  Code  Gb  GUI_Common.o [3]
GUI_SetColor            0x0800a841     0x16  Code  Gb  GUI_Common.o [3]
GUI_SetDrawMode         0x0800a8e1     0x18  Code  Gb  GUI_Common.o [3]
GUI_SetFont             0x0800a8f9     0x1e  Code  Gb  GUI_Common.o [3]
GUI_SetFuncDrawAlpha    0x0800bf45     0x1c  Code  Gb  GUI__Alpha.o [3]
GUI_SetOrg              0x0800a917     0x34  Code  Gb  GUI_Common.o [3]
GUI_SetTextMode         0x0800a94b     0x1e  Code  Gb  GUI_Common.o [3]
GUI_SignalEvent         0x080160a9      0xc  Code  Gb  GUI_WaitEvent.o [3]
GUI_StoreKey            0x080165c5      0xc  Code  Gb  GUI_OnKey.o [3]
GUI_TIMER_Create::RegisterExit
                        0x20020d50      0x8  Data  Lc  GUI_Timer.o [3]
GUI_TIMER_Delete        0x08018189     0x68  Code  Gb  GUI_Timer.o [3]
GUI_TIMER_GetFlag       0x080181f5     0x3a  Code  Gb  GUI_Timer.o [3]
GUI_TIMER__GetFirstTimer
                        0x08018129     0x28  Code  Gb  GUI_Timer.o [3]
GUI_TIMER__GetNextTimerLin
                        0x08018151     0x38  Code  Gb  GUI_Timer.o [3]
GUI_UC_None             0x08023584     0x10  Data  Gb  GUI_UC_EncodeNone.o [3]
GUI_UC__GetCharCodeInc  0x08015c81     0x26  Code  Gb  GUI_UC.o [3]
GUI_UC__NumChars2NumBytes
                        0x08015ca7     0x24  Code  Gb  GUI_UC.o [3]
GUI_USAGE_AddRect       0x08017945     0x2c  Code  Gb  GUIDEV_Usage.o [3]
GUI_USAGE_BM_AddHLine   0x0801772f     0x6e  Code  Lc  GUIDEV_UsageBM.o [3]
GUI_USAGE_BM_AddPixel   0x08017705     0x2a  Code  Lc  GUIDEV_UsageBM.o [3]
GUI_USAGE_BM_Clear      0x0801779d      0xe  Code  Lc  GUIDEV_UsageBM.o [3]
GUI_USAGE_BM_Create     0x08017891     0x66  Code  Gb  GUIDEV_UsageBM.o [3]
GUI_USAGE_BM_GetNextDirty
                        0x080177ad     0xe0  Code  Lc  GUIDEV_UsageBM.o [3]
GUI_USAGE_DecUseCnt     0x08017911     0x32  Code  Gb  GUIDEV_Usage.o [3]
GUI_Unlock              0x0801039b     0x10  Code  Gb  GUI_Task.o [3]
GUI_X_Config            0x08013335     0x10  Code  Gb  GUIConf.o [1]
GUI_X_Delay             0x08013349      0x4  Code  Gb  GUI_X_OS.o [1]
GUI_X_GetTaskId         0x0801338b      0x4  Code  Gb  GUI_X_OS.o [1]
GUI_X_GetTime           0x08013345      0x4  Code  Gb  GUI_X_OS.o [1]
GUI_X_Init              0x0801334d      0x2  Code  Gb  GUI_X_OS.o [1]
GUI_X_InitOS            0x0801334f     0x28  Code  Gb  GUI_X_OS.o [1]
GUI_X_Lock              0x0801337f      0xc  Code  Gb  GUI_X_OS.o [1]
GUI_X_Unlock            0x08013377      0x8  Code  Gb  GUI_X_OS.o [1]
GUI__AllocAlphaBuffer   0x0800bec9     0x7c  Code  Gb  GUI__Alpha.o [3]
GUI__AlphaPreserveTrans
                        0x08022539     0x1e  Code  Gb  GUI_SetAlpha.o [3]
GUI__BkColorDefault     0x20000524      0x4  Data  Gb  GUI_Core.o [3]
GUI__BufferSize         0x20020dec      0x4  Data  Gb  GUI_Core.o [3]
GUI__ColorDefault       0x20000520      0x4  Data  Gb  GUI_Core.o [3]
GUI__CompactPixelIndices
                        0x08018dcd    0x152  Code  Gb  GUI__CompactPixelIndices.o [3]
GUI__CompactPixelIndicesEx
                        0x08019085     0x10  Code  Gb  GUI__CompactPixelIndices.o [3]
GUI__Config::RegisterExit
                        0x20000504      0x8  Data  Lc  GUI_Core.o [3]
GUI__Context            0x20000494     0x70  Data  Lc  GUI_Core.o [3]
GUI__ConvertColor2Index
                        0x08018f21    0x164  Code  Gb  GUI__CompactPixelIndices.o [3]
GUI__DispLine           0x08015bc5     0xa6  Code  Gb  GUI_CharLine.o [3]
GUI__DispStringInRect   0x0800f11d    0x14a  Code  Gb  GUI_DispString.o [3]
GUI__DoAlphaBlending    0x0800bc79    0x1b2  Code  Gb  GUI__Alpha.o [3]
GUI__DrawTwinArc2       0x08020a91     0x6a  Code  Gb  GUI__DrawTwinArc.o [3]
GUI__DrawTwinArc4       0x08020afb     0x68  Code  Gb  GUI__DrawTwinArc.o [3]
GUI__ExpandPixelIndicesEx
                        0x08012ebd    0x142  Code  Gb  GUI__ExpandPixelIndices.o [3]
GUI__GetAlphaBuffer     0x0800be2b     0x9e  Code  Gb  GUI__Alpha.o [3]
GUI__GetAlphaBuffer::RegisterExit
                        0x20020d0c      0x8  Data  Lc  GUI__Alpha.o [3]
GUI__GetLineDistX       0x08015b65     0x60  Code  Gb  GUI_CharLine.o [3]
GUI__GetLineNumChars    0x08015b2b     0x3a  Code  Gb  GUI_CharLine.o [3]
GUI__HandleEOLine       0x08013661     0x28  Code  Gb  GUI__Private.o [3]
GUI__IntersectRect      0x08013689     0x40  Code  Gb  GUI__Private.o [3]
GUI__IntersectRects     0x080136c9     0x62  Code  Gb  GUI__Private.o [3]
GUI__IsInitialized      0x2000050e      0x1  Data  Gb  GUI_Core.o [3]
GUI__ManageCache        0x080166d9      0xa  Code  Gb  GUI__ManageCache.o [3]
GUI__ManageCacheEx      0x08016609     0xd0  Code  Gb  GUI__ManageCache.o [3]
GUI__ManageCacheEx::aLockCnt
                        0x20020d24      0x8  Data  Lc  GUI__ManageCache.o [3]
GUI__MixColors          0x0800bc25     0x50  Code  Gb  GUI__Alpha.o [3]
GUI__NumLayersInUse     0x20020e1d      0x1  Data  Gb  GUI_Core.o [3]
GUI__PreserveTrans      0x2000050d      0x1  Data  Gb  GUI_Core.o [3]
GUI__ReduceRect         0x08013815     0x1a  Code  Gb  GUI__Private.o [3]
GUI__RegisterExit       0x0800cb25      0xe  Code  Gb  GUI_Core.o [3]
GUI__SetText            0x08013831     0xc8  Code  Gb  GUI__Private.o [3]
GUI__aConvert_15_255    0x080212fc     0x10  Data  Gb  GUI__DivTbl.o [3]
GUI__aConvert_255_15    0x0802136c    0x100  Data  Gb  GUI__DivTbl.o [3]
GUI__aConvert_255_31    0x0802146c    0x100  Data  Gb  GUI__DivTbl.o [3]
GUI__aConvert_255_63    0x0802156c    0x100  Data  Gb  GUI__DivTbl.o [3]
GUI__aConvert_31_255    0x0802130c     0x20  Data  Gb  GUI__DivTbl.o [3]
GUI__aConvert_63_255    0x0802132c     0x40  Data  Gb  GUI__DivTbl.o [3]
GUI__aNumBuffers        0x20020e12      0x2  Data  Gb  GUI_Core.o [3]
GUI__apDevice           0x20000530      0x8  Data  Gb  GUI_Core.o [3]
GUI__memset             0x0801372d     0xe6  Code  Gb  GUI__Private.o [3]
GUI__pFontDefault       0x2000051c      0x4  Data  Gb  GUI_Core.o [3]
GUI__pfDrawAlphaBitmapFunc
                        0x20020dc8      0x4  Data  Gb  GUI__Alpha.o [3]
GUI__pfDrawAlphaMemdevFunc
                        0x20020dc4      0x4  Data  Gb  GUI__Alpha.o [3]
GUI__pfMemcpy           0x20000664      0x4  Data  Gb  GUI__Private.o [3]
GUI__pfMemset           0x20000660      0x4  Data  Gb  GUI__Private.o [3]
GUI__pfMixColors        0x20000548      0x4  Data  Gb  GUI__Alpha.o [3]
GUI__sqrt32             0x080138f9     0x1a  Code  Gb  GUI__Private.o [3]
GUI_acFont6x8           0x0801fffc    0x518  Data  Lc  F6x8.o [3]
GUI_pContext            0x20000528      0x4  Data  Gb  GUI_Core.o [3]
GUI_pLCD_APIList        0x20020df4      0x4  Data  Gb  GUI_Core.o [3]
GUI_pUC_API             0x20000514      0x4  Data  Gb  GUI_Core.o [3]
GUI_pfAfterInitHook     0x20000510      0x4  Data  Gb  GUI_Core.o [3]
GUI_pfDispCharLine      0x20020de8      0x4  Data  Gb  GUI_Core.o [3]
GUI_pfDispCharStyle     0x20020de4      0x4  Data  Gb  GUI_Core.o [3]
GUI_pfExecAnimations    0x20020dd8      0x4  Data  Gb  GUI_Core.o [3]
GUI_pfTimerExec         0x20000518      0x4  Data  Gb  GUI_Core.o [3]
GUI_pfUpdateSoftLayer   0x20020ddc      0x4  Data  Gb  GUI_Core.o [3]
GetBufferSize           0x0800667f     0x18  Code  Lc  STemwin_wrapper.o [1]
GetPixelformat          0x080063bf    0x100  Code  Lc  STemwin_wrapper.o [1]
HAL_ADC_ConfigChannel   0x0800798d    0x14e  Code  Gb  stm32f4xx_hal_adc.o [1]
HAL_ADC_ConvCpltCallback
                        0x08002cb9     0x1c  Code  Gb  main.o [1]
HAL_ADC_Init            0x08007829     0x58  Code  Gb  stm32f4xx_hal_adc.o [1]
HAL_ADC_MspInit         0x08008a39     0x8c  Code  Gb  stm32f4xx_hal_msp.o [1]
HAL_ADC_Start_DMA       0x08007881    0x10c  Code  Gb  stm32f4xx_hal_adc.o [1]
HAL_CRC_Init            0x08007c87     0x26  Code  Gb  stm32f4xx_hal_crc.o [1]
[...]
                        0x20020cf0      0x4  Data  Lc  main.o [1]
calculateInverseKinematics3Axis::epsilon
                        0x20020cec      0x4  Data  Lc  main.o [1]
calculateInverseKinematics3Axis::gamma
                        0x20020ce0      0x4  Data  Lc  main.o [1]
calculateInverseKinematics3Axis::omega
                        0x20020cf4      0x4  Data  Lc  main.o [1]
calculateInverseKinematics3Axis::x_temp
                        0x20020cd0      0x4  Data  Lc  main.o [1]
calculateInverseKinematics3Axis::yPosRecalculated
                        0x20020cd8      0x4  Data  Lc  main.o [1]
calculateInverseKinematics3Axis::y_temp
                        0x20020cd4      0x4  Data  Lc  main.o [1]
calculateInverseKinematics::alpha
                        0x20000020      0x4  Data  Lc  main.o [1]
calculateInverseKinematics::beta
                        0x20000024      0x4  Data  Lc  main.o [1]
calculateInverseKinematics::c
                        0x20000018      0x4  Data  Lc  main.o [1]
calculateInverseKinematics::delta
                        0x2000002c      0x4  Data  Lc  main.o [1]
calculateInverseKinematics::epsilon
                        0x20000028      0x4  Data  Lc  main.o [1]
calculateInverseKinematics::gamma
                        0x2000001c      0x4  Data  Lc  main.o [1]
calculateInverseKinematics::omega
                        0x20000030      0x4  Data  Lc  main.o [1]
calculateInverseKinematics::x_temp
                        0x20000010      0x4  Data  Lc  main.o [1]
calculateInverseKinematics::y_temp
                        0x20000014      0x4  Data  Lc  main.o [1]
calculatedAngles        0x20000000      0x8  Data  Gb  main.o [1]
calculatedAngles3Axis   0x20020cc4      0xc  Data  Gb  main.o [1]
commTaskHandle          0x20020ae0      0x4  Data  Gb  main.o [1]
controlTaskHandle       0x20020ae8      0x4  Data  Gb  main.o [1]
convertADCtomm          0x080039b1     0x1a  Code  Gb  main.o [1]
coordinatesXYZ          0x20020d74      0xc  Data  Gb  main.o [1]
cosf                    0x08009c75      0x4  Code  Gb  cos_sin32.o [5]
cycleRepeat             0x20000094      0x4  Data  Lc  main.o [1]
dc2deg                  0x080035ed     0x16  Code  Gb  main.o [1]
dc2turnDeg              0x08003693     0x28  Code  Gb  main.o [1]
defaultTaskHandle       0x20020adc      0x4  Data  Gb  main.o [1]
deg2dc                  0x080035d5     0x16  Code  Gb  main.o [1]
deg2rad                 0x08003583     0x2a  Code  Gb  main.o [1]
dutyCycle2DegFactor     0x200000ac      0x4  Data  Lc  main.o [1]
emWin_LCD_Init          0x0800b109    0x106  Code  Gb  LCD.o [3]
exit                    0x080235fb      0x4  Code  Gb  exit.o [4]
extMem                  0x200007e4  0x1b800  Data  Lc  GUIConf.o [1]
free                    0x0801595d      0x4  Code  Gb  heaptramp0.o [4]
graphicsEna             0x20000098      0x4  Data  Lc  main.o [1]
gripRotate2dc           0x0800365b     0x38  Code  Gb  main.o [1]
hUsbDeviceHS            0x2001ffec    0x224  Data  Gb  usb_device.o [1]
hadc1                   0x20020984     0x48  Data  Gb  main.o [1]
hcrc                    0x20020d94      0x8  Data  Gb  main.o [1]
hdma2d                  0x20020b90     0x40  Data  Gb  HW_Init.o [1]
hdma_adc1               0x200209e8     0x60  Data  Gb  main.o [1]
hi2c3                   0x20020af8     0x54  Data  Gb  main.o [1]
hltdc                   0x200206b4     0xa8  Data  Gb  HW_Init.o [1]
horLinkAngle            0x20000054      0x4  Data  Lc  main.o [1]
horLinkLength           0x20000008      0x4  Data  Lc  main.o [1]
horLinkPoints           0x20000044     0x10  Data  Gb  main.o [1]
hpcd_USB_OTG_HS         0x2001fbfc    0x3f0  Data  Gb  usbd_conf.o [1]
hrng                    0x20020d68      0xc  Data  Gb  main.o [1]
hsdram1                 0x20020b4c     0x34  Data  Gb  HW_Init.o [1]
hspi5                   0x20020a48     0x58  Data  Gb  main.o [1]
htim2                   0x20020aa0     0x3c  Data  Gb  main.o [1]
htim3                   0x20020c10     0x3c  Data  Gb  main.o [1]
htim4                   0x20020c4c     0x3c  Data  Gb  main.o [1]
htim6                   0x20020c88     0x3c  Data  Gb  stm32f4xx_hal_timebase_TIM.o [1]
huart5                  0x20020bd0     0x40  Data  Gb  main.o [1]
ili9341_Init            0x08012fff    0x290  Code  Gb  ili9341.o [1]
ili9341_WriteData       0x08013293      0x4  Code  Gb  ili9341.o [1]
ili9341_WriteReg        0x0801328f      0x4  Code  Gb  ili9341.o [1]
inHandlerMode           0x08006e63      0xe  Code  Lc  cmsis_os.o [1]
init_mparams            0x080144a3     0x32  Code  Lc  dlmalloc.o [4]
init_top                0x080144d5     0x32  Code  Lc  dlmalloc.o [4]
layer_prop              0x20000188     0x1c  Data  Lc  STemwin_wrapper.o [1]
ldexp                   0x08015f11           Code  Gb  ldexp.o [5]
ldexpl                  0x08015f11           Code  Gb  ldexp.o [5]
localeconv              0x08015d39      0x4  Code  Gb  xlocale_c.o [4]
main                    0x08002cd5    0x164  Code  Gb  main.o [1]
makeFreeRtosPriority    0x08006e55      0xe  Code  Lc  cmsis_os.o [1]
memchr                  0x08015ddd           Code  Gb  memchr.o [6]
memcpy                  0x08023825      0xc  Code  Gb  memcpy.o [6]
memset                  0x080237e9     0x14  Code  Gb  memset.o [6]
mode                    0x20000090      0x4  Data  Lc  main.o [1]
mparams                 0x20020d2c     0x18  Data  Lc  dlmalloc.o [4]
oldGraphicsTaskHandle   0x20020af4      0x4  Data  Gb  main.o [1]
osDelay                 0x08006ec7     0x10  Code  Gb  cmsis_os.o [1]
osKernelStart           0x08006e71      0xa  Code  Gb  cmsis_os.o [1]
osKernelSysTick         0x08006e7b     0x1a  Code  Gb  cmsis_os.o [1]
osMutex                 0x20020d8c      0x4  Data  Lc  GUI_X_OS.o [1]
osMutexCreate           0x08006ed7      0x6  Code  Gb  cmsis_os.o [1]
osMutexRelease          0x08006f47     0x52  Code  Gb  cmsis_os.o [1]
osMutexWait             0x08006edd     0x6a  Code  Gb  cmsis_os.o [1]
osSemaphore             0x20020d90      0x4  Data  Lc  GUI_X_OS.o [1]
osSemaphoreCreate       0x08006f99     0x26  Code  Gb  cmsis_os.o [1]
osSystickHandler        0x08006fbf     0x14  Code  Gb  cmsis_os.o [1]
osThreadCreate          0x08006e95     0x2e  Code  Gb  cmsis_os.o [1]
osThreadGetId           0x08006ec3      0x4  Code  Gb  cmsis_os.o [1]
prepend_alloc           0x08014507    0x342  Code  Lc  dlmalloc.o [4]
pressLength             0x2000009c      0x4  Data  Lc  main.o [1]
pressTarget             0x200000fc      0x4  Data  Lc  main.o [1]
pressThreshold          0x200000f8      0x4  Data  Lc  main.o [1]
prvAddCurrentTaskToDelayedList
                        0x0800da9d     0x68  Code  Lc  tasks.o [1]
prvAddNewTaskToReadyList
                        0x0800d3df     0x84  Code  Lc  tasks.o [1]
prvCheckTasksWaitingTermination
                        0x0800d8cf     0x46  Code  Lc  tasks.o [1]
prvCopyDataFromQueue    0x0800e10f     0x24  Code  Lc  queue.o [1]
prvCopyDataToQueue      0x0800e09b     0x74  Code  Lc  queue.o [1]
prvDeleteTCB            0x0800d915     0x14  Code  Lc  tasks.o [1]
prvHeapInit             0x08013a5d     0x4e  Code  Lc  heap_4.o [1]
prvIdleTask             0x0800d861     0x20  Code  Lc  tasks.o [1]
prvInitialiseMutex      0x0800dc03     0x14  Code  Lc  queue.o [1]
prvInitialiseNewQueue   0x0800dbe9     0x1a  Code  Lc  queue.o [1]
prvInitialiseNewTask    0x0800d33b     0xa4  Code  Lc  tasks.o [1]
prvInitialiseTaskLists  0x0800d881     0x4e  Code  Lc  tasks.o [1]
prvInsertBlockIntoFreeList
                        0x08013aab     0x4e  Code  Lc  heap_4.o [1]
prvIsQueueEmpty         0x0800e1a1     0x18  Code  Lc  queue.o [1]
prvIsQueueFull          0x0800e1b9     0x1e  Code  Lc  queue.o [1]
prvResetNextTaskUnblockTime
                        0x0800d929     0x1e  Code  Lc  tasks.o [1]
prvTaskExitError        0x0800e205     0x28  Code  Lc  port.o [1]
prvUnlockQueue          0x0800e133     0x6e  Code  Lc  queue.o [1]
pvPortMalloc            0x0801391d     0xdc  Code  Gb  heap_4.o [1]
pvTaskIncrementMutexHeldCount
                        0x0800da79     0x16  Code  Gb  tasks.o [1]
pxCurrentTCB            0x20020784      0x4  Data  Gb  tasks.o [1]
pxDelayedTaskList       0x20020788      0x4  Data  Lc  tasks.o [1]
pxEnd                   0x2001bfec      0x4  Data  Lc  heap_4.o [1]
pxOverflowDelayedTaskList
                        0x2002078c      0x4  Data  Lc  tasks.o [1]
pxPortInitialiseStack   0x0800e1dd     0x28  Code  Gb  port.o [1]
pxReadyTasksLists       0x200207fc     0x8c  Data  Lc  tasks.o [1]
rad2deg                 0x080035ad     0x28  Code  Gb  main.o [1]
receiveState            0x2000012c      0x1  Data  Gb  main.o [1]
receivedGrip2dc         0x080036bb     0x24  Code  Gb  main.o [1]
receivedTurn2dc         0x08003603     0x24  Code  Gb  main.o [1]
rxBuf                   0x20000118     0x14  Data  Gb  main.o [1]
saturateFloat           0x08003547     0x28  Code  Gb  main.o [1]
scalbln                 0x08015f11           Code  Gb  ldexp.o [5]
scalblnl                0x08015f11           Code  Gb  ldexp.o [5]
scalbn                  0x08015f11           Code  Gb  ldexp.o [5]
scalbnl                 0x08015f11           Code  Gb  ldexp.o [5]
scale                   0x0800fb0b     0x46  Code  Lc  xprintffull.o [4]
sec_hand                0x20020e08      0x4  Data  Lc  xfail_s.o [4]
segment_holding         0x08014485     0x1e  Code  Lc  dlmalloc.o [4]
sensorTaskHandle        0x20020ae4      0x4  Data  Gb  main.o [1]
servo1CurrPos           0x20000070      0x4  Data  Lc  main.o [1]
servo1Max               0x200000e0      0x4  Data  Lc  main.o [1]
servo1Min               0x200000cc      0x4  Data  Lc  main.o [1]
servo1NewPos            0x200000b4      0x4  Data  Lc  main.o [1]
servo1NewPosRef         0x20000060      0x4  Data  Lc  main.o [1]
servo1StepSize          0x20000080      0x4  Data  Lc  main.o [1]
servo2CurrPos           0x20000074      0x4  Data  Lc  main.o [1]
servo2Max               0x200000e4      0x4  Data  Lc  main.o [1]
servo2Min               0x200000d0      0x4  Data  Lc  main.o [1]
servo2NewPos            0x200000b8      0x4  Data  Lc  main.o [1]
servo2NewPosRef         0x20000064      0x4  Data  Lc  main.o [1]
servo2StepSize          0x20000084      0x4  Data  Lc  main.o [1]
servo3CurrPos           0x20000078      0x4  Data  Lc  main.o [1]
servo3Max               0x200000e8      0x4  Data  Lc  main.o [1]
servo3Min               0x200000d4      0x4  Data  Lc  main.o [1]
servo3NewPos            0x200000bc      0x4  Data  Lc  main.o [1]
servo3NewPosRef         0x20000068      0x4  Data  Lc  main.o [1]
servo3StepSize          0x20000088      0x4  Data  Lc  main.o [1]
servo4CurrPos           0x2000007c      0x4  Data  Lc  main.o [1]
servo4Max               0x200000ec      0x4  Data  Lc  main.o [1]
servo4Min               0x200000d8      0x4  Data  Lc  main.o [1]
servo4NewPos            0x200000c0      0x4  Data  Lc  main.o [1]
servo4NewPosRef         0x2000006c      0x4  Data  Lc  main.o [1]
servo4StepSize          0x2000008c      0x4  Data  Lc  main.o [1]
servo5CurrPos           0x200000c8      0x4  Data  Lc  main.o [1]
servo5Max               0x200000f0      0x4  Data  Lc  main.o [1]
servo5Min               0x200000dc      0x4  Data  Lc  main.o [1]
servo5NewPos            0x200000c4      0x4  Data  Lc  main.o [1]
servo5NewPosRef         0x200000b0      0x4  Data  Lc  main.o [1]
servo5StepSize          0x200000f4      0x4  Data  Lc  main.o [1]
servoRampTaskHandle     0x20020aec      0x4  Data  Gb  main.o [1]
sinf                    0x08009c79      0x4  Code  Gb  cos_sin32.o [5]
sprintf                 0x08009ff5     0x40  Code  Gb  sprintf.o [4]
sqrtf                   0x08009e39           Code  Gb  sqrtf.o [5]
stmpe811                0x20020e10      0x2  Data  Gb  stmpe811.o [1]
stmpe811_ClearGlobalIT  0x08021779      0xa  Code  Gb  stmpe811.o [1]
stmpe811_DisableGlobalIT
                        0x08021705     0x20  Code  Gb  stmpe811.o [1]
stmpe811_DisableITSource
                        0x08021745     0x22  Code  Gb  stmpe811.o [1]
stmpe811_EnableGlobalIT
                        0x080216e5     0x20  Code  Gb  stmpe811.o [1]
stmpe811_EnableITSource
                        0x08021725     0x20  Code  Gb  stmpe811.o [1]
stmpe811_GetInstance    0x0802192d     0x20  Code  Lc  stmpe811.o [1]
stmpe811_IO_EnableAF    0x08021783     0x22  Code  Gb  stmpe811.o [1]
stmpe811_Init           0x0802166d     0x2a  Code  Gb  stmpe811.o [1]
stmpe811_ReadGITStatus  0x08021767     0x12  Code  Gb  stmpe811.o [1]
stmpe811_ReadID         0x080216c1     0x24  Code  Gb  stmpe811.o [1]
stmpe811_Reset          0x08021697     0x2a  Code  Gb  stmpe811.o [1]
stmpe811_TS_ClearIT     0x08021929      0x4  Code  Gb  stmpe811.o [1]
stmpe811_TS_DetectTouch
                        0x08021863     0x40  Code  Gb  stmpe811.o [1]
stmpe811_TS_DisableIT   0x08021913     0x12  Code  Gb  stmpe811.o [1]
stmpe811_TS_EnableIT    0x080218fb     0x18  Code  Gb  stmpe811.o [1]
stmpe811_TS_GetXY       0x080218a3     0x58  Code  Gb  stmpe811.o [1]
stmpe811_TS_ITStatus    0x08021925      0x4  Code  Gb  stmpe811.o [1]
stmpe811_TS_Start       0x080217a5     0xbe  Code  Gb  stmpe811.o [1]
stmpe811_ts_drv         0x200002ac     0x28  Data  Gb  stmpe811.o [1]
strchr                  0x08015d49           Code  Gb  strchr.o [6]
strcpy                  0x08016a39           Code  Gb  strcpy.o [6]
strlen                  0x08015da5           Code  Gb  strlen.o [6]
strncpy                 0x080102e5           Code  Gb  strncpy.o [6]
sys_alloc               0x08014a4b    0x160  Code  Lc  dlmalloc.o [4]
sys_trim                0x08014bab     0x66  Code  Lc  dlmalloc.o [4]
tanf                    0x08009c7d    0x1bc  Code  Gb  tan32.o [5]
taskCounterCommTask     0x2000013c      0x4  Data  Lc  main.o [1]
taskCounterControlTask  0x20000100      0x4  Data  Lc  main.o [1]
taskCounterDefaultTask  0x20020dd0      0x4  Data  Lc  main.o [1]
taskCounterOldGraphicsTask
                        0x200000a8      0x4  Data  Lc  main.o [1]
taskCounterSensorTask   0x200209e4      0x4  Data  Lc  main.o [1]
taskCounterServoRampTask
                        0x200000a4      0x4  Data  Lc  main.o [1]
taskCounterTsTask       0x20020d88      0x4  Data  Lc  main.o [1]
tempbuf                 0x20020d9c      0x8  Data  Gb  usbd_cdc_if.o [1]
tmalloc_large           0x08014c1d    0x384  Code  Lc  dlmalloc.o [4]
tmalloc_small           0x08014fa1    0x1fe  Code  Lc  dlmalloc.o [4]
tsTaskHandle            0x20020af0      0x4  Data  Gb  main.o [1]
turnAngle               0x2000005c      0x4  Data  Lc  main.o [1]
txBuf                   0x2000015c     0x20  Data  Gb  main.o [1]
ucHeap                  0x2001bffc   0x3c00  Data  Lc  heap_4.o [1]
ucMaxSysCallPriority    0x2000017c      0x1  Data  Lc  port.o [1]
ulMaxPRIGROUPValue      0x20000184      0x4  Data  Lc  port.o [1]
uwTick                  0x200002a4      0x4  Data  Gb  stm32f4xx_hal.o [1]
uwTickFreq              0x200002a0      0x1  Data  Gb  stm32f4xx_hal.o [1]
uwTickPrio              0x200002a8      0x4  Data  Gb  stm32f4xx_hal.o [1]
uxCriticalNesting       0x20000180      0x4  Data  Lc  port.o [1]
uxCurrentNumberOfTasks  0x200207a8      0x4  Data  Lc  tasks.o [1]
uxDeletedTasksWaitingCleanUp
                        0x20020790      0x4  Data  Lc  tasks.o [1]
uxListRemove            0x08013b6d     0x24  Code  Gb  list.o [1]
uxPendedTicks           0x200207b8      0x4  Data  Lc  tasks.o [1]
uxSchedulerSuspended    0x200207cc      0x4  Data  Lc  tasks.o [1]
uxTaskNumber            0x200207c4      0x4  Data  Lc  tasks.o [1]
uxTopReadyPriority      0x200207b0      0x4  Data  Lc  tasks.o [1]
vListInitialise         0x08013b01     0x1a  Code  Gb  list.o [1]
vListInitialiseItem     0x08013b1b      0x6  Code  Gb  list.o [1]
vListInsert             0x08013b39     0x34  Code  Gb  list.o [1]
vListInsertEnd          0x08013b21     0x18  Code  Gb  list.o [1]
vPortEnableVFP          0x08013c1d           Code  Gb  portasm.o [1]
vPortEnterCritical      0x0800e2d5     0x32  Code  Gb  port.o [1]
vPortExitCritical       0x0800e307     0x26  Code  Gb  port.o [1]
vPortFree               0x080139f9     0x64  Code  Gb  heap_4.o [1]
vPortStartFirstTask     0x08013c05           Code  Gb  portasm.o [1]
vPortValidateInterruptPriority
                        0x0800e355     0x44  Code  Gb  port.o [1]
vTaskDelay              0x0800d463     0x4c  Code  Gb  tasks.o [1]
vTaskMissedYield        0x0800d857      0x8  Code  Gb  tasks.o [1]
vTaskPlaceOnEventList   0x0800d71f     0x2e  Code  Gb  tasks.o [1]
vTaskPriorityInherit    0x0800d96b     0x7a  Code  Gb  tasks.o [1]
vTaskSetTimeOutState    0x0800d7bf     0x22  Code  Gb  tasks.o [1]
vTaskStartScheduler     0x0800d4af     0x60  Code  Gb  tasks.o [1]
vTaskSuspendAll         0x0800d50f      0xc  Code  Gb  tasks.o [1]
vTaskSwitchContext      0x0800d6bf     0x60  Code  Gb  tasks.o [1]
val                     0x200209d8      0xc  Data  Lc  main.o [1]
verLinkAngle            0x20000058      0x4  Data  Lc  main.o [1]
verLinkLength           0x2000000c      0x4  Data  Lc  main.o [1]
verLinkPoints           0x20000034     0x10  Data  Gb  main.o [1]
xBlockAllocatedBit      0x2001bff8      0x4  Data  Lc  heap_4.o [1]
xDelayedTaskList1       0x200207d0     0x14  Data  Lc  tasks.o [1]
xDelayedTaskList2       0x200207e4     0x14  Data  Lc  tasks.o [1]
xFreeBytesRemaining     0x2001bff0      0x4  Data  Lc  heap_4.o [1]
xIdleTaskHandle         0x200207f8      0x4  Data  Lc  tasks.o [1]
xMinimumEverFreeBytesRemaining
                        0x2001bff4      0x4  Data  Lc  heap_4.o [1]
xNextTaskUnblockTime    0x200207c8      0x4  Data  Lc  tasks.o [1]
xNumOfOverflows         0x200207c0      0x4  Data  Lc  tasks.o [1]
xPendingReadyList       0x2002075c     0x14  Data  Lc  tasks.o [1]
xPortStartScheduler     0x0800e22d     0xa8  Code  Gb  port.o [1]
xPortSysTickHandler     0x0800e32d     0x28  Code  Gb  port.o [1]
xQueueCreateMutex       0x0800dc17     0x16  Code  Gb  queue.o [1]
xQueueGenericCreate     0x0800dba3     0x46  Code  Gb  queue.o [1]
xQueueGenericReceive    0x0800de57    0x1a0  Code  Gb  queue.o [1]
xQueueGenericReset      0x0800db15     0x8e  Code  Gb  queue.o [1]
xQueueGenericSend       0x0800dc2d    0x17c  Code  Gb  queue.o [1]
xQueueGiveFromISR       0x0800dda9     0xae  Code  Gb  queue.o [1]
xQueueReceiveFromISR    0x0800dff7     0xa4  Code  Gb  queue.o [1]
xRotate2dc              0x08003627     0x34  Code  Gb  main.o [1]
xSchedulerRunning       0x200207b4      0x4  Data  Lc  tasks.o [1]
xStart                  0x2001bfe4      0x8  Data  Lc  heap_4.o [1]
xSuspendedTaskList      0x20020794     0x14  Data  Lc  tasks.o [1]
xTaskCheckForTimeOut    0x0800d7e1     0x76  Code  Gb  tasks.o [1]
xTaskCreate             0x0800d2d9     0x62  Code  Gb  tasks.o [1]
xTaskGetCurrentTaskHandle
                        0x0800d947      0x8  Code  Gb  tasks.o [1]
xTaskGetSchedulerState  0x0800d94f     0x1c  Code  Gb  tasks.o [1]
xTaskGetTickCount       0x0800d5db      0x8  Code  Gb  tasks.o [1]
xTaskGetTickCountFromISR
                        0x0800d5e3      0xe  Code  Gb  tasks.o [1]
xTaskIncrementTick      0x0800d5f1     0xce  Code  Gb  tasks.o [1]
xTaskPriorityDisinherit
                        0x0800d9e5     0x94  Code  Gb  tasks.o [1]
xTaskRemoveFromEventList
                        0x0800d74d     0x72  Code  Gb  tasks.o [1]
xTaskResumeAll          0x0800d51b     0xc0  Code  Gb  tasks.o [1]
xTasksWaitingTermination
                        0x20020770     0x14  Data  Lc  tasks.o [1]
xTickCount              0x200207ac      0x4  Data  Lc  tasks.o [1]
xYieldPending           0x200207bc      0x4  Data  Lc  tasks.o [1]


[1] = C:\GIT\RobotArm2k17\STM32F4\RobotArm\EWARM\RobotArm\Obj
[2] = command line
[3] = STemWin540_CM4_OS_IAR_ot_ARGB.a
[4] = dl7M_tlf.a
[5] = m7M_tls.a
[6] = rt7M_tl.a
[7] = shb_l.a

  111 512 bytes of readonly  code memory
   35 097 bytes of readonly  data memory
  140 319 bytes of readwrite data memory

Errors: none
Warnings: 1
