###############################################################################
#
# IAR ELF Linker V7.40.3.8902/W32 for ARM                 07/Jun/2017  22:08:35
# Copyright 2007-2015 IAR Systems AB.
#
#    Output file  =  
#        C:\GIT\RobotArm2k17\STM32F4\RobotArm\EWARM\RobotArm\Exe\RobotArm.out
#    Map file     =  
#        C:\GIT\RobotArm2k17\STM32F4\RobotArm\EWARM\RobotArm/List\RobotArm.map
#    Command line =  
#        C:\GIT\RobotArm2k17\STM32F4\RobotArm\EWARM\RobotArm\Obj\cmsis_os.o
#        C:\GIT\RobotArm2k17\STM32F4\RobotArm\EWARM\RobotArm\Obj\croutine.o
#        C:\GIT\RobotArm2k17\STM32F4\RobotArm\EWARM\RobotArm\Obj\event_groups.o
#        C:\GIT\RobotArm2k17\STM32F4\RobotArm\EWARM\RobotArm\Obj\freertos.o
#        C:\GIT\RobotArm2k17\STM32F4\RobotArm\EWARM\RobotArm\Obj\heap_4.o
#        C:\GIT\RobotArm2k17\STM32F4\RobotArm\EWARM\RobotArm\Obj\ili9341.o
#        C:\GIT\RobotArm2k17\STM32F4\RobotArm\EWARM\RobotArm\Obj\l3gd20.o
#        C:\GIT\RobotArm2k17\STM32F4\RobotArm\EWARM\RobotArm\Obj\list.o
#        C:\GIT\RobotArm2k17\STM32F4\RobotArm\EWARM\RobotArm\Obj\main.o
#        C:\GIT\RobotArm2k17\STM32F4\RobotArm\EWARM\RobotArm\Obj\port.o
#        C:\GIT\RobotArm2k17\STM32F4\RobotArm\EWARM\RobotArm\Obj\portasm.o
#        C:\GIT\RobotArm2k17\STM32F4\RobotArm\EWARM\RobotArm\Obj\queue.o
#        C:\GIT\RobotArm2k17\STM32F4\RobotArm\EWARM\RobotArm\Obj\startup_stm32f429xx.o
#        C:\GIT\RobotArm2k17\STM32F4\RobotArm\EWARM\RobotArm\Obj\stm32f429i_discovery.o
#        C:\GIT\RobotArm2k17\STM32F4\RobotArm\EWARM\RobotArm\Obj\stm32f429i_discovery_gyroscope.o
#        C:\GIT\RobotArm2k17\STM32F4\RobotArm\EWARM\RobotArm\Obj\stm32f429i_discovery_io.o
#        C:\GIT\RobotArm2k17\STM32F4\RobotArm\EWARM\RobotArm\Obj\stm32f429i_discovery_lcd.o
#        C:\GIT\RobotArm2k17\STM32F4\RobotArm\EWARM\RobotArm\Obj\stm32f429i_discovery_sdram.o
#        C:\GIT\RobotArm2k17\STM32F4\RobotArm\EWARM\RobotArm\Obj\stm32f429i_discovery_ts.o
#        C:\GIT\RobotArm2k17\STM32F4\RobotArm\EWARM\RobotArm\Obj\stm32f4xx_hal.o
#        C:\GIT\RobotArm2k17\STM32F4\RobotArm\EWARM\RobotArm\Obj\stm32f4xx_hal_cortex.o
#        C:\GIT\RobotArm2k17\STM32F4\RobotArm\EWARM\RobotArm\Obj\stm32f4xx_hal_dma.o
#        C:\GIT\RobotArm2k17\STM32F4\RobotArm\EWARM\RobotArm\Obj\stm32f4xx_hal_dma2d.o
#        C:\GIT\RobotArm2k17\STM32F4\RobotArm\EWARM\RobotArm\Obj\stm32f4xx_hal_dma_ex.o
#        C:\GIT\RobotArm2k17\STM32F4\RobotArm\EWARM\RobotArm\Obj\stm32f4xx_hal_dsi.o
#        C:\GIT\RobotArm2k17\STM32F4\RobotArm\EWARM\RobotArm\Obj\stm32f4xx_hal_flash.o
#        C:\GIT\RobotArm2k17\STM32F4\RobotArm\EWARM\RobotArm\Obj\stm32f4xx_hal_flash_ex.o
#        C:\GIT\RobotArm2k17\STM32F4\RobotArm\EWARM\RobotArm\Obj\stm32f4xx_hal_flash_ramfunc.o
#        C:\GIT\RobotArm2k17\STM32F4\RobotArm\EWARM\RobotArm\Obj\stm32f4xx_hal_gpio.o
#        C:\GIT\RobotArm2k17\STM32F4\RobotArm\EWARM\RobotArm\Obj\stm32f4xx_hal_i2c.o
#        C:\GIT\RobotArm2k17\STM32F4\RobotArm\EWARM\RobotArm\Obj\stm32f4xx_hal_i2c_ex.o
#        C:\GIT\RobotArm2k17\STM32F4\RobotArm\EWARM\RobotArm\Obj\stm32f4xx_hal_ltdc.o
#        C:\GIT\RobotArm2k17\STM32F4\RobotArm\EWARM\RobotArm\Obj\stm32f4xx_hal_ltdc_ex.o
#        C:\GIT\RobotArm2k17\STM32F4\RobotArm\EWARM\RobotArm\Obj\stm32f4xx_hal_msp.o
#        C:\GIT\RobotArm2k17\STM32F4\RobotArm\EWARM\RobotArm\Obj\stm32f4xx_hal_pwr.o
#        C:\GIT\RobotArm2k17\STM32F4\RobotArm\EWARM\RobotArm\Obj\stm32f4xx_hal_pwr_ex.o
#        C:\GIT\RobotArm2k17\STM32F4\RobotArm\EWARM\RobotArm\Obj\stm32f4xx_hal_rcc.o
#        C:\GIT\RobotArm2k17\STM32F4\RobotArm\EWARM\RobotArm\Obj\stm32f4xx_hal_rcc_ex.o
#        C:\GIT\RobotArm2k17\STM32F4\RobotArm\EWARM\RobotArm\Obj\stm32f4xx_hal_sdram.o
#        C:\GIT\RobotArm2k17\STM32F4\RobotArm\EWARM\RobotArm\Obj\stm32f4xx_hal_spi.o
#        C:\GIT\RobotArm2k17\STM32F4\RobotArm\EWARM\RobotArm\Obj\stm32f4xx_hal_tim.o
#        C:\GIT\RobotArm2k17\STM32F4\RobotArm\EWARM\RobotArm\Obj\stm32f4xx_hal_tim_ex.o
#        C:\GIT\RobotArm2k17\STM32F4\RobotArm\EWARM\RobotArm\Obj\stm32f4xx_hal_timebase_TIM.o
#        C:\GIT\RobotArm2k17\STM32F4\RobotArm\EWARM\RobotArm\Obj\stm32f4xx_hal_uart.o
#        C:\GIT\RobotArm2k17\STM32F4\RobotArm\EWARM\RobotArm\Obj\stm32f4xx_it.o
#        C:\GIT\RobotArm2k17\STM32F4\RobotArm\EWARM\RobotArm\Obj\stm32f4xx_ll_fmc.o
#        C:\GIT\RobotArm2k17\STM32F4\RobotArm\EWARM\RobotArm\Obj\stmpe811.o
#        C:\GIT\RobotArm2k17\STM32F4\RobotArm\EWARM\RobotArm\Obj\system_stm32f4xx.o
#        C:\GIT\RobotArm2k17\STM32F4\RobotArm\EWARM\RobotArm\Obj\tasks.o
#        C:\GIT\RobotArm2k17\STM32F4\RobotArm\EWARM\RobotArm\Obj\timers.o
#        C:\GIT\RobotArm2k17\STM32F4\RobotArm\EWARM\RobotArm\Obj\ts_calibration.o
#        --redirect _Printf=_PrintfFull --redirect _Scanf=_ScanfFull -o
#        C:\GIT\RobotArm2k17\STM32F4\RobotArm\EWARM\RobotArm\Exe\RobotArm.out
#        --map
#        C:\GIT\RobotArm2k17\STM32F4\RobotArm\EWARM\RobotArm/List\RobotArm.map
#        --config
#        C:\GIT\RobotArm2k17\STM32F4\RobotArm\EWARM/stm32f429xx_flash.icf
#        --semihosting --entry __iar_program_start --vfe
#
###############################################################################

*******************************************************************************
*** RUNTIME MODEL ATTRIBUTES
***

CppFlavor       = *
__SystemLibrary = DLib


*******************************************************************************
*** PLACEMENT SUMMARY
***

"A1":  place at 0x08000000 { ro section .intvec };
"P1":  place in [from 0x08000000 to 0x081fffff] { ro };
"P2":  place in [from 0x20000000 to 0x2002ffff] { rw, block CSTACK, block HEAP };

  Section            Kind        Address    Size  Object
  -------            ----        -------    ----  ------
"A1":                                      0x1ac
  .intvec            ro code  0x08000000   0x1ac  startup_stm32f429xx.o [1]
                            - 0x080001ac   0x1ac

"P1":                                     0x8381
  .rodata            const    0x080001ac  0x2698  stm32f429i_discovery_lcd.o [1]
  .text              ro code  0x08002844   0xc08  main.o [1]
  .text              ro code  0x0800344c    0x68  stm32f4xx_hal.o [1]
  .text              ro code  0x080034b4   0x1ea  stm32f4xx_hal_uart.o [1]
  .text              ro code  0x080036a0   0x5bc  stm32f4xx_hal_spi.o [1]
  .text              ro code  0x08003c5c   0x7fe  stm32f4xx_hal_i2c.o [1]
  .text              ro code  0x0800445c   0x2aa  stm32f4xx_hal_dma2d.o [1]
  .text              ro code  0x08004708    0x96  stm32f4xx_hal_sdram.o [1]
  .text              ro code  0x080047a0   0x49d  stm32f429i_discovery.o [1]
  .text              ro code  0x08004c40   0x678  stm32f429i_discovery_lcd.o [1]
  .text              ro code  0x080052b8    0xe8  stm32f429i_discovery_ts.o [1]
  .text              ro code  0x080053a0    0x56  ABImemcpy_unaligned.o [5]
  .text              ro code  0x080053f8    0x66  cmsis_os.o [1]
  .text              ro code  0x08005460    0x8a  stm32f4xx_hal_tim_ex.o [1]
  .text              ro code  0x080054ec   0x4f4  stm32f4xx_hal_tim.o [1]
  .text              ro code  0x080059e0   0x49c  stm32f4xx_hal_rcc.o [1]
  .text              ro code  0x08005e7c   0x204  stm32f4xx_hal_rcc_ex.o [1]
  .text              ro code  0x08006080    0xd8  stm32f4xx_hal_cortex.o [1]
  .text              ro code  0x08006158   0x270  stm32f4xx_hal_ltdc.o [1]
  .text              ro code  0x080063c8   0x458  stm32f4xx_hal_msp.o [1]
  .text              ro code  0x08006820   0x34a  stm32f4xx_hal_gpio.o [1]
  .text              ro code  0x08006b6c    0x7c  stm32f4xx_hal_timebase_TIM.o [1]
  .text              ro code  0x08006be8   0x14c  stm32f4xx_ll_fmc.o [1]
  .text              ro code  0x08006d34   0x290  stm32f429i_discovery_sdram.o [1]
  .text              ro code  0x08006fc4   0x540  tasks.o [1]
  .text              ro code  0x08007504   0x1a0  port.o [1]
  .text              ro code  0x080076a4   0x178  stm32f4xx_hal_dma.o [1]
  .text              ro code  0x0800781c   0x1ac  heap_4.o [1]
  .text              ro code  0x080079c8    0x8e  list.o [1]
  CODE               ro code  0x08007a58    0xa8  portasm.o [1]
  .text              ro code  0x08007b00   0x2a6  ili9341.o [1]
  .text              ro code  0x08007da8   0x25c  stmpe811.o [1]
  .text              ro code  0x08008004    0xd0  packbits_init.o [5]
  .text              ro code  0x080080d4     0x6  abort.o [3]
  .text              ro code  0x080080dc    0x14  exit.o [6]
  .text              ro code  0x080080f0    0x60  system_stm32f4xx.o [1]
  .rodata            const    0x08008150    0x48  main.o [1]
  .text              ro code  0x08008198    0x40  zero_init3.o [5]
  .text              ro code  0x080081d8    0x28  data_init.o [5]
  .text              ro code  0x08008200    0x22  fpinit_M.o [4]
  .iar.init_table    const    0x08008224    0x2c  - Linker created -
  .text              ro code  0x08008250    0x1a  cmain.o [5]
  .text              ro code  0x0800826a     0x4  low_level_init.o [3]
  .text              ro code  0x0800826e     0x4  exit.o [3]
  .text              ro code  0x08008274     0xa  cexit.o [5]
  .text              ro code  0x08008280    0x16  stm32f4xx_it.o [1]
  .text              ro code  0x08008298    0x10  startup_stm32f429xx.o [1]
  .text              ro code  0x080082a8     0xc  cstartup_M.o [5]
  .rodata            const    0x080082b4     0x8  system_stm32f4xx.o [1]
  .text              ro code  0x080082bc     0x4  startup_stm32f429xx.o [1]
  .text              ro code  0x080082c0     0x4  startup_stm32f429xx.o [1]
  .text              ro code  0x080082c4     0x4  startup_stm32f429xx.o [1]
  .text              ro code  0x080082c8     0x4  startup_stm32f429xx.o [1]
  .text              ro code  0x080082cc     0x4  startup_stm32f429xx.o [1]
  .text              ro code  0x080082d0     0x4  startup_stm32f429xx.o [1]
  .text              ro code  0x080082d4     0x4  startup_stm32f429xx.o [1]
  .text              ro code  0x080082d8     0x4  startup_stm32f429xx.o [1]
  .text              ro code  0x080082dc     0x4  startup_stm32f429xx.o [1]
  .text              ro code  0x080082e0     0x4  startup_stm32f429xx.o [1]
  .text              ro code  0x080082e4     0x4  startup_stm32f429xx.o [1]
  .text              ro code  0x080082e8     0x4  startup_stm32f429xx.o [1]
  .text              ro code  0x080082ec     0x4  startup_stm32f429xx.o [1]
  .text              ro code  0x080082f0     0x4  startup_stm32f429xx.o [1]
  .text              ro code  0x080082f4     0x4  startup_stm32f429xx.o [1]
  .text              ro code  0x080082f8     0x4  startup_stm32f429xx.o [1]
  .text              ro code  0x080082fc     0x4  startup_stm32f429xx.o [1]
  .text              ro code  0x08008300     0x4  startup_stm32f429xx.o [1]
  .text              ro code  0x08008304     0x4  startup_stm32f429xx.o [1]
  .text              ro code  0x08008308     0x4  startup_stm32f429xx.o [1]
  .text              ro code  0x0800830c     0x4  startup_stm32f429xx.o [1]
  .text              ro code  0x08008310     0x4  startup_stm32f429xx.o [1]
  .text              ro code  0x08008314     0x4  startup_stm32f429xx.o [1]
  .text              ro code  0x08008318     0x4  startup_stm32f429xx.o [1]
  .text              ro code  0x0800831c     0x4  startup_stm32f429xx.o [1]
  .text              ro code  0x08008320     0x4  startup_stm32f429xx.o [1]
  .text              ro code  0x08008324     0x4  startup_stm32f429xx.o [1]
  .text              ro code  0x08008328     0x4  startup_stm32f429xx.o [1]
  .text              ro code  0x0800832c     0x4  startup_stm32f429xx.o [1]
  .text              ro code  0x08008330     0x4  startup_stm32f429xx.o [1]
  .text              ro code  0x08008334     0x4  startup_stm32f429xx.o [1]
  .text              ro code  0x08008338     0x4  startup_stm32f429xx.o [1]
  .text              ro code  0x0800833c     0x4  startup_stm32f429xx.o [1]
  .text              ro code  0x08008340     0x4  startup_stm32f429xx.o [1]
  .text              ro code  0x08008344     0x4  startup_stm32f429xx.o [1]
  .text              ro code  0x08008348     0x4  startup_stm32f429xx.o [1]
  .text              ro code  0x0800834c     0x4  startup_stm32f429xx.o [1]
  .text              ro code  0x08008350     0x4  startup_stm32f429xx.o [1]
  .text              ro code  0x08008354     0x4  startup_stm32f429xx.o [1]
  .text              ro code  0x08008358     0x4  startup_stm32f429xx.o [1]
  .text              ro code  0x0800835c     0x4  startup_stm32f429xx.o [1]
  .text              ro code  0x08008360     0x4  startup_stm32f429xx.o [1]
  .text              ro code  0x08008364     0x4  startup_stm32f429xx.o [1]
  .text              ro code  0x08008368     0x4  startup_stm32f429xx.o [1]
  .text              ro code  0x0800836c     0x4  startup_stm32f429xx.o [1]
  .text              ro code  0x08008370     0x4  startup_stm32f429xx.o [1]
  .text              ro code  0x08008374     0x4  startup_stm32f429xx.o [1]
  .text              ro code  0x08008378     0x4  startup_stm32f429xx.o [1]
  .text              ro code  0x0800837c     0x4  startup_stm32f429xx.o [1]
  .text              ro code  0x08008380     0x4  startup_stm32f429xx.o [1]
  .text              ro code  0x08008384     0x4  startup_stm32f429xx.o [1]
  .text              ro code  0x08008388     0x4  startup_stm32f429xx.o [1]
  .text              ro code  0x0800838c     0x4  startup_stm32f429xx.o [1]
  .text              ro code  0x08008390     0x4  startup_stm32f429xx.o [1]
  .text              ro code  0x08008394     0x4  startup_stm32f429xx.o [1]
  .text              ro code  0x08008398     0x4  startup_stm32f429xx.o [1]
  .text              ro code  0x0800839c     0x4  startup_stm32f429xx.o [1]
  .text              ro code  0x080083a0     0x4  startup_stm32f429xx.o [1]
  .text              ro code  0x080083a4     0x4  startup_stm32f429xx.o [1]
  .text              ro code  0x080083a8     0x4  startup_stm32f429xx.o [1]
  .text              ro code  0x080083ac     0x4  startup_stm32f429xx.o [1]
  .text              ro code  0x080083b0     0x4  startup_stm32f429xx.o [1]
  .text              ro code  0x080083b4     0x4  startup_stm32f429xx.o [1]
  .text              ro code  0x080083b8     0x4  startup_stm32f429xx.o [1]
  .text              ro code  0x080083bc     0x4  startup_stm32f429xx.o [1]
  .text              ro code  0x080083c0     0x4  startup_stm32f429xx.o [1]
  .text              ro code  0x080083c4     0x4  startup_stm32f429xx.o [1]
  .text              ro code  0x080083c8     0x4  startup_stm32f429xx.o [1]
  .text              ro code  0x080083cc     0x4  startup_stm32f429xx.o [1]
  .text              ro code  0x080083d0     0x4  startup_stm32f429xx.o [1]
  .text              ro code  0x080083d4     0x4  startup_stm32f429xx.o [1]
  .text              ro code  0x080083d8     0x4  startup_stm32f429xx.o [1]
  .text              ro code  0x080083dc     0x4  startup_stm32f429xx.o [1]
  .text              ro code  0x080083e0     0x4  startup_stm32f429xx.o [1]
  .text              ro code  0x080083e4     0x4  startup_stm32f429xx.o [1]
  .text              ro code  0x080083e8     0x4  startup_stm32f429xx.o [1]
  .text              ro code  0x080083ec     0x4  startup_stm32f429xx.o [1]
  .text              ro code  0x080083f0     0x4  startup_stm32f429xx.o [1]
  .text              ro code  0x080083f4     0x4  startup_stm32f429xx.o [1]
  .text              ro code  0x080083f8     0x4  startup_stm32f429xx.o [1]
  .text              ro code  0x080083fc     0x4  startup_stm32f429xx.o [1]
  .text              ro code  0x08008400     0x4  startup_stm32f429xx.o [1]
  .text              ro code  0x08008404     0x4  startup_stm32f429xx.o [1]
  .text              ro code  0x08008408     0x4  startup_stm32f429xx.o [1]
  .text              ro code  0x0800840c     0x4  startup_stm32f429xx.o [1]
  .text              ro code  0x08008410     0x4  startup_stm32f429xx.o [1]
  .text              ro code  0x08008414     0x4  startup_stm32f429xx.o [1]
  .text              ro code  0x08008418     0x4  startup_stm32f429xx.o [1]
  .text              ro code  0x0800841c     0x4  startup_stm32f429xx.o [1]
  .text              ro code  0x08008420     0x4  startup_stm32f429xx.o [1]
  .text              ro code  0x08008424     0x4  startup_stm32f429xx.o [1]
  .text              ro code  0x08008428     0x4  startup_stm32f429xx.o [1]
  .text              ro code  0x0800842c     0x4  startup_stm32f429xx.o [1]
  .text              ro code  0x08008430     0x4  startup_stm32f429xx.o [1]
  .rodata            const    0x08008434     0x0  zero_init3.o [5]
  .rodata            const    0x08008434     0x0  packbits_init.o [5]
  Initializer bytes  const    0x08008434    0xf9  <for P2 s0>
                            - 0x0800852d  0x8381

"P2":                                     0x4828
  P2 s0                       0x20000000   0x2c8  <Init block>
    .data            inited   0x20000000    0xb0  stm32f429i_discovery_lcd.o [1]
    .data            inited   0x200000b0    0x7c  main.o [1]
    .data            inited   0x2000012c    0x64  stm32f429i_discovery_sdram.o [1]
    .data            inited   0x20000190    0x5c  stm32f429i_discovery.o [1]
    .data            inited   0x200001ec    0x58  stm32f429i_discovery.o [1]
    .data            inited   0x20000244    0x38  ili9341.o [1]
    .data            inited   0x2000027c    0x28  stmpe811.o [1]
    .data            inited   0x200002a4     0xc  port.o [1]
    .data            inited   0x200002b0     0x8  stm32f429i_discovery.o [1]
    .data            inited   0x200002b8     0x8  stm32f429i_discovery_lcd.o [1]
    .data            inited   0x200002c0     0x4  stm32f429i_discovery.o [1]
    .data            inited   0x200002c4     0x4  system_stm32f4xx.o [1]
  .bss               zero     0x200002c8  0x3c18  heap_4.o [1]
  .bss               zero     0x20003ee0   0x178  main.o [1]
  .bss               zero     0x20004058    0xa8  main.o [1]
  .bss               zero     0x20004100    0xa0  tasks.o [1]
  .bss               zero     0x200041a0    0x8c  tasks.o [1]
  .bss               zero     0x2000422c    0x60  stm32f429i_discovery_sdram.o [1]
  .bss               zero     0x2000428c    0x5c  stm32f429i_discovery_lcd.o [1]
  .bss               zero     0x200042e8    0x3c  main.o [1]
  .bss               zero     0x20004324    0x3c  main.o [1]
  .bss               zero     0x20004360    0x3c  main.o [1]
  .bss               zero     0x2000439c    0x3c  stm32f4xx_hal_timebase_TIM.o [1]
  .bss               zero     0x200043d8    0x34  stm32f429i_discovery_lcd.o [1]
  .bss               zero     0x2000440c    0x10  stm32f429i_discovery_ts.o [1]
  .bss               zero     0x2000441c     0x4  stm32f4xx_hal.o [1]
  .bss               zero     0x20004420     0x4  stm32f4xx_hal_msp.o [1]
  .bss               zero     0x20004424     0x2  stmpe811.o [1]
  .bss               zero     0x20004426     0x1  stm32f429i_discovery.o [1]
  CSTACK                      0x20004428   0x400  <Block>
    CSTACK           uninit   0x20004428   0x400  <Block tail>
                            - 0x20004828  0x4828


*******************************************************************************
*** INIT TABLE
***

          Address     Size
          -------     ----
Zero (__iar_zero_init3)
    1 destination range, total size 0x415f:
          0x200002c8  0x415f

Copy/packbits (__iar_packbits_init3)
    1 source range, total size 0xf9 (34% of destination):
          0x08008434    0xf9
    1 destination range, total size 0x2c8:
          0x20000000   0x2c8



*******************************************************************************
*** MODULE SUMMARY
***

    Module                        ro code  ro data  rw data
    ------                        -------  -------  -------
C:\GIT\RobotArm2k17\STM32F4\RobotArm\EWARM\RobotArm\Obj: [1]
    cmsis_os.o                        102
    heap_4.o                          428            15 384
    ili9341.o                         678       20       56
    list.o                            142
    main.o                          3 080      115      848
    port.o                            416        4       12
    portasm.o                         168
    startup_stm32f429xx.o             820
    stm32f429i_discovery.o          1 181       67      193
    stm32f429i_discovery_lcd.o      1 656    9 944      328
    stm32f429i_discovery_sdram.o      656       35      196
    stm32f429i_discovery_ts.o         232                16
    stm32f4xx_hal.o                   104                 4
    stm32f4xx_hal_cortex.o            216
    stm32f4xx_hal_dma.o               376
    stm32f4xx_hal_dma2d.o             682
    stm32f4xx_hal_gpio.o              842
    stm32f4xx_hal_i2c.o             2 046
    stm32f4xx_hal_ltdc.o              624
    stm32f4xx_hal_msp.o             1 112                 4
    stm32f4xx_hal_rcc.o             1 180
    stm32f4xx_hal_rcc_ex.o            516
    stm32f4xx_hal_sdram.o             150
    stm32f4xx_hal_spi.o             1 468
    stm32f4xx_hal_tim.o             1 268
    stm32f4xx_hal_tim_ex.o            138
    stm32f4xx_hal_timebase_TIM.o      124                60
    stm32f4xx_hal_uart.o              490
    stm32f4xx_it.o                     22
    stm32f4xx_ll_fmc.o                332
    stmpe811.o                        604       14       42
    system_stm32f4xx.o                 96       10        4
    tasks.o                         1 344               300
    -------------------------------------------------------
    Total:                         23 293   10 209   17 447

command line: [2]
    -------------------------------------------------------
    Total:

dl7M_tlf.a: [3]
    abort.o                             6
    exit.o                              4
    low_level_init.o                    4
    -------------------------------------------------------
    Total:                             14

m7M_tls.a: [4]
    fpinit_M.o                         34
    -------------------------------------------------------
    Total:                             34

rt7M_tl.a: [5]
    ABImemcpy_unaligned.o              86
    cexit.o                            10
    cmain.o                            26
    cstartup_M.o                       12
    data_init.o                        40
    packbits_init.o                   208
    zero_init3.o                       64
    -------------------------------------------------------
    Total:                            446

shb_l.a: [6]
    exit.o                             20
    -------------------------------------------------------
    Total:                             20

    Gaps                               31        2
    Linker created                              44    1 024
-----------------------------------------------------------
    Grand Total:                   23 838   10 255   18 471


*******************************************************************************
*** ENTRY LIST
***

Entry                      Address    Size  Type      Object
-----                      -------    ----  ----      ------
.iar.init_table$$Base   0x08008224           --   Gb  - Linker created -
.iar.init_table$$Limit  0x08008250           --   Gb  - Linker created -
?main                   0x08008251          Code  Gb  cmain.o [5]
AHBPrescTable           0x08008140    0x10  Data  Gb  system_stm32f4xx.o [1]
APBPrescTable           0x080082b4     0x8  Data  Gb  system_stm32f4xx.o [1]
ActiveLayer             0x200042e4     0x4  Data  Lc  stm32f429i_discovery_lcd.o [1]
BSP_LCD_Clear           0x08004d95    0x32  Code  Gb  stm32f429i_discovery_lcd.o [1]
BSP_LCD_DisplayChar     0x08004dc7    0x30  Code  Gb  stm32f429i_discovery_lcd.o [1]
BSP_LCD_DisplayStringAt
                        0x08004df7    0x9c  Code  Gb  stm32f429i_discovery_lcd.o [1]
BSP_LCD_DrawCircle      0x08004f41    0xbe  Code  Gb  stm32f429i_discovery_lcd.o [1]
BSP_LCD_DrawHLine       0x08004e93    0x38  Code  Gb  stm32f429i_discovery_lcd.o [1]
BSP_LCD_DrawPixel       0x0800515b    0x1e  Code  Gb  stm32f429i_discovery_lcd.o [1]
BSP_LCD_DrawRect        0x08004f0f    0x32  Code  Gb  stm32f429i_discovery_lcd.o [1]
BSP_LCD_DrawVLine       0x08004ecb    0x3e  Code  Gb  stm32f429i_discovery_lcd.o [1]
BSP_LCD_GetXSize        0x08004cc9     0xa  Code  Gb  stm32f429i_discovery_lcd.o [1]
BSP_LCD_GetYSize        0x08004cd3     0xa  Code  Gb  stm32f429i_discovery_lcd.o [1]
BSP_LCD_Init            0x08004c41    0x88  Code  Gb  stm32f429i_discovery_lcd.o [1]
BSP_LCD_LayerDefaultInit
                        0x08004cdd    0x80  Code  Gb  stm32f429i_discovery_lcd.o [1]
BSP_LCD_MspInit         0x0800503d   0x108  Code  Wk  stm32f429i_discovery_lcd.o [1]
BSP_LCD_SelectLayer     0x08004d5d     0x8  Code  Gb  stm32f429i_discovery_lcd.o [1]
BSP_LCD_SetBackColor    0x08004d75    0x10  Code  Gb  stm32f429i_discovery_lcd.o [1]
BSP_LCD_SetFont         0x08004d85    0x10  Code  Gb  stm32f429i_discovery_lcd.o [1]
BSP_LCD_SetTextColor    0x08004d65    0x10  Code  Gb  stm32f429i_discovery_lcd.o [1]
BSP_LED_On              0x080047a1    0x16  Code  Gb  stm32f429i_discovery.o [1]
BSP_PB_GetState         0x08004831    0x14  Code  Gb  stm32f429i_discovery.o [1]
BSP_PB_Init             0x080047b7    0x62  Code  Gb  stm32f429i_discovery.o [1]
BSP_SDRAM_Init          0x08006d35    0x72  Code  Gb  stm32f429i_discovery_sdram.o [1]
BSP_SDRAM_Initialization_sequence
                        0x08006da7    0x78  Code  Gb  stm32f429i_discovery_sdram.o [1]
BSP_SDRAM_MspInit       0x08006e39   0x152  Code  Wk  stm32f429i_discovery_sdram.o [1]
BSP_TS_GetState         0x080052e9    0xae  Code  Gb  stm32f429i_discovery_ts.o [1]
BSP_TS_Init             0x080052b9    0x30  Code  Gb  stm32f429i_discovery_ts.o [1]
BUTTON_IRQn             0x08004c3c     0x1  Data  Gb  stm32f429i_discovery.o [1]
BUTTON_PIN              0x08004c38     0x2  Data  Gb  stm32f429i_discovery.o [1]
BUTTON_PORT             0x200002c0     0x4  Data  Gb  stm32f429i_discovery.o [1]
CSTACK$$Base            0x20004428           --   Gb  - Linker created -
CSTACK$$Limit           0x20004828           --   Gb  - Linker created -
Command                 0x20000180    0x10  Data  Lc  stm32f429i_discovery_sdram.o [1]
DMA2D_SetConfig         0x0800467d    0x8a  Code  Lc  stm32f4xx_hal_dma2d.o [1]
DMA_CalcBaseAndBitshift
                        0x080077ed    0x24  Code  Lc  stm32f4xx_hal_dma.o [1]
Dma2dHandler            0x2000428c    0x40  Data  Lc  stm32f429i_discovery_lcd.o [1]
DrawChar                0x0800518f    0xac  Code  Lc  stm32f429i_discovery_lcd.o [1]
DrawProp                0x200042cc    0x18  Data  Lc  stm32f429i_discovery_lcd.o [1]
EXTI0_IRQHandler        0x08008291     0x6  Code  Gb  stm32f4xx_it.o [1]
FMC_Initialized         0x20004420     0x4  Data  Lc  stm32f4xx_hal_msp.o [1]
FMC_SDRAM_Init          0x08006be9    0x74  Code  Gb  stm32f4xx_ll_fmc.o [1]
FMC_SDRAM_ProgramRefreshRate
                        0x08006d29     0xc  Code  Gb  stm32f4xx_ll_fmc.o [1]
FMC_SDRAM_SendCommand   0x08006cdd    0x4c  Code  Gb  stm32f4xx_ll_fmc.o [1]
FMC_SDRAM_Timing_Init   0x08006c5d    0x7a  Code  Gb  stm32f4xx_ll_fmc.o [1]
FillBuffer              0x08005241    0x54  Code  Lc  stm32f429i_discovery_lcd.o [1]
Font16                  0x200002b8     0x8  Data  Gb  stm32f429i_discovery_lcd.o [1]
Font16_Table            0x08001c64   0xbe0  Data  Gb  stm32f429i_discovery_lcd.o [1]
Font24                  0x200000a8     0x8  Data  Gb  stm32f429i_discovery_lcd.o [1]
Font24_Table            0x080001ac  0x1ab8  Data  Gb  stm32f429i_discovery_lcd.o [1]
GPIO_PIN                0x08004c34     0x4  Data  Gb  stm32f429i_discovery.o [1]
GPIO_PORT               0x200002b0     0x8  Data  Gb  stm32f429i_discovery.o [1]
HAL_DMA2D_ConfigLayer   0x080045dd    0x9a  Code  Gb  stm32f4xx_hal_dma2d.o [1]
HAL_DMA2D_Init          0x0800445d    0x54  Code  Gb  stm32f4xx_hal_dma2d.o [1]
HAL_DMA2D_MspInit       0x08006429    0x2a  Code  Gb  stm32f4xx_hal_msp.o [1]
HAL_DMA2D_PollForTransfer
                        0x080044f1    0xce  Code  Gb  stm32f4xx_hal_dma2d.o [1]
HAL_DMA2D_Start         0x080044b1    0x18  Code  Gb  stm32f4xx_hal_dma2d.o [1]
HAL_DMA_DeInit          0x0800778b    0x52  Code  Gb  stm32f4xx_hal_dma.o [1]
HAL_DMA_Init            0x080076a5    0xe6  Code  Gb  stm32f4xx_hal_dma.o [1]
HAL_Delay               0x0800348d    0x1e  Code  Wk  stm32f4xx_hal.o [1]
HAL_FMC_MspInit         0x08006745    0x78  Code  Lc  stm32f4xx_hal_msp.o [1]
HAL_GPIO_DeInit         0x080069ef   0x11a  Code  Gb  stm32f4xx_hal_gpio.o [1]
HAL_GPIO_EXTI_Callback  0x08006b69     0x2  Code  Wk  stm32f4xx_hal_gpio.o [1]
HAL_GPIO_EXTI_IRQHandler
                        0x08006b1d    0x14  Code  Gb  stm32f4xx_hal_gpio.o [1]
HAL_GPIO_Init           0x08006821   0x1ce  Code  Gb  stm32f4xx_hal_gpio.o [1]
HAL_GPIO_ReadPin        0x08006b09     0xc  Code  Gb  stm32f4xx_hal_gpio.o [1]
HAL_GPIO_WritePin       0x08006b15     0x8  Code  Gb  stm32f4xx_hal_gpio.o [1]
HAL_GetTick             0x08003487     0x6  Code  Wk  stm32f4xx_hal.o [1]
HAL_I2C_DeInit          0x08003d1d    0x26  Code  Gb  stm32f4xx_hal_i2c.o [1]
HAL_I2C_GetState        0x08004129     0x6  Code  Gb  stm32f4xx_hal_i2c.o [1]
HAL_I2C_Init            0x08003c5d    0xc0  Code  Gb  stm32f4xx_hal_i2c.o [1]
HAL_I2C_Mem_Read        0x08003ef3   0x10e  Code  Gb  stm32f4xx_hal_i2c.o [1]
HAL_I2C_Mem_Write       0x08003da9    0xc6  Code  Gb  stm32f4xx_hal_i2c.o [1]
HAL_I2C_MspDeInit       0x080064af    0x32  Code  Gb  stm32f4xx_hal_msp.o [1]
HAL_I2C_MspInit         0x08006453    0x46  Code  Gb  stm32f4xx_hal_msp.o [1]
HAL_IncTick             0x0800347d     0xa  Code  Wk  stm32f4xx_hal.o [1]
HAL_Init                0x0800344d    0x30  Code  Gb  stm32f4xx_hal.o [1]
HAL_InitTick            0x08006b6d    0x6c  Code  Gb  stm32f4xx_hal_timebase_TIM.o [1]
HAL_LTDC_ConfigLayer    0x0800623f    0x1c  Code  Gb  stm32f4xx_hal_ltdc.o [1]
HAL_LTDC_EnableDither   0x0800625b    0x20  Code  Gb  stm32f4xx_hal_ltdc.o [1]
HAL_LTDC_Init           0x08006159    0xe6  Code  Gb  stm32f4xx_hal_ltdc.o [1]
HAL_LTDC_MspInit        0x080064e1    0x9e  Code  Gb  stm32f4xx_hal_msp.o [1]
HAL_MspInit             0x080063c9    0x60  Code  Gb  stm32f4xx_hal_msp.o [1]
HAL_NVIC_EnableIRQ      0x080060ef     0xc  Code  Gb  stm32f4xx_hal_cortex.o [1]
HAL_NVIC_SetPriority    0x080060b5    0x3a  Code  Gb  stm32f4xx_hal_cortex.o [1]
HAL_NVIC_SetPriorityGrouping
                        0x0800609b    0x1a  Code  Gb  stm32f4xx_hal_cortex.o [1]
HAL_RCCEx_PeriphCLKConfig
                        0x08005e7d   0x1da  Code  Gb  stm32f4xx_hal_rcc_ex.o [1]
HAL_RCC_ClockConfig     0x08005c6b   0x12c  Code  Gb  stm32f4xx_hal_rcc.o [1]
HAL_RCC_GetClockConfig  0x08005e17    0x34  Code  Gb  stm32f4xx_hal_rcc.o [1]
HAL_RCC_GetHCLKFreq     0x08005deb     0x6  Code  Gb  stm32f4xx_hal_rcc.o [1]
HAL_RCC_GetPCLK1Freq    0x08005df1    0x10  Code  Gb  stm32f4xx_hal_rcc.o [1]
HAL_RCC_GetPCLK2Freq    0x08005e01     0xe  Code  Gb  stm32f4xx_hal_rcc.o [1]
HAL_RCC_GetSysClockFreq
                        0x08005da5    0x46  Code  Wk  stm32f4xx_hal_rcc.o [1]
HAL_RCC_OscConfig       0x080059e1   0x282  Code  Wk  stm32f4xx_hal_rcc.o [1]
HAL_SDRAM_Init          0x08004709    0x3a  Code  Gb  stm32f4xx_hal_sdram.o [1]
HAL_SDRAM_MspInit       0x080067d3     0x2  Code  Gb  stm32f4xx_hal_msp.o [1]
HAL_SDRAM_ProgramRefreshRate
                        0x0800476b    0x16  Code  Gb  stm32f4xx_hal_sdram.o [1]
HAL_SDRAM_SendCommand   0x08004743    0x28  Code  Gb  stm32f4xx_hal_sdram.o [1]
HAL_SPI_DeInit          0x08003717    0x22  Code  Gb  stm32f4xx_hal_spi.o [1]
HAL_SPI_GetState        0x08003ba1     0x6  Code  Gb  stm32f4xx_hal_spi.o [1]
HAL_SPI_Init            0x080036a1    0x76  Code  Gb  stm32f4xx_hal_spi.o [1]
HAL_SPI_MspDeInit       0x080065e3    0x1e  Code  Gb  stm32f4xx_hal_msp.o [1]
HAL_SPI_MspInit         0x080065b3    0x30  Code  Gb  stm32f4xx_hal_msp.o [1]
HAL_SPI_Receive         0x08003859   0x11e  Code  Gb  stm32f4xx_hal_spi.o [1]
HAL_SPI_Transmit        0x08003739   0x120  Code  Gb  stm32f4xx_hal_spi.o [1]
HAL_SPI_TransmitReceive
                        0x08003977   0x18e  Code  Gb  stm32f4xx_hal_spi.o [1]
HAL_SYSTICK_CLKSourceConfig
                        0x0800612b    0x14  Code  Gb  stm32f4xx_hal_cortex.o [1]
HAL_SYSTICK_Config      0x08006103    0x28  Code  Gb  stm32f4xx_hal_cortex.o [1]
HAL_TIMEx_BreakCallback
                        0x080054d1     0x2  Code  Wk  stm32f4xx_hal_tim_ex.o [1]
HAL_TIMEx_CommutationCallback
                        0x080054cf     0x2  Code  Wk  stm32f4xx_hal_tim_ex.o [1]
HAL_TIMEx_MasterConfigSynchronization
                        0x08005485    0x4a  Code  Gb  stm32f4xx_hal_tim_ex.o [1]
HAL_TIMEx_PWMN_Start    0x08005461     0xa  Code  Gb  stm32f4xx_hal_tim_ex.o [1]
HAL_TIM_Base_Init       0x080054ed    0x1a  Code  Gb  stm32f4xx_hal_tim.o [1]
HAL_TIM_Base_MspInit    0x08005507     0x2  Code  Wk  stm32f4xx_hal_tim.o [1]
HAL_TIM_Base_Start_IT   0x08005509    0x16  Code  Gb  stm32f4xx_hal_tim.o [1]
HAL_TIM_IC_CaptureCallback
                        0x080057bb     0x2  Code  Wk  stm32f4xx_hal_tim.o [1]
HAL_TIM_IRQHandler      0x08005599   0x14a  Code  Gb  stm32f4xx_hal_tim.o [1]
HAL_TIM_MspPostInit     0x0800665b    0x60  Code  Gb  stm32f4xx_hal_msp.o [1]
HAL_TIM_OC_DelayElapsedCallback
                        0x080057b9     0x2  Code  Wk  stm32f4xx_hal_tim.o [1]
HAL_TIM_PWM_ConfigChannel
                        0x080056e3    0xb8  Code  Gb  stm32f4xx_hal_tim.o [1]
HAL_TIM_PWM_Init        0x08005549    0x1a  Code  Gb  stm32f4xx_hal_tim.o [1]
HAL_TIM_PWM_MspInit     0x08006601    0x5a  Code  Gb  stm32f4xx_hal_msp.o [1]
HAL_TIM_PWM_PulseFinishedCallback
                        0x080057bd     0x2  Code  Wk  stm32f4xx_hal_tim.o [1]
HAL_TIM_PWM_Start       0x0800556b    0x14  Code  Gb  stm32f4xx_hal_tim.o [1]
HAL_TIM_PeriodElapsedCallback
                        0x08003323     0xe  Code  Gb  main.o [1]
HAL_TIM_TriggerCallback
                        0x080057bf     0x2  Code  Wk  stm32f4xx_hal_tim.o [1]
HAL_UART_Init           0x080034b5    0x28  Code  Gb  stm32f4xx_hal_uart.o [1]
HAL_UART_MspInit        0x080066dd    0x32  Code  Gb  stm32f4xx_hal_msp.o [1]
I2C_IsAcknowledgeFailed
                        0x08004433    0x28  Code  Lc  stm32f4xx_hal_i2c.o [1]
I2C_RequestMemoryRead   0x080041d1    0xa8  Code  Lc  stm32f4xx_hal_i2c.o [1]
I2C_RequestMemoryWrite  0x0800413f    0x7a  Code  Lc  stm32f4xx_hal_i2c.o [1]
I2C_WaitOnBTFFlagUntilTimeout
                        0x0800438b    0x32  Code  Lc  stm32f4xx_hal_i2c.o [1]
I2C_WaitOnFlagUntilTimeout
                        0x0800428b    0x52  Code  Lc  stm32f4xx_hal_i2c.o [1]
I2C_WaitOnMasterAddressFlagUntilTimeout
                        0x080042dd    0x6c  Code  Lc  stm32f4xx_hal_i2c.o [1]
I2C_WaitOnRXNEFlagUntilTimeout
                        0x080043d9    0x3e  Code  Lc  stm32f4xx_hal_i2c.o [1]
I2C_WaitOnTXEFlagUntilTimeout
                        0x08004359    0x32  Code  Lc  stm32f4xx_hal_i2c.o [1]
I2Cx_Error              0x08004915    0x10  Code  Lc  stm32f429i_discovery.o [1]
I2Cx_Init               0x08004845    0xd0  Code  Lc  stm32f429i_discovery.o [1]
I2cHandle               0x200001ec    0x54  Data  Gb  stm32f429i_discovery.o [1]
I2cxTimeout             0x20000240     0x4  Data  Gb  stm32f429i_discovery.o [1]
IOE_Delay               0x08004bdf     0x4  Code  Gb  stm32f429i_discovery.o [1]
IOE_ITConfig            0x08004b21    0x3a  Code  Gb  stm32f429i_discovery.o [1]
IOE_Init                0x08004b1f     0x2  Code  Gb  stm32f429i_discovery.o [1]
IOE_Read                0x08004b81    0x1a  Code  Gb  stm32f429i_discovery.o [1]
IOE_ReadMultiple        0x08004bb7    0x14  Code  Gb  stm32f429i_discovery.o [1]
IOE_Write               0x08004b6f    0x12  Code  Gb  stm32f429i_discovery.o [1]
InStream_Read           0x08008005    0x22  Code  Lc  packbits_init.o [5]
Is_LCD_IO_Initialized   0x20004426     0x1  Data  Lc  stm32f429i_discovery.o [1]
LCD_Delay               0x08004b1b     0x4  Code  Gb  stm32f429i_discovery.o [1]
LCD_IO_Init             0x080049e3    0x7a  Code  Gb  stm32f429i_discovery.o [1]
LCD_IO_ReadData         0x08004acb    0x46  Code  Gb  stm32f429i_discovery.o [1]
LCD_IO_WriteData        0x08004a93     0x8  Code  Gb  stm32f429i_discovery.o [1]
LCD_IO_WriteReg         0x08004a9b     0x6  Code  Gb  stm32f429i_discovery.o [1]
LTDC_SetConfig          0x080062bf    0xfa  Code  Lc  stm32f4xx_hal_ltdc.o [1]
LcdDrv                  0x20004408     0x4  Data  Gb  stm32f429i_discovery_lcd.o [1]
LtdcHandler             0x20000000    0xa8  Data  Gb  stm32f429i_discovery_lcd.o [1]
MX_GPIO_Init            0x08002d2d   0x164  Code  Lc  main.o [1]
MX_LTDC_Init            0x08002b95    0xbe  Code  Lc  main.o [1]
MX_TIM2_Init            0x08002c5f    0x2a  Code  Lc  main.o [1]
MX_TIM3_Init            0x08002c89    0x28  Code  Lc  main.o [1]
MX_TIM4_Init            0x08002d01    0x2c  Code  Lc  main.o [1]
NVIC_SetPriority        0x08006081    0x1a  Code  Lc  stm32f4xx_hal_cortex.o [1]
PendSV_Handler          0x08007a59          Code  Gb  portasm.o [1]
PeriphClkInitStruct     0x200043d8    0x30  Data  Lc  stm32f429i_discovery_lcd.o [1]
Region$$Table$$Base     0x08008224           --   Gb  - Linker created -
Region$$Table$$Limit    0x08008250           --   Gb  - Linker created -
SPI_CheckFlag_BSY       0x08003c3d    0x20  Code  Lc  stm32f4xx_hal_spi.o [1]
SPI_WaitFlagStateUntilTimeout
                        0x08003bb3    0x8a  Code  Lc  stm32f4xx_hal_spi.o [1]
SPIx_Error              0x080049d5     0xe  Code  Lc  stm32f429i_discovery.o [1]
SPIx_Init               0x08004925    0x98  Code  Lc  stm32f429i_discovery.o [1]
SPIx_Write              0x080049bd    0x18  Code  Lc  stm32f429i_discovery.o [1]
SVC_Handler             0x08007ab1          Code  Gb  portasm.o [1]
SdramHandle             0x20000130    0x34  Data  Lc  stm32f429i_discovery_sdram.o [1]
SpiHandle               0x20000190    0x58  Data  Lc  stm32f429i_discovery.o [1]
SpixTimeout             0x200001e8     0x4  Data  Gb  stm32f429i_discovery.o [1]
StartCommTask           0x08002f13     0xa  Code  Gb  main.o [1]
StartControlTask        0x08002f29   0x27c  Code  Gb  main.o [1]
StartDefaultTask        0x08002ef3    0x20  Code  Gb  main.o [1]
StartSensorTask         0x08002f1d     0xa  Code  Gb  main.o [1]
StartServoRampTask      0x08003211    0xec  Code  Gb  main.o [1]
StartTsTask             0x080032fd    0x26  Code  Gb  main.o [1]
SysTick_Handler         0x08008281     0x4  Code  Gb  stm32f4xx_it.o [1]
SystemClock_Config      0x08002ac5    0xd0  Code  Gb  main.o [1]
SystemCoreClock         0x200002c4     0x4  Data  Gb  system_stm32f4xx.o [1]
SystemInit              0x080080f1    0x3a  Code  Gb  system_stm32f4xx.o [1]
TIM6_DAC_IRQHandler     0x08008285     0x6  Code  Gb  stm32f4xx_it.o [1]
TIM_Base_SetConfig      0x080057c1    0x90  Code  Gb  stm32f4xx_hal_tim.o [1]
TIM_CCxChannelCmd       0x080058a5    0x18  Code  Gb  stm32f4xx_hal_tim.o [1]
TIM_CCxNChannelCmd      0x080054d3    0x18  Code  Lc  stm32f4xx_hal_tim_ex.o [1]
TIM_OC1_SetConfig       0x080058bd    0x4a  Code  Lc  stm32f4xx_hal_tim.o [1]
TIM_OC2_SetConfig       0x08005853    0x52  Code  Gb  stm32f4xx_hal_tim.o [1]
TIM_OC3_SetConfig       0x08005913    0x56  Code  Lc  stm32f4xx_hal_tim.o [1]
TIM_OC4_SetConfig       0x0800596f    0x46  Code  Lc  stm32f4xx_hal_tim.o [1]
Timing                  0x20000164    0x1c  Data  Lc  stm32f429i_discovery_sdram.o [1]
TsDrv                   0x20004410     0x4  Data  Lc  stm32f429i_discovery_ts.o [1]
TsXBoundary             0x2000440c     0x2  Data  Lc  stm32f429i_discovery_ts.o [1]
TsYBoundary             0x2000440e     0x2  Data  Lc  stm32f429i_discovery_ts.o [1]
UART_SetConfig          0x08003523   0x13a  Code  Lc  stm32f4xx_hal_uart.o [1]
__cmain                 0x08008251          Code  Gb  cmain.o [5]
__exit                  0x080080dd    0x14  Code  Gb  exit.o [6]
__iar_data_init3        0x080081d9    0x28  Code  Gb  data_init.o [5]
__iar_init_vfp          0x08008201          Code  Gb  fpinit_M.o [4]
__iar_packbits_init3    0x08008027    0xae  Code  Gb  packbits_init.o [5]
__iar_program_start     0x080082a9          Code  Gb  cstartup_M.o [5]
__iar_unaligned___aeabi_memcpy4
                        0x080053a1          Code  Gb  ABImemcpy_unaligned.o [5]
__iar_unaligned___aeabi_memcpy8
                        0x080053a1          Code  Gb  ABImemcpy_unaligned.o [5]
__iar_zero_init3        0x08008199    0x40  Code  Gb  zero_init3.o [5]
__low_level_init        0x0800826b     0x4  Code  Gb  low_level_init.o [3]
__vector_table          0x08000000          Data  Gb  startup_stm32f429xx.o [1]
_call_main              0x0800825d          Code  Gb  cmain.o [5]
_exit                   0x08008275          Code  Gb  cexit.o [5]
_main                   0x08008267          Code  Gb  cmain.o [5]
abort                   0x080080d5     0x6  Code  Gb  abort.o [3]
commTaskHandle          0x20004044     0x4  Data  Gb  main.o [1]
controlTaskHandle       0x2000404c     0x4  Data  Gb  main.o [1]
defaultTaskHandle       0x20004040     0x4  Data  Gb  main.o [1]
exit                    0x0800826f     0x4  Code  Gb  exit.o [3]
hdma2d                  0x20003ee0    0x40  Data  Gb  main.o [1]
hi2c3                   0x20003fac    0x54  Data  Gb  main.o [1]
hltdc                   0x20004058    0xa8  Data  Gb  main.o [1]
hsdram1                 0x20003f78    0x34  Data  Gb  main.o [1]
hspi5                   0x20003f20    0x58  Data  Gb  main.o [1]
htim2                   0x200042e8    0x3c  Data  Gb  main.o [1]
htim3                   0x20004324    0x3c  Data  Gb  main.o [1]
htim4                   0x20004360    0x3c  Data  Gb  main.o [1]
htim6                   0x2000439c    0x3c  Data  Gb  stm32f4xx_hal_timebase_TIM.o [1]
huart5                  0x20004000    0x40  Data  Gb  main.o [1]
ili9341_DisplayOff      0x08007d93     0x6  Code  Gb  ili9341.o [1]
ili9341_DisplayOn       0x08007d8d     0x6  Code  Gb  ili9341.o [1]
ili9341_GetLcdPixelHeight
                        0x08007da1     0x6  Code  Gb  ili9341.o [1]
ili9341_GetLcdPixelWidth
                        0x08007d9d     0x4  Code  Gb  ili9341.o [1]
ili9341_Init            0x08007b01   0x274  Code  Gb  ili9341.o [1]
ili9341_ReadData        0x08007d99     0x4  Code  Gb  ili9341.o [1]
ili9341_ReadID          0x08007d7b    0x12  Code  Gb  ili9341.o [1]
ili9341_drv             0x20000244    0x38  Data  Gb  ili9341.o [1]
main                    0x08002845   0x270  Code  Gb  main.o [1]
makeFreeRtosPriority    0x080053f9     0xc  Code  Lc  cmsis_os.o [1]
mode                    0x20000128     0x4  Data  Lc  main.o [1]
osDelay                 0x0800543d     0xe  Code  Gb  cmsis_os.o [1]
osKernelStart           0x08005405     0xa  Code  Gb  cmsis_os.o [1]
osSystickHandler        0x0800544b    0x14  Code  Gb  cmsis_os.o [1]
osThreadCreate          0x0800540f    0x2e  Code  Gb  cmsis_os.o [1]
prvAddCurrentTaskToDelayedList
                        0x08007489    0x68  Code  Lc  tasks.o [1]
prvAddNewTaskToReadyList
                        0x08007095    0xa6  Code  Lc  tasks.o [1]
prvDeleteTCB            0x08007411    0x14  Code  Lc  tasks.o [1]
prvIdleTask             0x080073a9    0x54  Code  Lc  tasks.o [1]
prvInitialiseNewTask    0x0800701d    0x78  Code  Lc  tasks.o [1]
prvInsertBlockIntoFreeList
                        0x0800797b    0x46  Code  Lc  heap_4.o [1]
prvResetNextTaskUnblockTime
                        0x08007425    0x1c  Code  Lc  tasks.o [1]
prvTaskExitError        0x0800752d    0x28  Code  Lc  port.o [1]
pvPortMalloc            0x0800781d    0xfa  Code  Gb  heap_4.o [1]
pxCurrentTCB            0x20004128     0x4  Data  Gb  tasks.o [1]
pxDelayedTaskList       0x2000412c     0x4  Data  Lc  tasks.o [1]
pxEnd                   0x200002d0     0x4  Data  Lc  heap_4.o [1]
pxOverflowDelayedTaskList
                        0x20004130     0x4  Data  Lc  tasks.o [1]
pxPortInitialiseStack   0x08007505    0x26  Code  Gb  port.o [1]
pxReadyTasksLists       0x200041a0    0x8c  Data  Lc  tasks.o [1]
saturateFloat           0x08002ecb    0x28  Code  Gb  main.o [1]
sensorTaskHandle        0x20004048     0x4  Data  Gb  main.o [1]
servo1CurrPos           0x200000d8     0x4  Data  Lc  main.o [1]
servo1Max               0x20000100     0x4  Data  Lc  main.o [1]
servo1Min               0x200000ec     0x4  Data  Lc  main.o [1]
servo1NewPos            0x200000c4     0x4  Data  Lc  main.o [1]
servo1NewPosRef         0x200000b0     0x4  Data  Lc  main.o [1]
servo1StepSize          0x20000114     0x4  Data  Lc  main.o [1]
servo2CurrPos           0x200000dc     0x4  Data  Lc  main.o [1]
servo2Max               0x20000104     0x4  Data  Lc  main.o [1]
servo2Min               0x200000f0     0x4  Data  Lc  main.o [1]
servo2NewPos            0x200000c8     0x4  Data  Lc  main.o [1]
servo2NewPosRef         0x200000b4     0x4  Data  Lc  main.o [1]
servo2StepSize          0x20000118     0x4  Data  Lc  main.o [1]
servo3CurrPos           0x200000e0     0x4  Data  Lc  main.o [1]
servo3Max               0x20000108     0x4  Data  Lc  main.o [1]
servo3Min               0x200000f4     0x4  Data  Lc  main.o [1]
servo3NewPos            0x200000cc     0x4  Data  Lc  main.o [1]
servo3NewPosRef         0x200000b8     0x4  Data  Lc  main.o [1]
servo3StepSize          0x2000011c     0x4  Data  Lc  main.o [1]
servo4CurrPos           0x200000e4     0x4  Data  Lc  main.o [1]
servo4Max               0x2000010c     0x4  Data  Lc  main.o [1]
servo4Min               0x200000f8     0x4  Data  Lc  main.o [1]
servo4NewPos            0x200000d0     0x4  Data  Lc  main.o [1]
servo4NewPosRef         0x200000bc     0x4  Data  Lc  main.o [1]
servo4StepSize          0x20000120     0x4  Data  Lc  main.o [1]
servo5CurrPos           0x200000e8     0x4  Data  Lc  main.o [1]
servo5Max               0x20000110     0x4  Data  Lc  main.o [1]
servo5Min               0x200000fc     0x4  Data  Lc  main.o [1]
servo5NewPos            0x200000d4     0x4  Data  Lc  main.o [1]
servo5NewPosRef         0x200000c0     0x4  Data  Lc  main.o [1]
servo5StepSize          0x20000124     0x4  Data  Lc  main.o [1]
servoRampTaskHandle     0x20004050     0x4  Data  Gb  main.o [1]
stmpe811                0x20004424     0x2  Data  Gb  stmpe811.o [1]
stmpe811_ClearGlobalIT  0x08007e75     0x6  Code  Gb  stmpe811.o [1]
stmpe811_DisableGlobalIT
                        0x08007e25    0x14  Code  Gb  stmpe811.o [1]
stmpe811_DisableITSource
                        0x08007e4b    0x10  Code  Gb  stmpe811.o [1]
stmpe811_EnableGlobalIT
                        0x08007e11    0x14  Code  Gb  stmpe811.o [1]
stmpe811_EnableITSource
                        0x08007e39    0x12  Code  Gb  stmpe811.o [1]
stmpe811_GetInstance    0x08007fe3    0x1a  Code  Lc  stmpe811.o [1]
stmpe811_IO_EnableAF    0x08007e7b    0x16  Code  Gb  stmpe811.o [1]
stmpe811_Init           0x08007da9    0x2a  Code  Gb  stmpe811.o [1]
stmpe811_ReadGITStatus  0x08007e6d     0x8  Code  Gb  stmpe811.o [1]
stmpe811_ReadID         0x08007df5    0x1c  Code  Gb  stmpe811.o [1]
stmpe811_Reset          0x08007dd3    0x22  Code  Gb  stmpe811.o [1]
stmpe811_TS_ClearIT     0x08007fdf     0x4  Code  Gb  stmpe811.o [1]
stmpe811_TS_DetectTouch
                        0x08007f45    0x2a  Code  Gb  stmpe811.o [1]
stmpe811_TS_DisableIT   0x08007fc9    0x12  Code  Gb  stmpe811.o [1]
stmpe811_TS_EnableIT    0x08007fb1     0xa  Code  Gb  stmpe811.o [1]
stmpe811_TS_GetXY       0x08007f6f    0x42  Code  Gb  stmpe811.o [1]
stmpe811_TS_ITStatus    0x08007fdb     0x4  Code  Gb  stmpe811.o [1]
stmpe811_TS_Start       0x08007ec3    0x7c  Code  Gb  stmpe811.o [1]
stmpe811_ts_drv         0x2000027c    0x28  Data  Gb  stmpe811.o [1]
tsTaskHandle            0x20004054     0x4  Data  Gb  main.o [1]
ucHeap                  0x200002e0  0x3c00  Data  Lc  heap_4.o [1]
ucMaxSysCallPriority    0x200002a4     0x1  Data  Lc  port.o [1]
ulMaxPRIGROUPValue      0x200002ac     0x4  Data  Lc  port.o [1]
uwTick                  0x2000441c     0x4  Data  Gb  stm32f4xx_hal.o [1]
uxCriticalNesting       0x200002a8     0x4  Data  Lc  port.o [1]
uxCurrentNumberOfTasks  0x2000414c     0x4  Data  Lc  tasks.o [1]
uxDeletedTasksWaitingCleanUp
                        0x20004134     0x4  Data  Lc  tasks.o [1]
uxListRemove            0x08007a33    0x24  Code  Gb  list.o [1]
uxPendedTicks           0x2000415c     0x4  Data  Lc  tasks.o [1]
uxSchedulerSuspended    0x20004170     0x4  Data  Lc  tasks.o [1]
uxTaskNumber            0x20004168     0x4  Data  Lc  tasks.o [1]
uxTopReadyPriority      0x20004154     0x4  Data  Lc  tasks.o [1]
vListInitialise         0x080079c9    0x1a  Code  Gb  list.o [1]
vListInitialiseItem     0x080079e3     0x6  Code  Gb  list.o [1]
vListInsert             0x08007a01    0x32  Code  Gb  list.o [1]
vListInsertEnd          0x080079e9    0x18  Code  Gb  list.o [1]
vPortEnableVFP          0x08007ae5          Code  Gb  portasm.o [1]
vPortEnterCritical      0x080075ed    0x32  Code  Gb  port.o [1]
vPortExitCritical       0x0800761f    0x24  Code  Gb  port.o [1]
vPortFree               0x08007929    0x44  Code  Gb  heap_4.o [1]
vPortSetupTimerInterrupt
                        0x08007669    0x18  Code  Wk  port.o [1]
vPortStartFirstTask     0x08007acd          Code  Gb  portasm.o [1]
vTaskDelay              0x0800713b    0x28  Code  Gb  tasks.o [1]
vTaskStartScheduler     0x0800716d    0x56  Code  Gb  tasks.o [1]
vTaskSuspendAll         0x080071c3     0xc  Code  Gb  tasks.o [1]
vTaskSwitchContext      0x08007341    0x52  Code  Gb  tasks.o [1]
xBlockAllocatedBit      0x200002dc     0x4  Data  Lc  heap_4.o [1]
xDelayedTaskList1       0x20004174    0x14  Data  Lc  tasks.o [1]
xDelayedTaskList2       0x20004188    0x14  Data  Lc  tasks.o [1]
xFreeBytesRemaining     0x200002d4     0x4  Data  Lc  heap_4.o [1]
xIdleTaskHandle         0x2000419c     0x4  Data  Lc  tasks.o [1]
xMinimumEverFreeBytesRemaining
                        0x200002d8     0x4  Data  Lc  heap_4.o [1]
xNextTaskUnblockTime    0x2000416c     0x4  Data  Lc  tasks.o [1]
xNumOfOverflows         0x20004164     0x4  Data  Lc  tasks.o [1]
xPendingReadyList       0x20004100    0x14  Data  Lc  tasks.o [1]
xPortStartScheduler     0x08007555    0x84  Code  Gb  port.o [1]
xPortSysTickHandler     0x08007643    0x26  Code  Gb  port.o [1]
xSchedulerRunning       0x20004158     0x4  Data  Lc  tasks.o [1]
xStart                  0x200002c8     0x8  Data  Lc  heap_4.o [1]
xSuspendedTaskList      0x20004138    0x14  Data  Lc  tasks.o [1]
xTaskCreate             0x08006fc5    0x58  Code  Gb  tasks.o [1]
xTaskGetSchedulerState  0x08007441    0x18  Code  Gb  tasks.o [1]
xTaskIncrementTick      0x08007277    0xb6  Code  Gb  tasks.o [1]
xTaskResumeAll          0x080071cf    0x94  Code  Gb  tasks.o [1]
xTasksWaitingTermination
                        0x20004114    0x14  Data  Lc  tasks.o [1]
xTickCount              0x20004150     0x4  Data  Lc  tasks.o [1]
xYieldPending           0x20004160     0x4  Data  Lc  tasks.o [1]


[1] = C:\GIT\RobotArm2k17\STM32F4\RobotArm\EWARM\RobotArm\Obj
[2] = command line
[3] = dl7M_tlf.a
[4] = m7M_tls.a
[5] = rt7M_tl.a
[6] = shb_l.a

  23 838 bytes of readonly  code memory
  10 255 bytes of readonly  data memory
  18 471 bytes of readwrite data memory

Errors: none
Warnings: none
