###############################################################################
#
# IAR ELF Linker V8.20.1.14183/W32 for ARM                22/Mar/2018  01:49:32
# Copyright 2007-2017 IAR Systems AB.
#
#    Output file  =  
#        C:\GIT\RobotArm2k17\STM32F4\RobotArm\EWARM\RobotArm\Exe\RobotArm.out
#    Map file     =  
#        C:\GIT\RobotArm2k17\STM32F4\RobotArm\EWARM\RobotArm\List\RobotArm.map
#    Command line =  
#        -f C:\Users\david\AppData\Local\Temp\EW2C4A.tmp
#        (C:\GIT\RobotArm2k17\STM32F4\RobotArm\EWARM\RobotArm\Obj\cmsis_os.o
#        C:\GIT\RobotArm2k17\STM32F4\RobotArm\EWARM\RobotArm\Obj\croutine.o
#        C:\GIT\RobotArm2k17\STM32F4\RobotArm\EWARM\RobotArm\Obj\event_groups.o
#        C:\GIT\RobotArm2k17\STM32F4\RobotArm\EWARM\RobotArm\Obj\freertos.o
#        C:\GIT\RobotArm2k17\STM32F4\RobotArm\EWARM\RobotArm\Obj\heap_4.o
#        C:\GIT\RobotArm2k17\STM32F4\RobotArm\EWARM\RobotArm\Obj\ili9341.o
#        C:\GIT\RobotArm2k17\STM32F4\RobotArm\EWARM\RobotArm\Obj\l3gd20.o
#        C:\GIT\RobotArm2k17\STM32F4\RobotArm\EWARM\RobotArm\Obj\list.o
#        C:\GIT\RobotArm2k17\STM32F4\RobotArm\EWARM\RobotArm\Obj\main.o
#        C:\GIT\RobotArm2k17\STM32F4\RobotArm\EWARM\RobotArm\Obj\port.o
#        C:\GIT\RobotArm2k17\STM32F4\RobotArm\EWARM\RobotArm\Obj\portasm.o
#        C:\GIT\RobotArm2k17\STM32F4\RobotArm\EWARM\RobotArm\Obj\queue.o
#        C:\GIT\RobotArm2k17\STM32F4\RobotArm\EWARM\RobotArm\Obj\startup_stm32f429xx.o
#        C:\GIT\RobotArm2k17\STM32F4\RobotArm\EWARM\RobotArm\Obj\stm32f429i_discovery.o
#        C:\GIT\RobotArm2k17\STM32F4\RobotArm\EWARM\RobotArm\Obj\stm32f429i_discovery_gyroscope.o
#        C:\GIT\RobotArm2k17\STM32F4\RobotArm\EWARM\RobotArm\Obj\stm32f429i_discovery_io.o
#        C:\GIT\RobotArm2k17\STM32F4\RobotArm\EWARM\RobotArm\Obj\stm32f429i_discovery_lcd.o
#        C:\GIT\RobotArm2k17\STM32F4\RobotArm\EWARM\RobotArm\Obj\stm32f429i_discovery_sdram.o
#        C:\GIT\RobotArm2k17\STM32F4\RobotArm\EWARM\RobotArm\Obj\stm32f429i_discovery_ts.o
#        C:\GIT\RobotArm2k17\STM32F4\RobotArm\EWARM\RobotArm\Obj\stm32f4xx_hal.o
#        C:\GIT\RobotArm2k17\STM32F4\RobotArm\EWARM\RobotArm\Obj\stm32f4xx_hal_adc.o
#        C:\GIT\RobotArm2k17\STM32F4\RobotArm\EWARM\RobotArm\Obj\stm32f4xx_hal_adc_ex.o
#        C:\GIT\RobotArm2k17\STM32F4\RobotArm\EWARM\RobotArm\Obj\stm32f4xx_hal_cortex.o
#        C:\GIT\RobotArm2k17\STM32F4\RobotArm\EWARM\RobotArm\Obj\stm32f4xx_hal_crc.o
#        C:\GIT\RobotArm2k17\STM32F4\RobotArm\EWARM\RobotArm\Obj\stm32f4xx_hal_dma.o
#        C:\GIT\RobotArm2k17\STM32F4\RobotArm\EWARM\RobotArm\Obj\stm32f4xx_hal_dma2d.o
#        C:\GIT\RobotArm2k17\STM32F4\RobotArm\EWARM\RobotArm\Obj\stm32f4xx_hal_dma_ex.o
#        C:\GIT\RobotArm2k17\STM32F4\RobotArm\EWARM\RobotArm\Obj\stm32f4xx_hal_dsi.o
#        C:\GIT\RobotArm2k17\STM32F4\RobotArm\EWARM\RobotArm\Obj\stm32f4xx_hal_flash.o
#        C:\GIT\RobotArm2k17\STM32F4\RobotArm\EWARM\RobotArm\Obj\stm32f4xx_hal_flash_ex.o
#        C:\GIT\RobotArm2k17\STM32F4\RobotArm\EWARM\RobotArm\Obj\stm32f4xx_hal_flash_ramfunc.o
#        C:\GIT\RobotArm2k17\STM32F4\RobotArm\EWARM\RobotArm\Obj\stm32f4xx_hal_gpio.o
#        C:\GIT\RobotArm2k17\STM32F4\RobotArm\EWARM\RobotArm\Obj\stm32f4xx_hal_i2c.o
#        C:\GIT\RobotArm2k17\STM32F4\RobotArm\EWARM\RobotArm\Obj\stm32f4xx_hal_i2c_ex.o
#        C:\GIT\RobotArm2k17\STM32F4\RobotArm\EWARM\RobotArm\Obj\stm32f4xx_hal_ltdc.o
#        C:\GIT\RobotArm2k17\STM32F4\RobotArm\EWARM\RobotArm\Obj\stm32f4xx_hal_ltdc_ex.o
#        C:\GIT\RobotArm2k17\STM32F4\RobotArm\EWARM\RobotArm\Obj\stm32f4xx_hal_msp.o
#        C:\GIT\RobotArm2k17\STM32F4\RobotArm\EWARM\RobotArm\Obj\stm32f4xx_hal_pcd.o
#        C:\GIT\RobotArm2k17\STM32F4\RobotArm\EWARM\RobotArm\Obj\stm32f4xx_hal_pcd_ex.o
#        C:\GIT\RobotArm2k17\STM32F4\RobotArm\EWARM\RobotArm\Obj\stm32f4xx_hal_pwr.o
#        C:\GIT\RobotArm2k17\STM32F4\RobotArm\EWARM\RobotArm\Obj\stm32f4xx_hal_pwr_ex.o
#        C:\GIT\RobotArm2k17\STM32F4\RobotArm\EWARM\RobotArm\Obj\stm32f4xx_hal_rcc.o
#        C:\GIT\RobotArm2k17\STM32F4\RobotArm\EWARM\RobotArm\Obj\stm32f4xx_hal_rcc_ex.o
#        C:\GIT\RobotArm2k17\STM32F4\RobotArm\EWARM\RobotArm\Obj\stm32f4xx_hal_rng.o
#        C:\GIT\RobotArm2k17\STM32F4\RobotArm\EWARM\RobotArm\Obj\stm32f4xx_hal_sdram.o
#        C:\GIT\RobotArm2k17\STM32F4\RobotArm\EWARM\RobotArm\Obj\stm32f4xx_hal_spi.o
#        C:\GIT\RobotArm2k17\STM32F4\RobotArm\EWARM\RobotArm\Obj\stm32f4xx_hal_tim.o
#        C:\GIT\RobotArm2k17\STM32F4\RobotArm\EWARM\RobotArm\Obj\stm32f4xx_hal_tim_ex.o
#        C:\GIT\RobotArm2k17\STM32F4\RobotArm\EWARM\RobotArm\Obj\stm32f4xx_hal_timebase_TIM.o
#        C:\GIT\RobotArm2k17\STM32F4\RobotArm\EWARM\RobotArm\Obj\stm32f4xx_hal_uart.o
#        C:\GIT\RobotArm2k17\STM32F4\RobotArm\EWARM\RobotArm\Obj\stm32f4xx_it.o
#        C:\GIT\RobotArm2k17\STM32F4\RobotArm\EWARM\RobotArm\Obj\stm32f4xx_ll_fmc.o
#        C:\GIT\RobotArm2k17\STM32F4\RobotArm\EWARM\RobotArm\Obj\stm32f4xx_ll_usb.o
#        C:\GIT\RobotArm2k17\STM32F4\RobotArm\EWARM\RobotArm\Obj\stmpe811.o
#        C:\GIT\RobotArm2k17\STM32F4\RobotArm\EWARM\RobotArm\Obj\system_stm32f4xx.o
#        C:\GIT\RobotArm2k17\STM32F4\RobotArm\EWARM\RobotArm\Obj\tasks.o
#        C:\GIT\RobotArm2k17\STM32F4\RobotArm\EWARM\RobotArm\Obj\timers.o
#        C:\GIT\RobotArm2k17\STM32F4\RobotArm\EWARM\RobotArm\Obj\ts_calibration.o
#        C:\GIT\RobotArm2k17\STM32F4\RobotArm\EWARM\RobotArm\Obj\usb_device.o
#        C:\GIT\RobotArm2k17\STM32F4\RobotArm\EWARM\RobotArm\Obj\usbd_cdc.o
#        C:\GIT\RobotArm2k17\STM32F4\RobotArm\EWARM\RobotArm\Obj\usbd_cdc_if.o
#        C:\GIT\RobotArm2k17\STM32F4\RobotArm\EWARM\RobotArm\Obj\usbd_conf.o
#        C:\GIT\RobotArm2k17\STM32F4\RobotArm\EWARM\RobotArm\Obj\usbd_core.o
#        C:\GIT\RobotArm2k17\STM32F4\RobotArm\EWARM\RobotArm\Obj\usbd_ctlreq.o
#        C:\GIT\RobotArm2k17\STM32F4\RobotArm\EWARM\RobotArm\Obj\usbd_desc.o
#        C:\GIT\RobotArm2k17\STM32F4\RobotArm\EWARM\RobotArm\Obj\usbd_ioreq.o
#        --redirect _Printf=_PrintfFull --redirect _Scanf=_ScanfFull -o
#        C:\GIT\RobotArm2k17\STM32F4\RobotArm\EWARM\RobotArm\Exe\RobotArm.out
#        --map
#        C:\GIT\RobotArm2k17\STM32F4\RobotArm\EWARM\RobotArm\List\RobotArm.map
#        --config
#        C:\GIT\RobotArm2k17\STM32F4\RobotArm\EWARM/stm32f429xx_flash.icf
#        --semihosting --entry __iar_program_start --vfe --text_out locale)
#
###############################################################################

*******************************************************************************
*** RUNTIME MODEL ATTRIBUTES
***

CppFlavor       = *
__Heap_Handler  = DLMalloc
__SystemLibrary = DLib
__dlib_version  = 6


*******************************************************************************
*** HEAP SELECTION
***

The advanced heap was selected because the application calls memory
allocation functions outside of system library functions, and there
are calls to deallocation functions in the application.


*******************************************************************************
*** PLACEMENT SUMMARY
***

"A0":  place at 0x08000000 { ro section .intvec };
"P1":  place in [from 0x08000000 to 0x081fffff] { ro };
define block CSTACK with size = 1536, alignment = 8 { };
define block HEAP with size = 4K, alignment = 8 { };
"P2":  place in [from 0x20000000 to 0x2002ffff] {
          rw, block CSTACK, block HEAP };
initialize by copy { rw };

  Section            Kind        Address     Size  Object
  -------            ----        -------     ----  ------
"A0":                                       0x1ac
  .intvec            ro code  0x08000000    0x1ac  startup_stm32f429xx.o [1]
                            - 0x080001ac    0x1ac

"P1":                                     0x109a4
  .rodata            const    0x080001ac   0x2b0c  stm32f429i_discovery_lcd.o [1]
  .text              ro code  0x08002cb8   0x2084  main.o [1]
  .text              ro code  0x08004d3c     0x34  stm32f4xx_hal.o [1]
  .text              ro code  0x08004d70    0x582  stm32f4xx_hal_tim.o [1]
  .text              ro code  0x080052f2     0x7a  lz77_init_single.o [5]
  .text              ro code  0x0800536c     0x8a  stm32f4xx_hal_tim_ex.o [1]
  .text              ro code  0x080053f6     0x1e  xencoding_8859_1.o [3]
  .text              ro code  0x08005414    0x55d  stm32f429i_discovery.o [1]
  .text              ro code  0x08005972      0xa  xsprout.o [3]
  .text              ro code  0x0800597c    0x9b4  stm32f429i_discovery_lcd.o [1]
  .text              ro code  0x08006330    0x108  stm32f429i_discovery_ts.o [1]
  .text              ro code  0x08006438    0x45e  stm32f4xx_hal_adc.o [1]
  .text              ro code  0x08006898     0xa6  ABImemcpy.o [5]
  .text              ro code  0x08006940     0x6a  cmsis_os.o [1]
  .text              ro code  0x080069ac    0x314  stm32f4xx_hal_rcc.o [1]
  .text              ro code  0x08006cc0     0x70  stm32f4xx_hal_pwr_ex.o [1]
  .text              ro code  0x08006d30    0x1f4  stm32f4xx_hal_rcc.o [1]
  .text              ro code  0x08006f24    0x240  stm32f4xx_hal_rcc_ex.o [1]
  .text              ro code  0x08007164    0x108  stm32f4xx_hal_cortex.o [1]
  .text              ro code  0x0800726c     0x26  stm32f4xx_hal_crc.o [1]
  .text              ro code  0x08007294    0x2f8  stm32f4xx_hal_dma2d.o [1]
  .text              ro code  0x0800758c    0x9dc  stm32f4xx_hal_i2c.o [1]
  .text              ro code  0x08007f68    0x2dc  stm32f4xx_hal_ltdc.o [1]
  .text              ro code  0x08008244     0x30  stm32f4xx_hal_rng.o [1]
  .text              ro code  0x08008274    0x64a  stm32f4xx_hal_spi.o [1]
  .text              ro code  0x080088c0    0x688  stm32f4xx_hal_msp.o [1]
  .text              ro code  0x08008f48    0x2e0  stm32f4xx_hal_uart.o [1]
  .text              ro code  0x08009228     0x9c  stm32f4xx_hal_sdram.o [1]
  .text              ro code  0x080092c4    0x37e  stm32f4xx_hal_gpio.o [1]
  .text              ro code  0x08009644     0x48  FltToDbl.o [4]
  .text              ro code  0x0800968c    0x1a2  DblMul.o [4]
  .text              ro code  0x08009830    0x246  DblDiv.o [4]
  .text              ro code  0x08009a78     0x68  DblToFlt.o [4]
  .text              ro code  0x08009ae0     0x1a  U32ToDbl.o [4]
  .text              ro code  0x08009afc    0x178  DblAdd.o [4]
  .text              ro code  0x08009c74    0x1e0  cos_sin32.o [4]
  .text              ro code  0x08009e54     0x1e  sqrtf.o [4]
  .text              ro code  0x08009e74     0x5c  asinf.o [4]
  .text              ro code  0x08009ed0     0x64  acosf.o [4]
  .text              ro code  0x08009f34     0x48  atanf.o [4]
  .text              ro code  0x08009f7c     0x38  usb_device.o [1]
  .text              ro code  0x08009fb4     0x40  sprintf.o [3]
  .text              ro code  0x08009ff4     0xe0  usbd_cdc_if.o [1]
  .text              ro code  0x0800a0d4     0x3a  DblToS32.o [4]
  .text              ro code  0x0800a110     0xe2  DblSub.o [4]
  .text              ro code  0x0800a1f4     0x22  S32ToDbl.o [4]
  .text              ro code  0x0800a218     0x10  stm32f4xx_hal.o [1]
  .text              ro code  0x0800a228     0x80  stm32f4xx_hal_timebase_TIM.o [1]
  .text              ro code  0x0800a2a8      0x2  stm32f4xx_hal_tim.o [1]
  .text              ro code  0x0800a2aa      0x2  stm32f4xx_hal_tim.o [1]
  .text              ro code  0x0800a2ac      0x2  stm32f4xx_hal_tim.o [1]
  .text              ro code  0x0800a2ae      0x2  stm32f4xx_hal_tim_ex.o [1]
  .text              ro code  0x0800a2b0      0x2  stm32f4xx_hal_tim.o [1]
  .text              ro code  0x0800a2b2      0x2  stm32f4xx_hal_tim_ex.o [1]
  .text              ro code  0x0800a2b4     0x28  stm32f4xx_hal.o [1]
  .text              ro code  0x0800a2dc     0x98  stm32f429i_discovery_sdram.o [1]
  .text              ro code  0x0800a374    0x3e4  stm32f4xx_hal_dma.o [1]
  .text              ro code  0x0800a758      0x2  stm32f4xx_hal_adc.o [1]
  .text              ro code  0x0800a75a      0x2  stm32f4xx_hal_adc.o [1]
  .text              ro code  0x0800a75c    0x5b8  tasks.o [1]
  .text              ro code  0x0800ad14    0x1b4  port.o [1]
  .text              ro code  0x0800aec8      0xc  stm32f4xx_hal.o [1]
  .text              ro code  0x0800aed4    0x22e  I64DivMod.o [5]
  .text              ro code  0x0800b104    0x14c  stm32f4xx_ll_fmc.o [1]
  .text              ro code  0x0800b250     0xa4  xatanf.o [4]
  .text              ro code  0x0800b2f4    0x280  usbd_core.o [1]
  .text              ro code  0x0800b574    0x268  usbd_cdc.o [1]
  .text              ro code  0x0800b7dc    0xf4e  xprintffull.o [3]
  .text              ro code  0x0800c72c     0x66  ABImemset.o [5]
  .text              ro code  0x0800c794     0x70  strncpy.o [5]
  .text              ro code  0x0800c804    0x1e4  heap_4.o [1]
  .text              ro code  0x0800c9e8     0x90  list.o [1]
  CODE               ro code  0x0800ca78     0xa8  portasm.o [1]
  .text              ro code  0x0800cb20      0x2  I64DivZer.o [5]
  .text              ro code  0x0800cb24    0x300  usbd_conf.o [1]
  .text              ro code  0x0800ce24    0x4c4  usbd_ctlreq.o [1]
  .text              ro code  0x0800d2e8     0x84  usbd_ioreq.o [1]
  .text              ro code  0x0800d36c   0x14d8  dlmalloc.o [3]
  .text              ro code  0x0800e844      0x4  heaptramp0.o [3]
  .text              ro code  0x0800e848     0x78  xlocale_c.o [3]
  .text              ro code  0x0800e8c0     0x16  strchr.o [5]
  .text              ro code  0x0800e8d8     0x44  xfail_s.o [3]
  .text              ro code  0x0800e91c     0x36  strlen.o [5]
  .text              ro code  0x0800e954     0x58  memchr.o [5]
  .text              ro code  0x0800e9ac      0xa  xmbcurmax.o [3]
  .text              ro code  0x0800e9b8     0x70  frexp.o [4]
  .text              ro code  0x0800ea28     0x2e  DblCmpLe.o [4]
  .text              ro code  0x0800ea58     0x2e  DblCmpGe.o [4]
  .text              ro code  0x0800ea88    0x13a  ldexp.o [4]
  .text              ro code  0x0800ebc4     0x28  DblToU32.o [4]
  .text              ro code  0x0800ebec    0x948  stm32f4xx_hal_pcd.o [1]
  .text              ro code  0x0800f534     0x50  stm32f4xx_hal_pcd_ex.o [1]
  .text              ro code  0x0800f584      0x6  abort.o [3]
  .text              ro code  0x0800f58c     0x2c  xgetmemchunk.o [3]
  .text              ro code  0x0800f5b8    0x9a4  stm32f4xx_ll_usb.o [1]
  .text              ro code  0x0800ff5c     0x14  exit.o [6]
  .text              ro code  0x0800ff70    0x2e8  stmpe811.o [1]
  .text              ro code  0x08010258    0x2be  ili9341.o [1]
  .text              ro code  0x08010518    0x108  usbd_desc.o [1]
  .text              ro code  0x08010620     0x60  system_stm32f4xx.o [1]
  .rodata            const    0x08010680     0x58  main.o [1]
  .text              ro code  0x080106d8     0x40  zero_init3.o [5]
  .text              ro code  0x08010718     0x2a  stm32f4xx_it.o [1]
  .text              ro code  0x08010744     0x28  data_init.o [5]
  .text              ro code  0x0801076c     0x22  fpinit_M.o [4]
  .iar.init_table    const    0x08010790     0x20  - Linker created -
  .text              ro code  0x080107b0     0x1e  cmain.o [5]
  .text              ro code  0x080107ce      0x4  low_level_init.o [3]
  .text              ro code  0x080107d2      0x4  exit.o [3]
  .text              ro code  0x080107d8      0xa  cexit.o [5]
  .text              ro code  0x080107e4     0x10  startup_stm32f429xx.o [1]
  .text              ro code  0x080107f4      0xc  cstartup_M.o [5]
  .rodata            const    0x08010800      0x8  system_stm32f4xx.o [1]
  .rodata            const    0x08010808      0x6  xlocale_c.o [3]
  .text              ro code  0x0801080e      0x4  startup_stm32f429xx.o [1]
  .text              ro code  0x08010812      0x4  startup_stm32f429xx.o [1]
  .text              ro code  0x08010816      0x4  startup_stm32f429xx.o [1]
  .text              ro code  0x0801081a      0x4  startup_stm32f429xx.o [1]
  .text              ro code  0x0801081e      0x4  startup_stm32f429xx.o [1]
  .text              ro code  0x08010822      0x4  startup_stm32f429xx.o [1]
  .text              ro code  0x08010826      0x4  startup_stm32f429xx.o [1]
  .text              ro code  0x0801082a      0x4  startup_stm32f429xx.o [1]
  .text              ro code  0x0801082e      0x4  startup_stm32f429xx.o [1]
  .text              ro code  0x08010832      0x4  startup_stm32f429xx.o [1]
  .text              ro code  0x08010836      0x4  startup_stm32f429xx.o [1]
  .text              ro code  0x0801083a      0x4  startup_stm32f429xx.o [1]
  .text              ro code  0x0801083e      0x4  startup_stm32f429xx.o [1]
  .text              ro code  0x08010842      0x4  startup_stm32f429xx.o [1]
  .text              ro code  0x08010846      0x4  startup_stm32f429xx.o [1]
  .text              ro code  0x0801084a      0x4  startup_stm32f429xx.o [1]
  .text              ro code  0x0801084e      0x4  startup_stm32f429xx.o [1]
  .text              ro code  0x08010852      0x4  startup_stm32f429xx.o [1]
  .text              ro code  0x08010856      0x4  startup_stm32f429xx.o [1]
  .text              ro code  0x0801085a      0x4  startup_stm32f429xx.o [1]
  .text              ro code  0x0801085e      0x4  startup_stm32f429xx.o [1]
  .text              ro code  0x08010862      0x4  startup_stm32f429xx.o [1]
  .text              ro code  0x08010866      0x4  startup_stm32f429xx.o [1]
  .text              ro code  0x0801086a      0x4  startup_stm32f429xx.o [1]
  .text              ro code  0x0801086e      0x4  startup_stm32f429xx.o [1]
  .text              ro code  0x08010872      0x4  startup_stm32f429xx.o [1]
  .text              ro code  0x08010876      0x4  startup_stm32f429xx.o [1]
  .text              ro code  0x0801087a      0x4  startup_stm32f429xx.o [1]
  .text              ro code  0x0801087e      0x4  startup_stm32f429xx.o [1]
  .text              ro code  0x08010882      0x4  startup_stm32f429xx.o [1]
  .text              ro code  0x08010886      0x4  startup_stm32f429xx.o [1]
  .text              ro code  0x0801088a      0x4  startup_stm32f429xx.o [1]
  .text              ro code  0x0801088e      0x4  startup_stm32f429xx.o [1]
  .text              ro code  0x08010892      0x4  startup_stm32f429xx.o [1]
  .text              ro code  0x08010896      0x4  startup_stm32f429xx.o [1]
  .text              ro code  0x0801089a      0x4  startup_stm32f429xx.o [1]
  .text              ro code  0x0801089e      0x4  startup_stm32f429xx.o [1]
  .text              ro code  0x080108a2      0x4  startup_stm32f429xx.o [1]
  .text              ro code  0x080108a6      0x4  startup_stm32f429xx.o [1]
  .text              ro code  0x080108aa      0x4  startup_stm32f429xx.o [1]
  .text              ro code  0x080108ae      0x4  startup_stm32f429xx.o [1]
  .text              ro code  0x080108b2      0x4  startup_stm32f429xx.o [1]
  .text              ro code  0x080108b6      0x4  startup_stm32f429xx.o [1]
  .text              ro code  0x080108ba      0x4  startup_stm32f429xx.o [1]
  .text              ro code  0x080108be      0x4  startup_stm32f429xx.o [1]
  .text              ro code  0x080108c2      0x4  startup_stm32f429xx.o [1]
  .text              ro code  0x080108c6      0x4  startup_stm32f429xx.o [1]
  .text              ro code  0x080108ca      0x4  startup_stm32f429xx.o [1]
  .text              ro code  0x080108ce      0x4  startup_stm32f429xx.o [1]
  .text              ro code  0x080108d2      0x4  startup_stm32f429xx.o [1]
  .text              ro code  0x080108d6      0x4  startup_stm32f429xx.o [1]
  .text              ro code  0x080108da      0x4  startup_stm32f429xx.o [1]
  .text              ro code  0x080108de      0x4  startup_stm32f429xx.o [1]
  .text              ro code  0x080108e2      0x4  startup_stm32f429xx.o [1]
  .text              ro code  0x080108e6      0x4  startup_stm32f429xx.o [1]
  .text              ro code  0x080108ea      0x4  startup_stm32f429xx.o [1]
  .text              ro code  0x080108ee      0x4  startup_stm32f429xx.o [1]
  .text              ro code  0x080108f2      0x4  startup_stm32f429xx.o [1]
  .text              ro code  0x080108f6      0x4  startup_stm32f429xx.o [1]
  .text              ro code  0x080108fa      0x4  startup_stm32f429xx.o [1]
  .text              ro code  0x080108fe      0x4  startup_stm32f429xx.o [1]
  .text              ro code  0x08010902      0x4  startup_stm32f429xx.o [1]
  .text              ro code  0x08010906      0x4  startup_stm32f429xx.o [1]
  .text              ro code  0x0801090a      0x4  startup_stm32f429xx.o [1]
  .text              ro code  0x0801090e      0x4  startup_stm32f429xx.o [1]
  .text              ro code  0x08010912      0x4  startup_stm32f429xx.o [1]
  .text              ro code  0x08010916      0x4  startup_stm32f429xx.o [1]
  .text              ro code  0x0801091a      0x4  startup_stm32f429xx.o [1]
  .text              ro code  0x0801091e      0x4  startup_stm32f429xx.o [1]
  .text              ro code  0x08010922      0x4  startup_stm32f429xx.o [1]
  .text              ro code  0x08010926      0x4  startup_stm32f429xx.o [1]
  .text              ro code  0x0801092a      0x4  startup_stm32f429xx.o [1]
  .text              ro code  0x0801092e      0x4  startup_stm32f429xx.o [1]
  .text              ro code  0x08010932      0x4  startup_stm32f429xx.o [1]
  .text              ro code  0x08010936      0x4  startup_stm32f429xx.o [1]
  .text              ro code  0x0801093a      0x4  startup_stm32f429xx.o [1]
  .text              ro code  0x0801093e      0x4  startup_stm32f429xx.o [1]
  .text              ro code  0x08010942      0x4  startup_stm32f429xx.o [1]
  .text              ro code  0x08010946      0x4  startup_stm32f429xx.o [1]
  .text              ro code  0x0801094a      0x4  startup_stm32f429xx.o [1]
  .text              ro code  0x0801094e      0x4  startup_stm32f429xx.o [1]
  .text              ro code  0x08010952      0x4  startup_stm32f429xx.o [1]
  .text              ro code  0x08010956      0x4  startup_stm32f429xx.o [1]
  .text              ro code  0x0801095a      0x4  startup_stm32f429xx.o [1]
  .text              ro code  0x0801095e      0x4  startup_stm32f429xx.o [1]
  .text              ro code  0x08010962      0x4  startup_stm32f429xx.o [1]
  .text              ro code  0x08010966      0x4  startup_stm32f429xx.o [1]
  .text              ro code  0x0801096a      0x4  startup_stm32f429xx.o [1]
  .text              ro code  0x0801096e      0x4  startup_stm32f429xx.o [1]
  .text              ro code  0x08010972      0x4  startup_stm32f429xx.o [1]
  .text              ro code  0x08010976      0x4  startup_stm32f429xx.o [1]
  .text              ro code  0x0801097a      0x4  startup_stm32f429xx.o [1]
  .rodata            const    0x0801097e      0x0  zero_init3.o [5]
  .rodata            const    0x0801097e      0x0  lz77_init_single.o [5]
  Initializer bytes  const    0x0801097e    0x1d2  <for P2-1>
                            - 0x08010b50  0x109a4

"P2", part 1 of 3:                          0x4a4
  P2-1                        0x20000000    0x4a4  <Init block>
    .data            inited   0x20000000     0x38  ili9341.o [1]
    .data            inited   0x20000038     0x34  main.o [1]
    .data            inited   0x2000006c     0x30  main.o [1]
    .data            inited   0x2000009c      0x4  main.o [1]
    .data            inited   0x200000a0     0x80  main.o [1]
    .data            inited   0x20000120     0x74  main.o [1]
    .data            inited   0x20000194      0xc  port.o [1]
    .data            inited   0x200001a0      0x8  stm32f429i_discovery.o [1]
    .data            inited   0x200001a8      0x4  stm32f429i_discovery.o [1]
    .data            inited   0x200001ac     0x58  stm32f429i_discovery.o [1]
    .data            inited   0x20000204     0x5c  stm32f429i_discovery.o [1]
    .data            inited   0x20000260     0x28  stm32f429i_discovery_lcd.o [1]
    .data            inited   0x20000288      0x8  stm32f429i_discovery_lcd.o [1]
    .data            inited   0x20000290      0x8  stm32f429i_discovery_lcd.o [1]
    .data            inited   0x20000298      0xc  stm32f4xx_hal.o [1]
    .data            inited   0x200002a4     0x28  stmpe811.o [1]
    .data            inited   0x200002cc      0x4  system_stm32f4xx.o [1]
    .data            inited   0x200002d0      0xc  usbd_cdc.o [1]
    .data            inited   0x200002dc     0x38  usbd_cdc.o [1]
    .data            inited   0x20000314     0x44  usbd_cdc.o [1]
    .data            inited   0x20000358     0x44  usbd_cdc.o [1]
    .data            inited   0x2000039c     0x44  usbd_cdc.o [1]
    .data            inited   0x200003e0     0x10  usbd_cdc_if.o [1]
    .data            inited   0x200003f0     0x1c  usbd_desc.o [1]
    .data            inited   0x2000040c     0x14  usbd_desc.o [1]
    .data            inited   0x20000420      0x4  usbd_desc.o [1]
    .data            inited   0x20000424     0x38  xlocale_c.o [3]
    .data            inited   0x2000045c     0x48  xlocale_c.o [3]
                            - 0x200004a4    0x4a4

"P2", part 2 of 3:                         0x4c70
  .bss               zero     0x200004a4   0x3c18  heap_4.o [1]
  .bss               zero     0x200040bc    0x3f0  usbd_conf.o [1]
  .bss               zero     0x200044ac    0x224  usb_device.o [1]
  .bss               zero     0x200046d0    0x200  usbd_desc.o [1]
  .bss               zero     0x200048d0    0x1d8  dlmalloc.o [3]
  .bss               zero     0x20004aa8     0xa8  main.o [1]
  .bss               zero     0x20004b50     0xa0  tasks.o [1]
  .bss               zero     0x20004bf0     0x8c  tasks.o [1]
  .bss               zero     0x20004c7c     0x80  usbd_cdc_if.o [1]
  .bss               zero     0x20004cfc     0x70  main.o [1]
  .bss               zero     0x20004d6c     0x60  main.o [1]
  .bss               zero     0x20004dcc     0x58  main.o [1]
  .bss               zero     0x20004e24     0x54  main.o [1]
  .bss               zero     0x20004e78     0x48  main.o [1]
  .bss               zero     0x20004ec0     0x40  main.o [1]
  .bss               zero     0x20004f00     0x40  main.o [1]
  .bss               zero     0x20004f40     0x40  stm32f429i_discovery_lcd.o [1]
  .bss               zero     0x20004f80     0x3c  main.o [1]
  .bss               zero     0x20004fbc     0x3c  main.o [1]
  .bss               zero     0x20004ff8     0x3c  stm32f4xx_hal_timebase_TIM.o [1]
  .bss               zero     0x20005034     0x34  main.o [1]
  .bss               zero     0x20005068     0x34  main.o [1]
  .bss               zero     0x2000509c     0x18  dlmalloc.o [3]
  .bss               zero     0x200050b4     0x10  stm32f429i_discovery_sdram.o [1]
  .bss               zero     0x200050c4     0x10  stm32f429i_discovery_ts.o [1]
  .bss               zero     0x200050d4      0xc  main.o [1]
  .bss               zero     0x200050e0      0x8  main.o [1]
  .bss               zero     0x200050e8      0x8  main.o [1]
  .bss               zero     0x200050f0      0x8  main.o [1]
  .bss               zero     0x200050f8      0x8  usbd_cdc_if.o [1]
  .bss               zero     0x20005100      0x4  stm32f4xx_hal_msp.o [1]
  .bss               zero     0x20005104      0x4  xfail_s.o [3]
  .bss               zero     0x20005108      0x4  xgetmemchunk.o [3]
  .bss               zero     0x2000510c      0x2  stmpe811.o [1]
  .bss               zero     0x2000510e      0x1  stm32f429i_discovery.o [1]
  .bss               zero     0x2000510f      0x1  usbd_cdc.o [1]
  .bss               zero     0x20005110      0x1  usbd_ctlreq.o [1]
                            - 0x20005111   0x4c6d

"P2", part 3 of 3:                         0x1600
  CSTACK                      0x20005118    0x600  <Block>
    CSTACK           uninit   0x20005118    0x600  <Block tail>
  HEAP                        0x20005718   0x1000  <Block>
    HEAP             uninit   0x20005718   0x1000  <Block tail>
                            - 0x20006718   0x1600


*******************************************************************************
*** INIT TABLE
***

          Address     Size
          -------     ----
Zero (__iar_zero_init3)
    1 destination range, total size 0x4c6d:
          0x200004a4  0x4c6d

Copy/lz77 (__iar_lz77_init_single3)
    1 source range, total size 0x1d2 (39% of destination):
          0x0801097e   0x1d2
    1 destination range, total size 0x4a4:
          0x20000000   0x4a4



*******************************************************************************
*** MODULE SUMMARY
***

    Module                        ro code  ro data  rw data
    ------                        -------  -------  -------
C:\GIT\RobotArm2k17\STM32F4\RobotArm\EWARM\RobotArm\Obj: [1]
    cmsis_os.o                        106
    heap_4.o                          484            15 384
    ili9341.o                         702       21       56
    list.o                            144
    main.o                          8 324      225    1 356
    port.o                            436        5       12
    portasm.o                         168
    startup_stm32f429xx.o             812
    stm32f429i_discovery.o          1 373       75      193
    stm32f429i_discovery_lcd.o      2 484   11 042      120
    stm32f429i_discovery_sdram.o      152                16
    stm32f429i_discovery_ts.o         264                16
    stm32f4xx_hal.o                   120        5       12
    stm32f4xx_hal_adc.o             1 122
    stm32f4xx_hal_cortex.o            264
    stm32f4xx_hal_crc.o                38
    stm32f4xx_hal_dma.o               996
    stm32f4xx_hal_dma2d.o             760
    stm32f4xx_hal_gpio.o              894
    stm32f4xx_hal_i2c.o             2 524
    stm32f4xx_hal_ltdc.o              732
    stm32f4xx_hal_msp.o             1 672                 4
    stm32f4xx_hal_pcd.o             2 376
    stm32f4xx_hal_pcd_ex.o             80
    stm32f4xx_hal_pwr_ex.o            112
    stm32f4xx_hal_rcc.o             1 288
    stm32f4xx_hal_rcc_ex.o            576
    stm32f4xx_hal_rng.o                48
    stm32f4xx_hal_sdram.o             156
    stm32f4xx_hal_spi.o             1 610
    stm32f4xx_hal_tim.o             1 418
    stm32f4xx_hal_tim_ex.o            142
    stm32f4xx_hal_timebase_TIM.o      128                60
    stm32f4xx_hal_uart.o              736
    stm32f4xx_it.o                     42
    stm32f4xx_ll_fmc.o                332
    stm32f4xx_ll_usb.o              2 468
    stmpe811.o                        744       15       42
    system_stm32f4xx.o                 96       10        4
    tasks.o                         1 464               300
    usb_device.o                       56               548
    usbd_cdc.o                        616      107      273
    usbd_cdc_if.o                     224        6      152
    usbd_conf.o                       768             1 008
    usbd_core.o                       640
    usbd_ctlreq.o                   1 220                 1
    usbd_desc.o                       264       20      564
    usbd_ioreq.o                      132
    -------------------------------------------------------
    Total:                         42 307   11 531   20 121

command line: [2]
    -------------------------------------------------------
    Total:

dl7M_tlf.a: [3]
    abort.o                             6
    dlmalloc.o                      5 336               496
    exit.o                              4
    heaptramp0.o                        4
    low_level_init.o                    4
    sprintf.o                          64
    xencoding_8859_1.o                 30
    xfail_s.o                          68                 4
    xgetmemchunk.o                     44                 4
    xlocale_c.o                       120       57      128
    xmbcurmax.o                        10
    xprintffull.o                   3 918
    xsprout.o                          10
    -------------------------------------------------------
    Total:                          9 618       57      632

m7M_tls.a: [4]
    DblAdd.o                          376
    DblCmpGe.o                         46
    DblCmpLe.o                         46
    DblDiv.o                          582
    DblMul.o                          418
    DblSub.o                          226
    DblToFlt.o                        104
    DblToS32.o                         58
    DblToU32.o                         40
    FltToDbl.o                         72
    S32ToDbl.o                         34
    U32ToDbl.o                         26
    acosf.o                           100
    asinf.o                            92
    atanf.o                            72
    cos_sin32.o                       480
    fpinit_M.o                         34
    frexp.o                           112
    ldexp.o                           314
    sqrtf.o                            30
    xatanf.o                          164
    -------------------------------------------------------
    Total:                          3 426

rt7M_tl.a: [5]
    ABImemcpy.o                       166
    ABImemset.o                       102
    I64DivMod.o                       558
    I64DivZer.o                         2
    cexit.o                            10
    cmain.o                            30
    cstartup_M.o                       12
    data_init.o                        40
    lz77_init_single.o                122
    memchr.o                           88
    strchr.o                           22
    strlen.o                           54
    strncpy.o                         112
    zero_init3.o                       64
    -------------------------------------------------------
    Total:                          1 382

shb_l.a: [6]
    exit.o                             20
    -------------------------------------------------------
    Total:                             20

    Gaps                               57        2
    Linker created                              32    5 632
-----------------------------------------------------------
    Grand Total:                   56 810   11 622   26 385


*******************************************************************************
*** ENTRY LIST
***

Entry                      Address    Size  Type      Object
-----                      -------    ----  ----      ------
.iar.init_table$$Base   0x08010790           --   Gb  - Linker created -
.iar.init_table$$Limit  0x080107b0           --   Gb  - Linker created -
?main                   0x080107b1          Code  Gb  cmain.o [5]
ADC_Buf                 0x20004d38     0xc  Data  Lc  main.o [1]
ADC_DMAConvCplt         0x08006821    0x5a  Code  Lc  stm32f4xx_hal_adc.o [1]
ADC_DMAError            0x08006885    0x12  Code  Lc  stm32f4xx_hal_adc.o [1]
ADC_DMAHalfConvCplt     0x0800687d     0x6  Code  Lc  stm32f4xx_hal_adc.o [1]
ADC_Init                0x080066eb   0x118  Code  Lc  stm32f4xx_hal_adc.o [1]
AHBPrescTable           0x08010670    0x10  Data  Gb  system_stm32f4xx.o [1]
APBPrescTable           0x08010800     0x8  Data  Gb  system_stm32f4xx.o [1]
ActiveLayer             0x20000278     0x4  Data  Lc  stm32f429i_discovery_lcd.o [1]
BSP_LCD_Clear           0x08005a6f    0x30  Code  Gb  stm32f429i_discovery_lcd.o [1]
BSP_LCD_DisplayChar     0x08005a9f    0x32  Code  Gb  stm32f429i_discovery_lcd.o [1]
BSP_LCD_DisplayStringAt
                        0x08005ad1    0xc4  Code  Gb  stm32f429i_discovery_lcd.o [1]
BSP_LCD_DrawCircle      0x08005d25   0x12e  Code  Gb  stm32f429i_discovery_lcd.o [1]
BSP_LCD_DrawHLine       0x08005b95    0x40  Code  Gb  stm32f429i_discovery_lcd.o [1]
BSP_LCD_DrawLine        0x08005c23    0xce  Code  Gb  stm32f429i_discovery_lcd.o [1]
BSP_LCD_DrawPixel       0x080061cd    0x26  Code  Gb  stm32f429i_discovery_lcd.o [1]
BSP_LCD_DrawRect        0x08005cf1    0x34  Code  Gb  stm32f429i_discovery_lcd.o [1]
BSP_LCD_DrawVLine       0x08005bd5    0x4e  Code  Gb  stm32f429i_discovery_lcd.o [1]
BSP_LCD_FillCircle      0x08005eab    0xca  Code  Gb  stm32f429i_discovery_lcd.o [1]
BSP_LCD_FillPolygon     0x0800604b   0x182  Code  Gb  stm32f429i_discovery_lcd.o [1]
BSP_LCD_FillRect        0x08005e53    0x58  Code  Gb  stm32f429i_discovery_lcd.o [1]
BSP_LCD_FillTriangle    0x08005f75    0xd6  Code  Gb  stm32f429i_discovery_lcd.o [1]
BSP_LCD_GetXSize        0x080059a1     0xa  Code  Gb  stm32f429i_discovery_lcd.o [1]
BSP_LCD_GetYSize        0x080059ab     0xa  Code  Gb  stm32f429i_discovery_lcd.o [1]
BSP_LCD_Init            0x0800597d    0x24  Code  Gb  stm32f429i_discovery_lcd.o [1]
BSP_LCD_LayerDefaultInit
                        0x080059b5    0x7e  Code  Gb  stm32f429i_discovery_lcd.o [1]
BSP_LCD_SelectLayer     0x08005a33     0x8  Code  Gb  stm32f429i_discovery_lcd.o [1]
BSP_LCD_SetBackColor    0x08005a4b    0x12  Code  Gb  stm32f429i_discovery_lcd.o [1]
BSP_LCD_SetFont         0x08005a5d    0x12  Code  Gb  stm32f429i_discovery_lcd.o [1]
BSP_LCD_SetTextColor    0x08005a3b    0x10  Code  Gb  stm32f429i_discovery_lcd.o [1]
BSP_LED_On              0x08005415    0x16  Code  Gb  stm32f429i_discovery.o [1]
BSP_LED_Toggle          0x0800542b    0x14  Code  Gb  stm32f429i_discovery.o [1]
BSP_PB_GetState         0x080054cf    0x14  Code  Gb  stm32f429i_discovery.o [1]
BSP_PB_Init             0x0800543f    0x90  Code  Gb  stm32f429i_discovery.o [1]
BSP_SDRAM_Initialization_sequence
                        0x0800a2dd    0x90  Code  Gb  stm32f429i_discovery_sdram.o [1]
BSP_TS_GetState         0x08006367    0xca  Code  Gb  stm32f429i_discovery_ts.o [1]
BSP_TS_GetState::_x     0x200050cc     0x4  Data  Lc  stm32f429i_discovery_ts.o [1]
BSP_TS_GetState::_y     0x200050d0     0x4  Data  Lc  stm32f429i_discovery_ts.o [1]
BSP_TS_Init             0x08006331    0x36  Code  Gb  stm32f429i_discovery_ts.o [1]
BUTTON_IRQn             0x08005970     0x1  Data  Gb  stm32f429i_discovery.o [1]
BUTTON_PIN              0x0800596c     0x2  Data  Gb  stm32f429i_discovery.o [1]
BUTTON_PORT             0x200001a8     0x4  Data  Gb  stm32f429i_discovery.o [1]
CDC_Control_HS          0x0800a017    0x4c  Code  Lc  usbd_cdc_if.o [1]
CDC_DeInit_HS           0x0800a013     0x4  Code  Lc  usbd_cdc_if.o [1]
CDC_Init_HS             0x08009ff5    0x1e  Code  Lc  usbd_cdc_if.o [1]
CDC_Receive_HS          0x0800a063    0x36  Code  Lc  usbd_cdc_if.o [1]
CDC_Transmit_HS         0x0800a099    0x28  Code  Gb  usbd_cdc_if.o [1]
CSTACK$$Base            0x20005118           --   Gb  - Linker created -
CSTACK$$Limit           0x20005718           --   Gb  - Linker created -
CacheMore               0x0800e84d    0x24  Code  Lc  xlocale_c.o [3]
Command                 0x200050b4    0x10  Data  Lc  stm32f429i_discovery_sdram.o [1]
DMA2D_SetConfig         0x080074f5    0x98  Code  Lc  stm32f4xx_hal_dma2d.o [1]
DMA2_Stream4_IRQHandler
                        0x08010723     0x6  Code  Gb  stm32f4xx_it.o [1]
DMA_CalcBaseAndBitshift
                        0x0800a6b3    0x28  Code  Lc  stm32f4xx_hal_dma.o [1]
DMA_CalcBaseAndBitshift::flagBitshiftOffset
                        0x0800a750     0x8  Data  Lc  stm32f4xx_hal_dma.o [1]
DMA_CheckFifoParam      0x0800a6dd    0x72  Code  Lc  stm32f4xx_hal_dma.o [1]
DMA_SetConfig           0x0800a689    0x2a  Code  Lc  stm32f4xx_hal_dma.o [1]
Dma2dHandler            0x20004f40    0x40  Data  Lc  stm32f429i_discovery_lcd.o [1]
DrawChar                0x08006201    0xca  Code  Lc  stm32f429i_discovery_lcd.o [1]
DrawProp                0x20000260    0x18  Data  Lc  stm32f429i_discovery_lcd.o [1]
EXTI0_IRQHandler        0x0801073d     0x6  Code  Gb  stm32f4xx_it.o [1]
FMC_Initialized         0x20005100     0x4  Data  Lc  stm32f4xx_hal_msp.o [1]
FMC_SDRAM_Init          0x0800b105    0x74  Code  Gb  stm32f4xx_ll_fmc.o [1]
FMC_SDRAM_ProgramRefreshRate
                        0x0800b245     0xc  Code  Gb  stm32f4xx_ll_fmc.o [1]
FMC_SDRAM_SendCommand   0x0800b1f9    0x4c  Code  Gb  stm32f4xx_ll_fmc.o [1]
FMC_SDRAM_Timing_Init   0x0800b179    0x7a  Code  Gb  stm32f4xx_ll_fmc.o [1]
FillBuffer              0x080062cb    0x58  Code  Lc  stm32f429i_discovery_lcd.o [1]
Font12                  0x20000290     0x8  Data  Gb  stm32f429i_discovery_lcd.o [1]
Font12_Table            0x08002844   0x474  Data  Gb  stm32f429i_discovery_lcd.o [1]
Font16                  0x20000288     0x8  Data  Gb  stm32f429i_discovery_lcd.o [1]
Font16_Table            0x08001c64   0xbe0  Data  Gb  stm32f429i_discovery_lcd.o [1]
Font24                  0x20000280     0x8  Data  Gb  stm32f429i_discovery_lcd.o [1]
Font24_Table            0x080001ac  0x1ab8  Data  Gb  stm32f429i_discovery_lcd.o [1]
GPIO_PIN                0x08005968     0x4  Data  Gb  stm32f429i_discovery.o [1]
GPIO_PORT               0x200001a0     0x8  Data  Gb  stm32f429i_discovery.o [1]
HAL_ADC_ConfigChannel   0x0800659d   0x14e  Code  Gb  stm32f4xx_hal_adc.o [1]
HAL_ADC_ConvCpltCallback
                        0x08002cb9    0x1c  Code  Gb  main.o [1]
HAL_ADC_Init            0x08006439    0x58  Code  Gb  stm32f4xx_hal_adc.o [1]
HAL_ADC_MspInit         0x08008921    0x8c  Code  Gb  stm32f4xx_hal_msp.o [1]
HAL_ADC_Start_DMA       0x08006491   0x10c  Code  Gb  stm32f4xx_hal_adc.o [1]
HAL_CRC_Init            0x0800726d    0x26  Code  Gb  stm32f4xx_hal_crc.o [1]
HAL_CRC_MspInit         0x080089ad    0x2a  Code  Gb  stm32f4xx_hal_msp.o [1]
HAL_DMA2D_ConfigLayer   0x08007453    0x9e  Code  Gb  stm32f4xx_hal_dma2d.o [1]
HAL_DMA2D_Init          0x08007295    0x58  Code  Gb  stm32f4xx_hal_dma2d.o [1]
HAL_DMA2D_MspInit       0x080089d7    0x2a  Code  Gb  stm32f4xx_hal_msp.o [1]
HAL_DMA2D_PollForTransfer
                        0x0800731f   0x134  Code  Gb  stm32f4xx_hal_dma2d.o [1]
HAL_DMA2D_Start         0x080072ed    0x32  Code  Gb  stm32f4xx_hal_dma2d.o [1]
HAL_DMA_IRQHandler      0x0800a4ad   0x1d2  Code  Gb  stm32f4xx_hal_dma.o [1]
HAL_DMA_Init            0x0800a375    0xc8  Code  Gb  stm32f4xx_hal_dma.o [1]
HAL_DMA_Start_IT        0x0800a43d    0x70  Code  Gb  stm32f4xx_hal_dma.o [1]
HAL_Delay               0x0800a2b5    0x28  Code  Wk  stm32f4xx_hal.o [1]
HAL_FMC_MspInit         0x08008dc3    0xde  Code  Lc  stm32f4xx_hal_msp.o [1]
HAL_GPIO_DeInit         0x0800948b   0x140  Code  Gb  stm32f4xx_hal_gpio.o [1]
HAL_GPIO_EXTI_IRQHandler
                        0x080095f5    0x12  Code  Gb  stm32f4xx_hal_gpio.o [1]
HAL_GPIO_Init           0x080092c5   0x1c6  Code  Gb  stm32f4xx_hal_gpio.o [1]
HAL_GPIO_ReadPin        0x080095cb    0x10  Code  Gb  stm32f4xx_hal_gpio.o [1]
HAL_GPIO_TogglePin      0x080095ed     0x8  Code  Gb  stm32f4xx_hal_gpio.o [1]
HAL_GPIO_WritePin       0x080095db    0x12  Code  Gb  stm32f4xx_hal_gpio.o [1]
HAL_GetTick             0x0800aec9     0xc  Code  Wk  stm32f4xx_hal.o [1]
HAL_I2C_DeInit          0x08007683    0x30  Code  Gb  stm32f4xx_hal_i2c.o [1]
HAL_I2C_GetState        0x08007aed     0x6  Code  Gb  stm32f4xx_hal_i2c.o [1]
HAL_I2C_Init            0x0800758d    0xf6  Code  Gb  stm32f4xx_hal_i2c.o [1]
HAL_I2C_Mem_Read        0x0800781d   0x2c8  Code  Gb  stm32f4xx_hal_i2c.o [1]
HAL_I2C_Mem_Write       0x080076bd   0x160  Code  Gb  stm32f4xx_hal_i2c.o [1]
HAL_I2C_MspDeInit       0x08008a6f    0x36  Code  Gb  stm32f4xx_hal_msp.o [1]
HAL_I2C_MspInit         0x08008a01    0x6e  Code  Gb  stm32f4xx_hal_msp.o [1]
HAL_IncTick             0x0800a219    0x10  Code  Wk  stm32f4xx_hal.o [1]
HAL_Init                0x08004d3d    0x30  Code  Gb  stm32f4xx_hal.o [1]
HAL_InitTick            0x0800a229    0x6e  Code  Gb  stm32f4xx_hal_timebase_TIM.o [1]
HAL_LTDC_ConfigLayer    0x08008053    0x44  Code  Gb  stm32f4xx_hal_ltdc.o [1]
HAL_LTDC_EnableDither   0x08008097    0x2c  Code  Gb  stm32f4xx_hal_ltdc.o [1]
HAL_LTDC_Init           0x08007f69    0xea  Code  Gb  stm32f4xx_hal_ltdc.o [1]
HAL_LTDC_MspInit        0x08008aa5   0x11a  Code  Gb  stm32f4xx_hal_msp.o [1]
HAL_MspInit             0x080088c1    0x60  Code  Gb  stm32f4xx_hal_msp.o [1]
HAL_NVIC_EnableIRQ      0x08007237     0x2  Code  Gb  stm32f4xx_hal_cortex.o [1]
HAL_NVIC_SetPriority    0x08007219    0x1e  Code  Gb  stm32f4xx_hal_cortex.o [1]
HAL_NVIC_SetPriorityGrouping
                        0x08007217     0x2  Code  Gb  stm32f4xx_hal_cortex.o [1]
HAL_PCDEx_SetRxFiFo     0x0800f57d     0x8  Code  Gb  stm32f4xx_hal_pcd_ex.o [1]
HAL_PCDEx_SetTxFiFo     0x0800f535    0x48  Code  Gb  stm32f4xx_hal_pcd_ex.o [1]
HAL_PCD_ConnectCallback
                        0x0800cc31     0x8  Code  Gb  usbd_conf.o [1]
HAL_PCD_DataInStageCallback
                        0x0800cbb1    0x12  Code  Gb  usbd_conf.o [1]
HAL_PCD_DataOutStageCallback
                        0x0800cb9d    0x14  Code  Gb  usbd_conf.o [1]
HAL_PCD_DisconnectCallback
                        0x0800cc39     0x8  Code  Gb  usbd_conf.o [1]
HAL_PCD_EP_Close        0x0800f2dd    0x48  Code  Gb  stm32f4xx_hal_pcd.o [1]
HAL_PCD_EP_ClrStall     0x0800f42b    0x54  Code  Gb  stm32f4xx_hal_pcd.o [1]
HAL_PCD_EP_GetRxCount   0x0800f36b    0x14  Code  Gb  stm32f4xx_hal_pcd.o [1]
HAL_PCD_EP_Open         0x0800f27d    0x60  Code  Gb  stm32f4xx_hal_pcd.o [1]
HAL_PCD_EP_Receive      0x0800f325    0x46  Code  Gb  stm32f4xx_hal_pcd.o [1]
HAL_PCD_EP_SetStall     0x0800f3c5    0x66  Code  Gb  stm32f4xx_hal_pcd.o [1]
HAL_PCD_EP_Transmit     0x0800f37f    0x46  Code  Gb  stm32f4xx_hal_pcd.o [1]
HAL_PCD_IRQHandler      0x0800ecd1   0x53e  Code  Gb  stm32f4xx_hal_pcd.o [1]
HAL_PCD_ISOINIncompleteCallback
                        0x0800cc29     0x8  Code  Gb  usbd_conf.o [1]
HAL_PCD_ISOOUTIncompleteCallback
                        0x0800cc21     0x8  Code  Gb  usbd_conf.o [1]
HAL_PCD_Init            0x0800ebed    0xba  Code  Gb  stm32f4xx_hal_pcd.o [1]
HAL_PCD_MspInit         0x0800cb25    0x6c  Code  Gb  usbd_conf.o [1]
HAL_PCD_ResetCallback   0x0800cbcb    0x22  Code  Gb  usbd_conf.o [1]
HAL_PCD_ResumeCallback  0x0800cc19     0x8  Code  Gb  usbd_conf.o [1]
HAL_PCD_SOFCallback     0x0800cbc3     0x8  Code  Gb  usbd_conf.o [1]
HAL_PCD_SetAddress      0x0800f259    0x24  Code  Gb  stm32f4xx_hal_pcd.o [1]
HAL_PCD_SetupStageCallback
                        0x0800cb91     0xc  Code  Gb  usbd_conf.o [1]
HAL_PCD_Start           0x0800eca7    0x2a  Code  Gb  stm32f4xx_hal_pcd.o [1]
HAL_PCD_SuspendCallback
                        0x0800cbed    0x2c  Code  Gb  usbd_conf.o [1]
HAL_PWREx_EnableOverDrive
                        0x08006cc1    0x64  Code  Gb  stm32f4xx_hal_pwr_ex.o [1]
HAL_RCCEx_PeriphCLKConfig
                        0x08006f25   0x222  Code  Gb  stm32f4xx_hal_rcc_ex.o [1]
HAL_RCC_ClockConfig     0x08006d31   0x110  Code  Gb  stm32f4xx_hal_rcc.o [1]
HAL_RCC_GetClockConfig  0x08006e73    0x34  Code  Gb  stm32f4xx_hal_rcc.o [1]
HAL_RCC_GetHCLKFreq     0x08006e41     0x6  Code  Gb  stm32f4xx_hal_rcc.o [1]
HAL_RCC_GetPCLK1Freq    0x08006e47    0x16  Code  Gb  stm32f4xx_hal_rcc.o [1]
HAL_RCC_GetPCLK2Freq    0x08006e5d    0x16  Code  Gb  stm32f4xx_hal_rcc.o [1]
HAL_RCC_OscConfig       0x080069ad   0x314  Code  Wk  stm32f4xx_hal_rcc.o [1]
HAL_RNG_Init            0x08008245    0x30  Code  Gb  stm32f4xx_hal_rng.o [1]
HAL_RNG_MspInit         0x08008bbf    0x2a  Code  Gb  stm32f4xx_hal_msp.o [1]
HAL_SDRAM_Init          0x08009229    0x40  Code  Gb  stm32f4xx_hal_sdram.o [1]
HAL_SDRAM_MspInit       0x08008ea1     0x2  Code  Gb  stm32f4xx_hal_msp.o [1]
HAL_SDRAM_ProgramRefreshRate
                        0x0800929f    0x26  Code  Gb  stm32f4xx_hal_sdram.o [1]
HAL_SDRAM_SendCommand   0x08009269    0x36  Code  Gb  stm32f4xx_hal_sdram.o [1]
HAL_SPI_DeInit          0x080082f5    0x2a  Code  Gb  stm32f4xx_hal_spi.o [1]
HAL_SPI_GetState        0x080087fd     0x6  Code  Gb  stm32f4xx_hal_spi.o [1]
HAL_SPI_Init            0x08008275    0x80  Code  Gb  stm32f4xx_hal_spi.o [1]
HAL_SPI_MspDeInit       0x08008c35    0x20  Code  Gb  stm32f4xx_hal_msp.o [1]
HAL_SPI_MspInit         0x08008be9    0x4c  Code  Gb  stm32f4xx_hal_msp.o [1]
HAL_SPI_Receive         0x080084d3   0x14a  Code  Gb  stm32f4xx_hal_spi.o [1]
HAL_SPI_Transmit        0x0800831f   0x1b4  Code  Gb  stm32f4xx_hal_spi.o [1]
HAL_SPI_TransmitReceive
                        0x0800861d   0x1e0  Code  Gb  stm32f4xx_hal_spi.o [1]
HAL_SYSTICK_CLKSourceConfig
                        0x0800723b    0x18  Code  Gb  stm32f4xx_hal_cortex.o [1]
HAL_SYSTICK_Config      0x08007239     0x2  Code  Gb  stm32f4xx_hal_cortex.o [1]
HAL_TIMEx_BreakCallback
                        0x0800a2af     0x2  Code  Wk  stm32f4xx_hal_tim_ex.o [1]
HAL_TIMEx_CommutationCallback
                        0x0800a2b3     0x2  Code  Wk  stm32f4xx_hal_tim_ex.o [1]
HAL_TIMEx_MasterConfigSynchronization
                        0x08005391    0x4c  Code  Gb  stm32f4xx_hal_tim_ex.o [1]
HAL_TIMEx_PWMN_Start    0x0800536d    0x24  Code  Gb  stm32f4xx_hal_tim_ex.o [1]
HAL_TIM_Base_Init       0x08004d71    0x32  Code  Gb  stm32f4xx_hal_tim.o [1]
HAL_TIM_Base_Start_IT   0x08004da3    0x18  Code  Gb  stm32f4xx_hal_tim.o [1]
HAL_TIM_IRQHandler      0x08004e35   0x152  Code  Gb  stm32f4xx_hal_tim.o [1]
HAL_TIM_MspPostInit     0x08008cbb    0xa4  Code  Gb  stm32f4xx_hal_msp.o [1]
HAL_TIM_PWM_ConfigChannel
                        0x08004f87    0xd2  Code  Gb  stm32f4xx_hal_tim.o [1]
HAL_TIM_PWM_Init        0x08004dbb    0x32  Code  Gb  stm32f4xx_hal_tim.o [1]
HAL_TIM_PWM_MspInit     0x08008c55    0x66  Code  Gb  stm32f4xx_hal_msp.o [1]
HAL_TIM_PWM_Start       0x08004ded    0x3e  Code  Gb  stm32f4xx_hal_tim.o [1]
HAL_TIM_PeriodElapsedCallback
                        0x08004c5d     0xe  Code  Gb  main.o [1]
HAL_UART_Init           0x08008f49    0x5e  Code  Gb  stm32f4xx_hal_uart.o [1]
HAL_UART_MspInit        0x08008d5f    0x64  Code  Gb  stm32f4xx_hal_msp.o [1]
HEAP$$Base              0x20005718           --   Gb  - Linker created -
HEAP$$Limit             0x20006718           --   Gb  - Linker created -
HS_Desc                 0x200003f0    0x1c  Data  Gb  usbd_desc.o [1]
I2C_IsAcknowledgeFailed
                        0x08007f3f    0x2a  Code  Lc  stm32f4xx_hal_i2c.o [1]
I2C_RequestMemoryRead   0x08007bcb   0x154  Code  Lc  stm32f4xx_hal_i2c.o [1]
I2C_RequestMemoryWrite  0x08007af9    0xd2  Code  Lc  stm32f4xx_hal_i2c.o [1]
I2C_WaitOnBTFFlagUntilTimeout
                        0x08007e91    0x52  Code  Lc  stm32f4xx_hal_i2c.o [1]
I2C_WaitOnFlagUntilTimeout
                        0x08007d25    0x80  Code  Lc  stm32f4xx_hal_i2c.o [1]
I2C_WaitOnMasterAddressFlagUntilTimeout
                        0x08007da5    0x9a  Code  Lc  stm32f4xx_hal_i2c.o [1]
I2C_WaitOnRXNEFlagUntilTimeout
                        0x08007ee3    0x5c  Code  Lc  stm32f4xx_hal_i2c.o [1]
I2C_WaitOnTXEFlagUntilTimeout
                        0x08007e3f    0x52  Code  Lc  stm32f4xx_hal_i2c.o [1]
I2Cx_Error              0x080056b9    0x10  Code  Lc  stm32f429i_discovery.o [1]
I2Cx_ITConfig           0x080055e1    0x50  Code  Lc  stm32f429i_discovery.o [1]
I2Cx_Init               0x0800559d    0x44  Code  Lc  stm32f429i_discovery.o [1]
I2Cx_MspInit            0x080054e3    0xba  Code  Lc  stm32f429i_discovery.o [1]
I2Cx_ReadBuffer         0x0800568f    0x2a  Code  Lc  stm32f429i_discovery.o [1]
I2Cx_ReadData           0x0800565b    0x34  Code  Lc  stm32f429i_discovery.o [1]
I2Cx_WriteData          0x08005631    0x2a  Code  Lc  stm32f429i_discovery.o [1]
I2cHandle               0x200001ac    0x54  Data  Gb  stm32f429i_discovery.o [1]
I2cxTimeout             0x20000200     0x4  Data  Gb  stm32f429i_discovery.o [1]
IOE_Delay               0x08005923     0x4  Code  Gb  stm32f429i_discovery.o [1]
IOE_ITConfig            0x0800591b     0x2  Code  Gb  stm32f429i_discovery.o [1]
IOE_Init                0x08005919     0x2  Code  Gb  stm32f429i_discovery.o [1]
IOE_Read                0x0800591f     0x2  Code  Gb  stm32f429i_discovery.o [1]
IOE_ReadMultiple        0x08005921     0x2  Code  Gb  stm32f429i_discovery.o [1]
IOE_Write               0x0800591d     0x2  Code  Gb  stm32f429i_discovery.o [1]
Is_LCD_IO_Initialized   0x2000510e     0x1  Data  Lc  stm32f429i_discovery.o [1]
LCD_Delay               0x08005915     0x4  Code  Gb  stm32f429i_discovery.o [1]
LCD_IO_Init             0x080057ab    0xc2  Code  Gb  stm32f429i_discovery.o [1]
LCD_IO_ReadData         0x080058cd    0x48  Code  Gb  stm32f429i_discovery.o [1]
LCD_IO_WriteData        0x0800586d    0x30  Code  Gb  stm32f429i_discovery.o [1]
LCD_IO_WriteReg         0x0800589d    0x30  Code  Gb  stm32f429i_discovery.o [1]
LTDC_SetConfig          0x080080c3   0x174  Code  Lc  stm32f4xx_hal_ltdc.o [1]
LcdDrv                  0x2000027c     0x4  Data  Gb  stm32f429i_discovery_lcd.o [1]
LoadInt                 0x0800b9ab    0x7a  Code  Lc  xprintffull.o [3]
MX_ADC1_Init            0x0800303d    0xb2  Code  Lc  main.o [1]
MX_CRC_Init             0x080030ef    0x26  Code  Lc  main.o [1]
MX_DMA2D_Init           0x08003115    0x52  Code  Lc  main.o [1]
MX_DMA_Init             0x080034d5    0x30  Code  Lc  main.o [1]
MX_FMC_Init             0x08003505    0x70  Code  Lc  main.o [1]
MX_GPIO_Init            0x080035a5   0x1ae  Code  Lc  main.o [1]
MX_I2C3_Init            0x08003167    0x42  Code  Lc  main.o [1]
MX_LTDC_Init            0x080031a9    0xbe  Code  Lc  main.o [1]
MX_RNG_Init             0x08003267    0x26  Code  Lc  main.o [1]
MX_SPI5_Init            0x0800328d    0x4a  Code  Lc  main.o [1]
MX_TIM2_Init            0x080032d7    0x9e  Code  Lc  main.o [1]
MX_TIM3_Init            0x08003375    0x9e  Code  Lc  main.o [1]
MX_TIM4_Init            0x08003413    0x84  Code  Lc  main.o [1]
MX_UART5_Init           0x08003497    0x3e  Code  Lc  main.o [1]
MX_USB_DEVICE_Init      0x08009f7d    0x38  Code  Gb  usb_device.o [1]
NVIC_EnableIRQ          0x08007189    0x12  Code  Lc  stm32f4xx_hal_cortex.o [1]
NVIC_EncodePriority     0x080071b9    0x36  Code  Lc  stm32f4xx_hal_cortex.o [1]
NVIC_GetPriorityGrouping
                        0x0800717f     0xa  Code  Lc  stm32f4xx_hal_cortex.o [1]
NVIC_SetPriority        0x0800719b    0x1e  Code  Lc  stm32f4xx_hal_cortex.o [1]
NVIC_SetPriorityGrouping
                        0x08007165    0x1a  Code  Lc  stm32f4xx_hal_cortex.o [1]
OTG_HS_IRQHandler       0x08010729     0x6  Code  Gb  stm32f4xx_it.o [1]
PCD_WriteEmptyTxFifo    0x0800f47f    0xb6  Code  Lc  stm32f4xx_hal_pcd.o [1]
PendSV_Handler          0x0800ca79          Code  Gb  portasm.o [1]
Region$$Table$$Base     0x08010790           --   Gb  - Linker created -
Region$$Table$$Limit    0x080107b0           --   Gb  - Linker created -
SPI_CheckFlag_BSY       0x0800889b    0x24  Code  Lc  stm32f4xx_hal_spi.o [1]
SPI_WaitFlagStateUntilTimeout
                        0x08008803    0x98  Code  Lc  stm32f4xx_hal_spi.o [1]
SPIx_Error              0x0800574b     0xe  Code  Lc  stm32f429i_discovery.o [1]
SPIx_Init               0x080056c9    0x50  Code  Lc  stm32f429i_discovery.o [1]
SPIx_MspInit            0x08005759    0x52  Code  Lc  stm32f429i_discovery.o [1]
SPIx_Read               0x08005719    0x1a  Code  Lc  stm32f429i_discovery.o [1]
SPIx_Write              0x08005733    0x18  Code  Lc  stm32f429i_discovery.o [1]
SVC_Handler             0x0800cad1          Code  Gb  portasm.o [1]
SizeofCharArray         0x08003c15    0x12  Code  Gb  main.o [1]
SpiHandle               0x20000204    0x58  Data  Lc  stm32f429i_discovery.o [1]
SpixTimeout             0x2000025c     0x4  Data  Gb  stm32f429i_discovery.o [1]
StartCommTask           0x08003c39   0x68a  Code  Gb  main.o [1]
StartCommTask::finalJointAngles
                        0x20000120     0x8  Data  Lc  main.o [1]
StartCommTask::finalJointAngles3Axis
                        0x20000128     0xc  Data  Lc  main.o [1]
StartCommTask::gripperValue
                        0x20000150     0x2  Data  Lc  main.o [1]
StartCommTask::numberOfSteps
                        0x20000170     0x4  Data  Lc  main.o [1]
StartCommTask::targetStepSizeVar
                        0x2000016c     0x4  Data  Lc  main.o [1]
StartCommTask::turnValue
                        0x2000014a     0x2  Data  Lc  main.o [1]
StartCommTask::xAxisCm  0x20000160     0x4  Data  Lc  main.o [1]
StartCommTask::xAxisValue
                        0x20000152     0x2  Data  Lc  main.o [1]
StartCommTask::xPosValue
                        0x2000014c     0x2  Data  Lc  main.o [1]
StartCommTask::xPoscm   0x20000158     0x4  Data  Lc  main.o [1]
StartCommTask::yAxisCm  0x20000164     0x4  Data  Lc  main.o [1]
StartCommTask::yAxisValue
                        0x20000154     0x2  Data  Lc  main.o [1]
StartCommTask::yPosValue
                        0x2000014e     0x2  Data  Lc  main.o [1]
StartCommTask::yPoscm   0x2000015c     0x4  Data  Lc  main.o [1]
StartCommTask::zAxisCm  0x20000168     0x4  Data  Lc  main.o [1]
StartCommTask::zAxisValue
                        0x20000156     0x2  Data  Lc  main.o [1]
StartControlTask        0x08004335   0x38a  Code  Gb  main.o [1]
StartDefaultTask        0x08003c27    0x10  Code  Gb  main.o [1]
StartOldGraphicsTask    0x08004885   0x3d4  Code  Gb  main.o [1]
StartSensorTask         0x08004329     0xa  Code  Gb  main.o [1]
StartServoRampTask      0x080046e9   0x162  Code  Gb  main.o [1]
StartTsTask             0x0800484b    0x20  Code  Gb  main.o [1]
StartTsTask::x          0x200050f0     0x4  Data  Lc  main.o [1]
StartTsTask::y          0x200050f4     0x4  Data  Lc  main.o [1]
SysTick_Config          0x080071ef    0x28  Code  Lc  stm32f4xx_hal_cortex.o [1]
SysTick_Handler         0x08010719     0x4  Code  Gb  stm32f4xx_it.o [1]
SystemClock_Config      0x08002f3d   0x100  Code  Gb  main.o [1]
SystemCoreClock         0x200002cc     0x4  Data  Gb  system_stm32f4xx.o [1]
SystemInit              0x08010621    0x3a  Code  Gb  system_stm32f4xx.o [1]
TIM6_DAC_IRQHandler     0x0801071d     0x6  Code  Gb  stm32f4xx_it.o [1]
TIM_Base_SetConfig      0x08005059    0xda  Code  Gb  stm32f4xx_hal_tim.o [1]
TIM_CCxChannelCmd       0x08005199    0x1a  Code  Gb  stm32f4xx_hal_tim.o [1]
TIM_CCxNChannelCmd      0x080053dd    0x1a  Code  Lc  stm32f4xx_hal_tim_ex.o [1]
TIM_OC1_SetConfig       0x080051b5    0x5c  Code  Lc  stm32f4xx_hal_tim.o [1]
TIM_OC2_SetConfig       0x08005133    0x64  Code  Gb  stm32f4xx_hal_tim.o [1]
TIM_OC3_SetConfig       0x08005211    0x62  Code  Lc  stm32f4xx_hal_tim.o [1]
TIM_OC4_SetConfig       0x08005273    0x52  Code  Lc  stm32f4xx_hal_tim.o [1]
TsDrv                   0x200050c8     0x4  Data  Lc  stm32f429i_discovery_ts.o [1]
TsXBoundary             0x200050c4     0x2  Data  Lc  stm32f429i_discovery_ts.o [1]
TsYBoundary             0x200050c6     0x2  Data  Lc  stm32f429i_discovery_ts.o [1]
UART_SetConfig          0x08008fa7   0x274  Code  Lc  stm32f4xx_hal_uart.o [1]
USBD_CDC                0x200002dc    0x38  Data  Gb  usbd_cdc.o [1]
USBD_CDC_CfgFSDesc      0x20000358    0x44  Data  Gb  usbd_cdc.o [1]
USBD_CDC_CfgHSDesc      0x20000314    0x44  Data  Gb  usbd_cdc.o [1]
USBD_CDC_DataIn         0x0800b6b5    0x16  Code  Lc  usbd_cdc.o [1]
USBD_CDC_DataOut        0x0800b6cb    0x2c  Code  Lc  usbd_cdc.o [1]
USBD_CDC_DeInit         0x0800b60f    0x38  Code  Lc  usbd_cdc.o [1]
USBD_CDC_DeviceQualifierDesc
                        0x200002d0     0xc  Data  Lc  usbd_cdc.o [1]
USBD_CDC_EP0_RxReady    0x0800b6f7    0x26  Code  Lc  usbd_cdc.o [1]
USBD_CDC_GetDeviceQualifierDescriptor
                        0x0800b735     0x8  Code  Gb  usbd_cdc.o [1]
USBD_CDC_GetFSCfgDesc   0x0800b71d     0x8  Code  Lc  usbd_cdc.o [1]
USBD_CDC_GetHSCfgDesc   0x0800b725     0x8  Code  Lc  usbd_cdc.o [1]
USBD_CDC_GetOtherSpeedCfgDesc
                        0x0800b72d     0x8  Code  Lc  usbd_cdc.o [1]
USBD_CDC_Init           0x0800b575    0x9a  Code  Lc  usbd_cdc.o [1]
USBD_CDC_OtherSpeedCfgDesc
                        0x2000039c    0x44  Data  Gb  usbd_cdc.o [1]
USBD_CDC_ReceivePacket  0x0800b7ad    0x30  Code  Gb  usbd_cdc.o [1]
USBD_CDC_RegisterInterface
                        0x0800b751    0x10  Code  Gb  usbd_cdc.o [1]
USBD_CDC_SetRxBuffer    0x0800b771     0xc  Code  Gb  usbd_cdc.o [1]
USBD_CDC_SetTxBuffer    0x0800b761    0x10  Code  Gb  usbd_cdc.o [1]
USBD_CDC_Setup          0x0800b647    0x6e  Code  Lc  usbd_cdc.o [1]
USBD_CDC_Setup::ifalt   0x2000510f     0x1  Data  Lc  usbd_cdc.o [1]
USBD_CDC_TransmitPacket
                        0x0800b77d    0x30  Code  Gb  usbd_cdc.o [1]
USBD_ClrClassConfig     0x0800b35b     0xe  Code  Gb  usbd_core.o [1]
USBD_ClrFeature         0x0800d225    0x36  Code  Lc  usbd_ctlreq.o [1]
USBD_CtlContinueRx      0x0800d331    0x10  Code  Gb  usbd_ioreq.o [1]
USBD_CtlContinueSendData
                        0x0800d303    0x10  Code  Gb  usbd_ioreq.o [1]
USBD_CtlError           0x0800d283    0x16  Code  Gb  usbd_ctlreq.o [1]
USBD_CtlPrepareRx       0x0800d313    0x1e  Code  Gb  usbd_ioreq.o [1]
USBD_CtlReceiveStatus   0x0800d357    0x16  Code  Gb  usbd_ioreq.o [1]
USBD_CtlSendData        0x0800d2e9    0x1a  Code  Gb  usbd_ioreq.o [1]
USBD_CtlSendStatus      0x0800d341    0x16  Code  Gb  usbd_ioreq.o [1]
USBD_GetConfig          0x0800d1ad    0x2c  Code  Lc  usbd_ctlreq.o [1]
USBD_GetDescriptor      0x0800cfbd   0x112  Code  Lc  usbd_ctlreq.o [1]
USBD_GetLen             0x0800d2d5    0x14  Code  Lc  usbd_ctlreq.o [1]
USBD_GetStatus          0x0800d1d9    0x26  Code  Lc  usbd_ctlreq.o [1]
USBD_GetString          0x0800d299    0x3c  Code  Gb  usbd_ctlreq.o [1]
USBD_HS_ConfigStrDescriptor
                        0x0801057d    0x20  Code  Gb  usbd_desc.o [1]
USBD_HS_DeviceDesc      0x2000040c    0x14  Data  Gb  usbd_desc.o [1]
USBD_HS_DeviceDescriptor
                        0x08010519     0x8  Code  Gb  usbd_desc.o [1]
USBD_HS_InterfaceStrDescriptor
                        0x0801059d    0x20  Code  Gb  usbd_desc.o [1]
USBD_HS_LangIDStrDescriptor
                        0x08010521     0x8  Code  Gb  usbd_desc.o [1]
USBD_HS_ManufacturerStrDescriptor
                        0x08010549    0x14  Code  Gb  usbd_desc.o [1]
USBD_HS_ProductStrDescriptor
                        0x08010529    0x20  Code  Gb  usbd_desc.o [1]
USBD_HS_SerialStrDescriptor
                        0x0801055d    0x20  Code  Gb  usbd_desc.o [1]
USBD_Init               0x0800b2f5    0x2c  Code  Gb  usbd_core.o [1]
USBD_Interface_fops_HS  0x200003e0    0x10  Data  Gb  usbd_cdc_if.o [1]
USBD_LL_ClearStallEP    0x0800cd47    0x1e  Code  Gb  usbd_conf.o [1]
USBD_LL_CloseEP         0x0800cd0b    0x1e  Code  Gb  usbd_conf.o [1]
USBD_LL_DataInStage     0x0800b427    0xac  Code  Gb  usbd_core.o [1]
USBD_LL_DataOutStage    0x0800b3bf    0x68  Code  Gb  usbd_core.o [1]
USBD_LL_DevConnected    0x0800b559     0x4  Code  Gb  usbd_core.o [1]
USBD_LL_DevDisconnected
                        0x0800b55d    0x18  Code  Gb  usbd_core.o [1]
USBD_LL_GetRxDataSize   0x0800cde3     0x8  Code  Gb  usbd_conf.o [1]
USBD_LL_Init            0x0800cc41    0x70  Code  Gb  usbd_conf.o [1]
USBD_LL_IsStallEP       0x0800cd65    0x24  Code  Gb  usbd_conf.o [1]
USBD_LL_IsoINIncomplete
                        0x0800b551     0x4  Code  Gb  usbd_core.o [1]
USBD_LL_IsoOUTIncomplete
                        0x0800b555     0x4  Code  Gb  usbd_core.o [1]
USBD_LL_OpenEP          0x0800cce7    0x24  Code  Gb  usbd_conf.o [1]
USBD_LL_PrepareReceive  0x0800cdc5    0x1e  Code  Gb  usbd_conf.o [1]
USBD_LL_Reset           0x0800b4d3    0x42  Code  Gb  usbd_core.o [1]
USBD_LL_Resume          0x0800b52b     0xc  Code  Gb  usbd_core.o [1]
USBD_LL_SOF             0x0800b537    0x1a  Code  Gb  usbd_core.o [1]
USBD_LL_SetSpeed        0x0800b515     0x6  Code  Gb  usbd_core.o [1]
USBD_LL_SetUSBAddress   0x0800cd89    0x1e  Code  Gb  usbd_conf.o [1]
USBD_LL_SetupStage      0x0800b369    0x56  Code  Gb  usbd_core.o [1]
USBD_LL_StallEP         0x0800cd29    0x1e  Code  Gb  usbd_conf.o [1]
USBD_LL_Start           0x0800ccc9    0x1e  Code  Gb  usbd_conf.o [1]
USBD_LL_Suspend         0x0800b51b    0x10  Code  Gb  usbd_core.o [1]
USBD_LL_Transmit        0x0800cda7    0x1e  Code  Gb  usbd_conf.o [1]
USBD_LangIDDesc         0x20000420     0x4  Data  Gb  usbd_desc.o [1]
USBD_ParseSetupRequest  0x0800d25b    0x28  Code  Gb  usbd_ctlreq.o [1]
USBD_RegisterClass      0x0800b321    0x12  Code  Gb  usbd_core.o [1]
USBD_RunTestMode        0x0800b33d     0x4  Code  Gb  usbd_core.o [1]
USBD_SetAddress         0x0800d0cf    0x48  Code  Lc  usbd_ctlreq.o [1]
USBD_SetClassConfig     0x0800b341    0x1a  Code  Gb  usbd_core.o [1]
USBD_SetConfig          0x0800d117    0x92  Code  Lc  usbd_ctlreq.o [1]
USBD_SetConfig::cfgidx  0x20005110     0x1  Data  Lc  usbd_ctlreq.o [1]
USBD_SetFeature         0x0800d1ff    0x26  Code  Lc  usbd_ctlreq.o [1]
USBD_Start              0x0800b333     0xa  Code  Gb  usbd_core.o [1]
USBD_StdDevReq          0x0800ce25    0x48  Code  Gb  usbd_ctlreq.o [1]
USBD_StdEPReq           0x0800cea3   0x118  Code  Gb  usbd_ctlreq.o [1]
USBD_StdItfReq          0x0800ce6d    0x36  Code  Gb  usbd_ctlreq.o [1]
USBD_StrDesc            0x200046d0   0x200  Data  Gb  usbd_desc.o [1]
USB_ActivateEndpoint    0x0800f835    0x82  Code  Gb  stm32f4xx_ll_usb.o [1]
USB_ActivateSetup       0x0800feb1    0x32  Code  Gb  stm32f4xx_ll_usb.o [1]
USB_CoreInit            0x0800f5b9    0x6e  Code  Gb  stm32f4xx_ll_usb.o [1]
USB_CoreReset           0x0800ff13    0x30  Code  Lc  stm32f4xx_ll_usb.o [1]
USB_DeactivateEndpoint  0x0800f8b7    0xd8  Code  Gb  stm32f4xx_ll_usb.o [1]
USB_DevConnect          0x0800fe17    0x18  Code  Gb  stm32f4xx_ll_usb.o [1]
USB_DevDisconnect       0x0800fe2f    0x18  Code  Gb  stm32f4xx_ll_usb.o [1]
USB_DevInit             0x0800f66d   0x140  Code  Gb  stm32f4xx_ll_usb.o [1]
USB_DisableGlobalInt    0x0800f633     0xc  Code  Gb  stm32f4xx_ll_usb.o [1]
USB_EP0StartXfer        0x0800fba5   0x148  Code  Gb  stm32f4xx_ll_usb.o [1]
USB_EP0_OutStart        0x0800fee3    0x30  Code  Gb  stm32f4xx_ll_usb.o [1]
USB_EPClearStall        0x0800fd95    0x66  Code  Gb  stm32f4xx_ll_usb.o [1]
USB_EPSetStall          0x0800fd37    0x5e  Code  Gb  stm32f4xx_ll_usb.o [1]
USB_EPStartXfer         0x0800f98f   0x216  Code  Gb  stm32f4xx_ll_usb.o [1]
USB_EnableGlobalInt     0x0800f627     0xc  Code  Gb  stm32f4xx_ll_usb.o [1]
USB_FlushRxFifo         0x0800f7cf    0x1e  Code  Gb  stm32f4xx_ll_usb.o [1]
USB_FlushTxFifo         0x0800f7ad    0x22  Code  Gb  stm32f4xx_ll_usb.o [1]
USB_GetDevSpeed         0x0800f7fb    0x3a  Code  Gb  stm32f4xx_ll_usb.o [1]
USB_GetMode             0x0800fea9     0x8  Code  Gb  stm32f4xx_ll_usb.o [1]
USB_ReadDevAllInEpInterrupt
                        0x0800fe61    0x10  Code  Gb  stm32f4xx_ll_usb.o [1]
USB_ReadDevAllOutEpInterrupt
                        0x0800fe51    0x10  Code  Gb  stm32f4xx_ll_usb.o [1]
USB_ReadDevInEPInterrupt
                        0x0800fe87    0x22  Code  Gb  stm32f4xx_ll_usb.o [1]
USB_ReadDevOutEPInterrupt
                        0x0800fe71    0x16  Code  Gb  stm32f4xx_ll_usb.o [1]
USB_ReadInterrupts      0x0800fe47     0xa  Code  Gb  stm32f4xx_ll_usb.o [1]
USB_ReadPacket          0x0800fd17    0x20  Code  Gb  stm32f4xx_ll_usb.o [1]
USB_SetCurrentMode      0x0800f63f    0x2e  Code  Gb  stm32f4xx_ll_usb.o [1]
USB_SetDevAddress       0x0800fdfb    0x1c  Code  Gb  stm32f4xx_ll_usb.o [1]
USB_SetDevSpeed         0x0800f7ed     0xe  Code  Gb  stm32f4xx_ll_usb.o [1]
USB_WritePacket         0x0800fced    0x2a  Code  Gb  stm32f4xx_ll_usb.o [1]
UserRxBufferHS          0x20004c7c    0x40  Data  Gb  usbd_cdc_if.o [1]
UserTxBufferHS          0x20004cbc    0x40  Data  Gb  usbd_cdc_if.o [1]
_Encoding_8859_1_Mbrlen
                        0x08005409     0x2  Code  Gb  xencoding_8859_1.o [3]
_Encoding_8859_1_Wctomb
                        0x080053f7    0x12  Code  Gb  xencoding_8859_1.o [3]
_Error_Handler          0x08004cdd     0x2  Code  Gb  main.o [1]
_GenldFull              0x0800c42b   0x250  Code  Lc  xprintffull.o [3]
_LdtobFull              0x0800c001   0x3fe  Code  Lc  xprintffull.o [3]
_LitobFull              0x0800bea9   0x112  Code  Lc  xprintffull.o [3]
_Locale_lconv           0x20000424    0x38  Data  Lc  xlocale_c.o [3]
_PrintfFull             0x0800b7dd   0x1b8  Code  Gb  xprintffull.o [3]
_PutcharsFull           0x0800c67b    0x2e  Code  Lc  xprintffull.o [3]
_PutfldFull             0x0800ba25   0x2d0  Code  Lc  xprintffull.o [3]
_PutstrFull             0x0800bdeb    0xbe  Code  Lc  xprintffull.o [3]
_PuttxtFull             0x0800bcf5    0xf6  Code  Lc  xprintffull.o [3]
_SProut                 0x08005973     0xa  Code  Gb  xsprout.o [3]
__aeabi_cdcmple         0x0800ea29          Code  Gb  DblCmpLe.o [4]
__aeabi_cdrcmple        0x0800ea59          Code  Gb  DblCmpGe.o [4]
__aeabi_d2f             0x08009a79          Code  Gb  DblToFlt.o [4]
__aeabi_d2iz            0x0800a0d5          Code  Gb  DblToS32.o [4]
__aeabi_d2uiz           0x0800ebc5          Code  Gb  DblToU32.o [4]
__aeabi_dadd            0x08009afd          Code  Gb  DblAdd.o [4]
__aeabi_ddiv            0x08009831          Code  Gb  DblDiv.o [4]
__aeabi_dmul            0x0800968d          Code  Gb  DblMul.o [4]
__aeabi_dsub            0x0800a111          Code  Gb  DblSub.o [4]
__aeabi_f2d             0x08009645          Code  Gb  FltToDbl.o [4]
__aeabi_i2d             0x0800a1f5          Code  Gb  S32ToDbl.o [4]
__aeabi_ldiv0           0x0800cb21          Code  Gb  I64DivZer.o [5]
__aeabi_memcpy          0x08006899          Code  Gb  ABImemcpy.o [5]
__aeabi_memcpy4         0x080068b9          Code  Gb  ABImemcpy.o [5]
__aeabi_memcpy8         0x080068b9          Code  Gb  ABImemcpy.o [5]
__aeabi_memset          0x0800c72d          Code  Gb  ABImemset.o [5]
__aeabi_ui2d            0x08009ae1          Code  Gb  U32ToDbl.o [4]
__aeabi_uldivmod        0x0800aed5          Code  Gb  I64DivMod.o [5]
__cmain                 0x080107b1          Code  Gb  cmain.o [5]
__data_GetMemChunk      0x0800f58d    0x2c  Code  Gb  xgetmemchunk.o [3]
__data_GetMemChunk::start
                        0x20005108     0x4  Data  Lc  xgetmemchunk.o [3]
__exit                  0x0800ff5d    0x14  Code  Gb  exit.o [6]
__iar_Fail_s            0x0800e8d9    0x1e  Code  Gb  xfail_s.o [3]
__iar_Mbcurmax          0x0800e9ad     0xa  Code  Gb  xmbcurmax.o [3]
__iar_Memchr            0x0800e955          Code  Gb  memchr.o [5]
__iar_Memset            0x0800c72d          Code  Gb  ABImemset.o [5]
__iar_Memset_word       0x0800c735          Code  Gb  ABImemset.o [5]
__iar_Sin32             0x08009c75   0x198  Code  Lc  cos_sin32.o [4]
__iar_Strchr            0x0800e8c1          Code  Gb  strchr.o [5]
__iar_acos32            0x08009ed1          Code  Gb  acosf.o [4]
__iar_asin32            0x08009e75          Code  Gb  asinf.o [4]
__iar_atan32            0x08009f35          Code  Gb  atanf.o [4]
__iar_cos32             0x08009e4d     0x4  Code  Gb  cos_sin32.o [4]
__iar_cos_medium32      0x08009e4d     0x4  Code  Gb  cos_sin32.o [4]
__iar_cos_mediumf       0x08009e4d     0x4  Code  Gb  cos_sin32.o [4]
__iar_dadd              0x0800a121          Code  Gb  DblSub.o [4]
__iar_data_init3        0x08010745    0x28  Code  Gb  data_init.o [5]
__iar_dlfree            0x0800e34b   0x4f6  Code  Gb  dlmalloc.o [3]
__iar_dlmalloc          0x0800e095   0x2b6  Code  Gb  dlmalloc.o [3]
__iar_dsub              0x08009b0d          Code  Gb  DblAdd.o [4]
__iar_dsubStart         0x08009b1f          Code  Gb  DblAdd.o [4]
__iar_frexp             0x0800e9c5          Code  Gb  frexp.o [4]
__iar_frexpl            0x0800e9c5          Code  Gb  frexp.o [4]
__iar_globLocale        0x2000045c    0x48  Data  Lc  xlocale_c.o [3]
__iar_global_Locale     0x0800e849     0x4  Code  Gb  xlocale_c.o [3]
__iar_init_vfp          0x0801076d          Code  Gb  fpinit_M.o [4]
__iar_ldexp64           0x0800ea89          Code  Gb  ldexp.o [4]
__iar_lz77_init_single3
                        0x080052f3    0x7a  Code  Gb  lz77_init_single.o [5]
__iar_program_start     0x080107f5          Code  Gb  cstartup_M.o [5]
__iar_scalbln64         0x0800ea89          Code  Gb  ldexp.o [4]
__iar_scalbn64          0x0800ea89          Code  Gb  ldexp.o [4]
__iar_sin32             0x08009e51     0x4  Code  Gb  cos_sin32.o [4]
__iar_sin_medium32      0x08009e51     0x4  Code  Gb  cos_sin32.o [4]
__iar_sin_mediumf       0x08009e51     0x4  Code  Gb  cos_sin32.o [4]
__iar_softfp___iar_frexp64
                        0x0800e9b9          Code  Gb  frexp.o [4]
__iar_softfp_frexp      0x0800e9b9          Code  Gb  frexp.o [4]
__iar_softfp_frexpl     0x0800e9b9          Code  Gb  frexp.o [4]
__iar_sqrt32            0x08009e55          Code  Gb  sqrtf.o [4]
__iar_systems$$module {Abs}
                        0x00000001          Data  Gb  command line/config [2]
__iar_xatanf            0x0800b251          Code  Gb  xatanf.o [4]
__iar_zero_init3        0x080106d9    0x40  Code  Gb  zero_init3.o [5]
__low_level_init        0x080107cf     0x4  Code  Gb  low_level_init.o [3]
__vector_table          0x08000000          Data  Gb  startup_stm32f429xx.o [1]
_call_main              0x080107bd          Code  Gb  cmain.o [5]
_exit                   0x080107d9          Code  Gb  cexit.o [5]
_gLocale_mblen          0x0800e8a9     0x4  Code  Gb  xlocale_c.o [3]
_gLocale_mblenInt       0x0800e871    0x34  Code  Gb  xlocale_c.o [3]
_gLocale_wctomb         0x0800e8ad     0x4  Code  Gb  xlocale_c.o [3]
_gLocale_wctombInt      0x0800e8a5     0x4  Code  Gb  xlocale_c.o [3]
_gm_                    0x200048d0   0x1d8  Data  Lc  dlmalloc.o [3]
_main                   0x080107cb          Code  Gb  cmain.o [5]
abort                   0x0800f585     0x6  Code  Gb  abort.o [3]
absfloat                0x0800377b    0x14  Code  Gb  main.o [1]
acosf                   0x08009ed1          Code  Gb  acosf.o [4]
add_segment             0x0800d731   0x1fc  Code  Lc  dlmalloc.o [3]
asinf                   0x08009e75          Code  Gb  asinf.o [4]
atanf                   0x08009f35          Code  Gb  atanf.o [4]
calculateForwardKinematics
                        0x080038eb    0x74  Code  Gb  main.o [1]
calculateInverseKinematics
                        0x08003969   0x104  Code  Gb  main.o [1]
calculateInverseKinematics3Axis
                        0x08003a85   0x130  Code  Gb  main.o [1]
calculateInverseKinematics3Axis::alpha
                        0x20005088     0x4  Data  Lc  main.o [1]
calculateInverseKinematics3Axis::beta
                        0x2000508c     0x4  Data  Lc  main.o [1]
calculateInverseKinematics3Axis::c
                        0x20005080     0x4  Data  Lc  main.o [1]
calculateInverseKinematics3Axis::delta
                        0x20005094     0x4  Data  Lc  main.o [1]
calculateInverseKinematics3Axis::epsilon
                        0x20005090     0x4  Data  Lc  main.o [1]
calculateInverseKinematics3Axis::gamma
                        0x20005084     0x4  Data  Lc  main.o [1]
calculateInverseKinematics3Axis::omega
                        0x20005098     0x4  Data  Lc  main.o [1]
calculateInverseKinematics3Axis::x_temp
                        0x20005074     0x4  Data  Lc  main.o [1]
calculateInverseKinematics3Axis::yPosRecalculated
                        0x2000507c     0x4  Data  Lc  main.o [1]
calculateInverseKinematics3Axis::y_temp
                        0x20005078     0x4  Data  Lc  main.o [1]
calculateInverseKinematics::alpha
                        0x20000058     0x4  Data  Lc  main.o [1]
calculateInverseKinematics::beta
                        0x2000005c     0x4  Data  Lc  main.o [1]
calculateInverseKinematics::c
                        0x20000050     0x4  Data  Lc  main.o [1]
calculateInverseKinematics::delta
                        0x20000064     0x4  Data  Lc  main.o [1]
calculateInverseKinematics::epsilon
                        0x20000060     0x4  Data  Lc  main.o [1]
calculateInverseKinematics::gamma
                        0x20000054     0x4  Data  Lc  main.o [1]
calculateInverseKinematics::omega
                        0x20000068     0x4  Data  Lc  main.o [1]
calculateInverseKinematics::x_temp
                        0x20000048     0x4  Data  Lc  main.o [1]
calculateInverseKinematics::y_temp
                        0x2000004c     0x4  Data  Lc  main.o [1]
calculatedAngles        0x20000038     0x8  Data  Gb  main.o [1]
calculatedAngles3Axis   0x20005068     0xc  Data  Gb  main.o [1]
commTaskHandle          0x20004d54     0x4  Data  Gb  main.o [1]
controlTaskHandle       0x20004d5c     0x4  Data  Gb  main.o [1]
coordinates             0x200050e8     0x8  Data  Gb  main.o [1]
cosf                    0x08009e4d     0x4  Code  Gb  cos_sin32.o [4]
cycleRepeat             0x2000011c     0x4  Data  Lc  main.o [1]
dc2deg                  0x080037f9    0x16  Code  Gb  main.o [1]
dc2turnDeg              0x0800389f    0x28  Code  Gb  main.o [1]
defaultTaskHandle       0x20004d50     0x4  Data  Gb  main.o [1]
deg2dc                  0x080037e1    0x16  Code  Gb  main.o [1]
deg2rad                 0x0800378f    0x2a  Code  Gb  main.o [1]
dutyCycle2DegFactor     0x2000009c     0x4  Data  Lc  main.o [1]
exit                    0x080107d3     0x4  Code  Gb  exit.o [3]
free                    0x0800e845     0x4  Code  Gb  heaptramp0.o [3]
graphicsEna             0x20000098     0x4  Data  Lc  main.o [1]
gripRotate2dc           0x08003867    0x38  Code  Gb  main.o [1]
hUsbDeviceHS            0x200044ac   0x224  Data  Gb  usb_device.o [1]
hadc1                   0x20004e78    0x48  Data  Gb  main.o [1]
hcrc                    0x200050e0     0x8  Data  Gb  main.o [1]
hdma2d                  0x20004ec0    0x40  Data  Gb  main.o [1]
hdma_adc1               0x20004d6c    0x60  Data  Gb  main.o [1]
hi2c3                   0x20004e24    0x54  Data  Gb  main.o [1]
hltdc                   0x20004aa8    0xa8  Data  Gb  main.o [1]
horLinkAngle            0x2000008c     0x4  Data  Lc  main.o [1]
horLinkLength           0x20000040     0x4  Data  Lc  main.o [1]
horLinkPoints           0x2000007c    0x10  Data  Gb  main.o [1]
hpcd_USB_OTG_HS         0x200040bc   0x3f0  Data  Gb  usbd_conf.o [1]
hrng                    0x200050d4     0xc  Data  Gb  main.o [1]
hsdram1                 0x20005034    0x34  Data  Gb  main.o [1]
hspi5                   0x20004dcc    0x58  Data  Gb  main.o [1]
htim2                   0x20004cfc    0x3c  Data  Gb  main.o [1]
htim3                   0x20004f80    0x3c  Data  Gb  main.o [1]
htim4                   0x20004fbc    0x3c  Data  Gb  main.o [1]
htim6                   0x20004ff8    0x3c  Data  Gb  stm32f4xx_hal_timebase_TIM.o [1]
huart5                  0x20004f00    0x40  Data  Gb  main.o [1]
ili9341_DisplayOff      0x080104ff     0x2  Code  Gb  ili9341.o [1]
ili9341_DisplayOn       0x080104fb     0x4  Code  Gb  ili9341.o [1]
ili9341_GetLcdPixelHeight
                        0x08010511     0x6  Code  Gb  ili9341.o [1]
ili9341_GetLcdPixelWidth
                        0x0801050d     0x4  Code  Gb  ili9341.o [1]
ili9341_Init            0x08010259   0x290  Code  Gb  ili9341.o [1]
ili9341_ReadData        0x08010509     0x4  Code  Gb  ili9341.o [1]
ili9341_ReadID          0x080104e9    0x12  Code  Gb  ili9341.o [1]
ili9341_WriteData       0x08010505     0x4  Code  Gb  ili9341.o [1]
ili9341_WriteReg        0x08010501     0x4  Code  Gb  ili9341.o [1]
ili9341_drv             0x20000000    0x38  Data  Gb  ili9341.o [1]
init_mparams            0x0800d38b    0x32  Code  Lc  dlmalloc.o [3]
init_top                0x0800d3bd    0x32  Code  Lc  dlmalloc.o [3]
ldexp                   0x0800ea89          Code  Gb  ldexp.o [4]
ldexpl                  0x0800ea89          Code  Gb  ldexp.o [4]
localeconv              0x0800e8b1     0x4  Code  Gb  xlocale_c.o [3]
main                    0x08002cd5   0x1c4  Code  Gb  main.o [1]
makeFreeRtosPriority    0x08006941     0xe  Code  Lc  cmsis_os.o [1]
memchr                  0x0800e955          Code  Gb  memchr.o [5]
mode                    0x20000118     0x4  Data  Lc  main.o [1]
mparams                 0x2000509c    0x18  Data  Lc  dlmalloc.o [3]
oldGraphicsTaskHandle   0x20004d68     0x4  Data  Gb  main.o [1]
osDelay                 0x08006987    0x10  Code  Gb  cmsis_os.o [1]
osKernelStart           0x0800694f     0xa  Code  Gb  cmsis_os.o [1]
osSystickHandler        0x08006997    0x14  Code  Gb  cmsis_os.o [1]
osThreadCreate          0x08006959    0x2e  Code  Gb  cmsis_os.o [1]
prepend_alloc           0x0800d3ef   0x342  Code  Lc  dlmalloc.o [3]
prvAddCurrentTaskToDelayedList
                        0x0800ac9d    0x68  Code  Lc  tasks.o [1]
prvAddNewTaskToReadyList
                        0x0800a863    0x84  Code  Lc  tasks.o [1]
prvCheckTasksWaitingTermination
                        0x0800abfb    0x46  Code  Lc  tasks.o [1]
prvDeleteTCB            0x0800ac41    0x14  Code  Lc  tasks.o [1]
prvHeapInit             0x0800c945    0x4e  Code  Lc  heap_4.o [1]
prvIdleTask             0x0800ab8d    0x20  Code  Lc  tasks.o [1]
prvInitialiseNewTask    0x0800a7bf    0xa4  Code  Lc  tasks.o [1]
prvInitialiseTaskLists  0x0800abad    0x4e  Code  Lc  tasks.o [1]
prvInsertBlockIntoFreeList
                        0x0800c993    0x4e  Code  Lc  heap_4.o [1]
prvResetNextTaskUnblockTime
                        0x0800ac55    0x1e  Code  Lc  tasks.o [1]
prvTaskExitError        0x0800ad3d    0x28  Code  Lc  port.o [1]
pvPortMalloc            0x0800c805    0xdc  Code  Gb  heap_4.o [1]
pxCurrentTCB            0x20004b78     0x4  Data  Gb  tasks.o [1]
pxDelayedTaskList       0x20004b7c     0x4  Data  Lc  tasks.o [1]
pxEnd                   0x200004ac     0x4  Data  Lc  heap_4.o [1]
pxOverflowDelayedTaskList
                        0x20004b80     0x4  Data  Lc  tasks.o [1]
pxPortInitialiseStack   0x0800ad15    0x28  Code  Gb  port.o [1]
pxReadyTasksLists       0x20004bf0    0x8c  Data  Lc  tasks.o [1]
rad2deg                 0x080037b9    0x28  Code  Gb  main.o [1]
receiveState            0x20000148     0x1  Data  Gb  main.o [1]
receivedGrip2dc         0x080038c7    0x24  Code  Gb  main.o [1]
receivedTurn2dc         0x0800380f    0x24  Code  Gb  main.o [1]
rxBuf                   0x20000134    0x14  Data  Gb  main.o [1]
saturateFloat           0x08003753    0x28  Code  Gb  main.o [1]
scalbln                 0x0800ea89          Code  Gb  ldexp.o [4]
scalblnl                0x0800ea89          Code  Gb  ldexp.o [4]
scalbn                  0x0800ea89          Code  Gb  ldexp.o [4]
scalbnl                 0x0800ea89          Code  Gb  ldexp.o [4]
scale                   0x0800bfbb    0x46  Code  Lc  xprintffull.o [3]
sec_hand                0x20005104     0x4  Data  Lc  xfail_s.o [3]
segment_holding         0x0800d36d    0x1e  Code  Lc  dlmalloc.o [3]
sensorTaskHandle        0x20004d58     0x4  Data  Gb  main.o [1]
servo1CurrPos           0x200000c8     0x4  Data  Lc  main.o [1]
servo1Max               0x200000f0     0x4  Data  Lc  main.o [1]
servo1Min               0x200000dc     0x4  Data  Lc  main.o [1]
servo1NewPos            0x200000b4     0x4  Data  Lc  main.o [1]
servo1NewPosRef         0x200000a0     0x4  Data  Lc  main.o [1]
servo1StepSize          0x20000104     0x4  Data  Lc  main.o [1]
servo2CurrPos           0x200000cc     0x4  Data  Lc  main.o [1]
servo2Max               0x200000f4     0x4  Data  Lc  main.o [1]
servo2Min               0x200000e0     0x4  Data  Lc  main.o [1]
servo2NewPos            0x200000b8     0x4  Data  Lc  main.o [1]
servo2NewPosRef         0x200000a4     0x4  Data  Lc  main.o [1]
servo2StepSize          0x20000108     0x4  Data  Lc  main.o [1]
servo3CurrPos           0x200000d0     0x4  Data  Lc  main.o [1]
servo3Max               0x200000f8     0x4  Data  Lc  main.o [1]
servo3Min               0x200000e4     0x4  Data  Lc  main.o [1]
servo3NewPos            0x200000bc     0x4  Data  Lc  main.o [1]
servo3NewPosRef         0x200000a8     0x4  Data  Lc  main.o [1]
servo3StepSize          0x2000010c     0x4  Data  Lc  main.o [1]
servo4CurrPos           0x200000d4     0x4  Data  Lc  main.o [1]
servo4Max               0x200000fc     0x4  Data  Lc  main.o [1]
servo4Min               0x200000e8     0x4  Data  Lc  main.o [1]
servo4NewPos            0x200000c0     0x4  Data  Lc  main.o [1]
servo4NewPosRef         0x200000ac     0x4  Data  Lc  main.o [1]
servo4StepSize          0x20000110     0x4  Data  Lc  main.o [1]
servo5CurrPos           0x200000d8     0x4  Data  Lc  main.o [1]
servo5Max               0x20000100     0x4  Data  Lc  main.o [1]
servo5Min               0x200000ec     0x4  Data  Lc  main.o [1]
servo5NewPos            0x200000c4     0x4  Data  Lc  main.o [1]
servo5NewPosRef         0x200000b0     0x4  Data  Lc  main.o [1]
servo5StepSize          0x20000114     0x4  Data  Lc  main.o [1]
servoRampTaskHandle     0x20004d60     0x4  Data  Gb  main.o [1]
sinf                    0x08009e51     0x4  Code  Gb  cos_sin32.o [4]
sprintf                 0x08009fb5    0x40  Code  Gb  sprintf.o [3]
sqrtf                   0x08009e55          Code  Gb  sqrtf.o [4]
stmpe811                0x2000510c     0x2  Data  Gb  stmpe811.o [1]
stmpe811_ClearGlobalIT  0x0801007d     0xa  Code  Gb  stmpe811.o [1]
stmpe811_DisableGlobalIT
                        0x08010009    0x20  Code  Gb  stmpe811.o [1]
stmpe811_DisableITSource
                        0x08010049    0x22  Code  Gb  stmpe811.o [1]
stmpe811_EnableGlobalIT
                        0x0800ffe9    0x20  Code  Gb  stmpe811.o [1]
stmpe811_EnableITSource
                        0x08010029    0x20  Code  Gb  stmpe811.o [1]
stmpe811_GetInstance    0x08010231    0x20  Code  Lc  stmpe811.o [1]
stmpe811_IO_EnableAF    0x08010087    0x22  Code  Gb  stmpe811.o [1]
stmpe811_Init           0x0800ff71    0x2a  Code  Gb  stmpe811.o [1]
stmpe811_ReadGITStatus  0x0801006b    0x12  Code  Gb  stmpe811.o [1]
stmpe811_ReadID         0x0800ffc5    0x24  Code  Gb  stmpe811.o [1]
stmpe811_Reset          0x0800ff9b    0x2a  Code  Gb  stmpe811.o [1]
stmpe811_TS_ClearIT     0x0801022d     0x4  Code  Gb  stmpe811.o [1]
stmpe811_TS_DetectTouch
                        0x08010167    0x40  Code  Gb  stmpe811.o [1]
stmpe811_TS_DisableIT   0x08010217    0x12  Code  Gb  stmpe811.o [1]
stmpe811_TS_EnableIT    0x080101ff    0x18  Code  Gb  stmpe811.o [1]
stmpe811_TS_GetXY       0x080101a7    0x58  Code  Gb  stmpe811.o [1]
stmpe811_TS_ITStatus    0x08010229     0x4  Code  Gb  stmpe811.o [1]
stmpe811_TS_Start       0x080100a9    0xbe  Code  Gb  stmpe811.o [1]
stmpe811_ts_drv         0x200002a4    0x28  Data  Gb  stmpe811.o [1]
strchr                  0x0800e8c1          Code  Gb  strchr.o [5]
strlen                  0x0800e91d          Code  Gb  strlen.o [5]
strncpy                 0x0800c795          Code  Gb  strncpy.o [5]
sys_alloc               0x0800d933   0x160  Code  Lc  dlmalloc.o [3]
sys_trim                0x0800da93    0x66  Code  Lc  dlmalloc.o [3]
tempbuf                 0x200050f8     0x8  Data  Gb  usbd_cdc_if.o [1]
tmalloc_large           0x0800db05   0x384  Code  Lc  dlmalloc.o [3]
tmalloc_small           0x0800de89   0x1fe  Code  Lc  dlmalloc.o [3]
tsTaskHandle            0x20004d64     0x4  Data  Gb  main.o [1]
turnAngle               0x20000094     0x4  Data  Lc  main.o [1]
txBuf                   0x20000174    0x20  Data  Gb  main.o [1]
ucHeap                  0x200004bc  0x3c00  Data  Lc  heap_4.o [1]
ucMaxSysCallPriority    0x20000194     0x1  Data  Lc  port.o [1]
ulMaxPRIGROUPValue      0x2000019c     0x4  Data  Lc  port.o [1]
uwTick                  0x2000029c     0x4  Data  Gb  stm32f4xx_hal.o [1]
uwTickFreq              0x20000298     0x1  Data  Gb  stm32f4xx_hal.o [1]
uwTickPrio              0x200002a0     0x4  Data  Gb  stm32f4xx_hal.o [1]
uxCriticalNesting       0x20000198     0x4  Data  Lc  port.o [1]
uxCurrentNumberOfTasks  0x20004b9c     0x4  Data  Lc  tasks.o [1]
uxDeletedTasksWaitingCleanUp
                        0x20004b84     0x4  Data  Lc  tasks.o [1]
uxListRemove            0x0800ca55    0x24  Code  Gb  list.o [1]
uxPendedTicks           0x20004bac     0x4  Data  Lc  tasks.o [1]
uxSchedulerSuspended    0x20004bc0     0x4  Data  Lc  tasks.o [1]
uxTaskNumber            0x20004bb8     0x4  Data  Lc  tasks.o [1]
uxTopReadyPriority      0x20004ba4     0x4  Data  Lc  tasks.o [1]
vListInitialise         0x0800c9e9    0x1a  Code  Gb  list.o [1]
vListInitialiseItem     0x0800ca03     0x6  Code  Gb  list.o [1]
vListInsert             0x0800ca21    0x34  Code  Gb  list.o [1]
vListInsertEnd          0x0800ca09    0x18  Code  Gb  list.o [1]
vPortEnableVFP          0x0800cb05          Code  Gb  portasm.o [1]
vPortEnterCritical      0x0800ae0d    0x32  Code  Gb  port.o [1]
vPortExitCritical       0x0800ae3f    0x26  Code  Gb  port.o [1]
vPortFree               0x0800c8e1    0x64  Code  Gb  heap_4.o [1]
vPortStartFirstTask     0x0800caed          Code  Gb  portasm.o [1]
vTaskDelay              0x0800a8e7    0x4c  Code  Gb  tasks.o [1]
vTaskStartScheduler     0x0800a933    0x60  Code  Gb  tasks.o [1]
vTaskSuspendAll         0x0800a993     0xc  Code  Gb  tasks.o [1]
vTaskSwitchContext      0x0800ab2d    0x5e  Code  Gb  tasks.o [1]
val                     0x20004d44     0xc  Data  Lc  main.o [1]
verLinkAngle            0x20000090     0x4  Data  Lc  main.o [1]
verLinkLength           0x20000044     0x4  Data  Lc  main.o [1]
verLinkPoints           0x2000006c    0x10  Data  Gb  main.o [1]
xBlockAllocatedBit      0x200004b8     0x4  Data  Lc  heap_4.o [1]
xDelayedTaskList1       0x20004bc4    0x14  Data  Lc  tasks.o [1]
xDelayedTaskList2       0x20004bd8    0x14  Data  Lc  tasks.o [1]
xFreeBytesRemaining     0x200004b0     0x4  Data  Lc  heap_4.o [1]
xIdleTaskHandle         0x20004bec     0x4  Data  Lc  tasks.o [1]
xMinimumEverFreeBytesRemaining
                        0x200004b4     0x4  Data  Lc  heap_4.o [1]
xNextTaskUnblockTime    0x20004bbc     0x4  Data  Lc  tasks.o [1]
xNumOfOverflows         0x20004bb4     0x4  Data  Lc  tasks.o [1]
xPendingReadyList       0x20004b50    0x14  Data  Lc  tasks.o [1]
xPortStartScheduler     0x0800ad65    0xa8  Code  Gb  port.o [1]
xPortSysTickHandler     0x0800ae65    0x28  Code  Gb  port.o [1]
xRotate2dc              0x08003833    0x34  Code  Gb  main.o [1]
xSchedulerRunning       0x20004ba8     0x4  Data  Lc  tasks.o [1]
xStart                  0x200004a4     0x8  Data  Lc  heap_4.o [1]
xSuspendedTaskList      0x20004b88    0x14  Data  Lc  tasks.o [1]
xTaskCreate             0x0800a75d    0x62  Code  Gb  tasks.o [1]
xTaskGetSchedulerState  0x0800ac73    0x1c  Code  Gb  tasks.o [1]
xTaskIncrementTick      0x0800aa5f    0xce  Code  Gb  tasks.o [1]
xTaskResumeAll          0x0800a99f    0xc0  Code  Gb  tasks.o [1]
xTasksWaitingTermination
                        0x20004b64    0x14  Data  Lc  tasks.o [1]
xTickCount              0x20004ba0     0x4  Data  Lc  tasks.o [1]
xYieldPending           0x20004bb0     0x4  Data  Lc  tasks.o [1]


[1] = C:\GIT\RobotArm2k17\STM32F4\RobotArm\EWARM\RobotArm\Obj
[2] = command line
[3] = dl7M_tlf.a
[4] = m7M_tls.a
[5] = rt7M_tl.a
[6] = shb_l.a

  56 810 bytes of readonly  code memory
  11 622 bytes of readonly  data memory
  26 385 bytes of readwrite data memory

Errors: none
Warnings: none
